# S5-a photos_cleanup 全链轮 2  @ 2026-09-25T01:20:16+08:00  serial=emulator-5554
09-24 17:21:41.526  4190  4190 I AnytouchRun: S1SMOKE ok=9 total=9 stopped=false stop=-
# 磁盘终判 .trashed 残留=0 种子残留=0
--------- beginning of main
09-24 17:20:22.631  4190  4190 I AnytouchRun: S2SMOKE event-meta viewScrolled evt=android.support.v7.widget.RecyclerView/null/null src=android.widget.GridView/null/null id=com.google.android.apps.photos:id/recycler_view
09-24 17:20:22.657  4190  4190 W AnytouchRun: S2SMOKE capture note: viewScrolled 无位移证据 pkg=com.google.android.apps.photos id=com.google.android.apps.photos:id/recycler_view delta=0x0 pos=0x0 max=0x0（布局重排，不成步）
09-24 17:20:28.843  4190  4190 W AnytouchRun: S2SMOKE record abandoned by service lifecycle, 已录事件保留可编译（不静默蒸发）
09-24 17:20:29.862  4190  4190 W AnytouchRun: S2SMOKE record rebound: 服务重连后续采（掉线窗口内的事件已漏，见服务生命周期日志）
09-24 17:20:34.637  4190  4190 W AnytouchRun: S2SMOKE record abandoned by service lifecycle, 已录事件保留可编译（不静默蒸发）
09-24 17:20:35.684  4190  4190 W AnytouchRun: S2SMOKE record rebound: 服务重连后续采（掉线窗口内的事件已漏，见服务生命周期日志）
09-24 17:20:37.388  4190  4190 I AnytouchRun: S2SMOKE event-meta viewClicked evt=android.widget.ImageView/Delete/Delete src=android.widget.ImageView/null/Delete id=com.google.android.apps.photos:id/trash
09-24 17:20:39.543  4190  4190 W AnytouchRun: S2SMOKE record abandoned by service lifecycle, 已录事件保留可编译（不静默蒸发）
09-24 17:20:40.655  4190  4190 W AnytouchRun: S2SMOKE record rebound: 服务重连后续采（掉线窗口内的事件已漏，见服务生命周期日志）
09-24 17:20:42.026  4190  4190 W AnytouchRun: S2SMOKE record abandoned by service lifecycle, 已录事件保留可编译（不静默蒸发）
09-24 17:20:43.131  4190  4190 W AnytouchRun: S2SMOKE record rebound: 服务重连后续采（掉线窗口内的事件已漏，见服务生命周期日志）
09-24 17:20:47.755  4190  4190 W AnytouchRun: S2SMOKE record abandoned by service lifecycle, 已录事件保留可编译（不静默蒸发）
09-24 17:20:48.875  4190  4190 W AnytouchRun: S2SMOKE record rebound: 服务重连后续采（掉线窗口内的事件已漏，见服务生命周期日志）
09-24 17:20:50.410  4190  4190 I AnytouchRun: S2SMOKE event-meta viewScrolled evt=android.support.v7.widget.RecyclerView/null/null src=android.widget.GridView/null/null id=com.google.android.apps.photos:id/recycler_view
09-24 17:20:50.418  4190  4190 W AnytouchRun: S2SMOKE capture note: viewScrolled 无位移证据 pkg=com.google.android.apps.photos id=com.google.android.apps.photos:id/recycler_view delta=0x0 pos=0x0 max=0x0（布局重排，不成步）
09-24 17:20:52.411  4190  4190 W AnytouchRun: S2SMOKE record abandoned by service lifecycle, 已录事件保留可编译（不静默蒸发）
09-24 17:20:53.458  4190  4190 W AnytouchRun: S2SMOKE record rebound: 服务重连后续采（掉线窗口内的事件已漏，见服务生命周期日志）
09-24 17:20:58.033  4190  4190 W AnytouchRun: S2SMOKE record abandoned by service lifecycle, 已录事件保留可编译（不静默蒸发）
09-24 17:20:59.095  4190  4190 W AnytouchRun: S2SMOKE record rebound: 服务重连后续采（掉线窗口内的事件已漏，见服务生命周期日志）
09-24 17:21:01.184  4190  4190 I AnytouchRun: S2SMOKE event-meta viewClicked evt=android.widget.ImageView/Delete/Delete src=android.widget.ImageView/null/Delete id=com.google.android.apps.photos:id/trash
09-24 17:21:01.440  4190  4190 I AnytouchRun: S2SMOKE path by unique content(严档/句柄子树): [0, 0, 0, 0, 0, 0, 0, 0, 7, 0, 0, 3, 0] 窗口节点=18 cls=android.widget.ImageView texts=[]
09-24 17:21:02.942  4190  4190 W AnytouchRun: S2SMOKE record abandoned by service lifecycle, 已录事件保留可编译（不静默蒸发）
09-24 17:21:04.013  4190  4190 W AnytouchRun: S2SMOKE record rebound: 服务重连后续采（掉线窗口内的事件已漏，见服务生命周期日志）
09-24 17:21:05.407  4190  4190 W AnytouchRun: S2SMOKE record abandoned by service lifecycle, 已录事件保留可编译（不静默蒸发）
09-24 17:21:06.559  4190  4190 W AnytouchRun: S2SMOKE record rebound: 服务重连后续采（掉线窗口内的事件已漏，见服务生命周期日志）
09-24 17:21:11.230  4190  4190 W AnytouchRun: S2SMOKE record abandoned by service lifecycle, 已录事件保留可编译（不静默蒸发）
09-24 17:21:12.298  4190  4190 W AnytouchRun: S2SMOKE record rebound: 服务重连后续采（掉线窗口内的事件已漏，见服务生命周期日志）
09-24 17:21:15.839  4190  4190 W AnytouchRun: S2SMOKE record abandoned by service lifecycle, 已录事件保留可编译（不静默蒸发）
09-24 17:21:16.896  4190  4190 W AnytouchRun: S2SMOKE record rebound: 服务重连后续采（掉线窗口内的事件已漏，见服务生命周期日志）
09-24 17:21:18.382  4190  4190 I AnytouchRun: S3SMOKE model ledger written origin=template steps=9 replaced=9
09-24 17:21:18.382  4190  4190 I AnytouchRun: S3SMOKE-MODEL-STEP index=0 type=click value={"content_desc":"Show Navigation Drawer"}
09-24 17:21:18.382  4190  4190 I AnytouchRun: S3SMOKE-MODEL-STEP index=1 type=wait value={"ms":800}
09-24 17:21:18.396  4190  4190 I AnytouchRun: S3SMOKE-MODEL-STEP index=2 type=click value={"text":"Trash"}
09-24 17:21:18.399  4190  4190 I AnytouchRun: S3SMOKE-MODEL-STEP index=3 type=wait value={"ms":1500}
09-24 17:21:18.404  4190  4190 I AnytouchRun: S3SMOKE-MODEL-STEP index=4 type=click value={"content_desc":"More options"}
09-24 17:21:18.404  4190  4190 I AnytouchRun: S3SMOKE-MODEL-STEP index=5 type=wait value={"ms":800}
09-24 17:21:18.404  4190  4190 I AnytouchRun: S3SMOKE-MODEL-STEP index=6 type=click value={"text":"Empty trash"}
09-24 17:21:18.404  4190  4190 I AnytouchRun: S3SMOKE-MODEL-STEP index=7 type=wait value={"ms":800}
09-24 17:21:18.406  4190  4190 I AnytouchRun: S3SMOKE-MODEL-STEP index=8 type=click value={"resource_id":"com.google.android.apps.photos:id/confirmation_button"}
09-24 17:21:18.406  4190  4190 I AnytouchRun: S3SMOKE-TASK [{"action_id":"open_drawer","type":"click","target":null,"value":{"content_desc":"Show Navigation Drawer"},"source":"node","safety":{"viewport_ok":true,"click_enabled":true,"requires_transition":false}},{"action_id":"pause_drawer","type":"wait","target":null,"value":{"ms":800},"source":"node","safety":{"viewport_ok":true,"click_enabled":false,"requires_transition":false}},{"action_id":"open_trash","type":"click","target":null,"value":{"text":"Trash"},"source":"node","safety":{"viewport_ok":true,"click_enabled":true,"requires_transition":false}},{"action_id":"pause_trash","type":"wait","target":null,"value":{"ms":1500},"source":"node","safety":{"viewport_ok":true,"click_enabled":false,"requires_transition":false}},{"action_id":"trash_overflow","type":"click","target":null,"value":{"content_desc":"More options"},"source":"node","safety":{"viewport_ok":true,"click_enabled":true,"requires_transition":false}},{"action_id":"pause_menu","type":"wait","target":null,"value":{"ms":800},"source":"node","safety":{"viewport_ok":true,"click_enabled":false,"requires_transition":false}},{"action_id":"tap_empty_trash","type":"click","target":null,"value":{"text":"Empty trash"},"source":"node","safety":{"viewport_ok":true,"click_enabled":true,"requires_transition":false}},{"action_id":"pause_confirm","type":"wait","target":null,"value":{"ms":800},"source":"node","safety":{"viewport_ok":true,"click_enabled":false,"requires_transition":false}},{"action_id":"tap_delete_permanently","type":"click","target":null,"value":{"resource_id":"com.google.android.apps.photos:id/confirmation_button"},"source":"node","safety":{"viewport_ok":true,"click_enabled":true,"requires_transition":false}}]
09-24 17:21:18.406  4190  4190 I AnytouchRun: S5SMOKE template load ok id=photos_cleanup via=adb_inject steps=9 replaced=9 verification=STRUCTURAL_ONLY
09-24 17:21:24.731  4190  4190 I AnytouchRun: S2SMOKE event-meta viewScrolled evt=android.support.v7.widget.RecyclerView/null/null src=android.widget.GridView/null/null id=com.google.android.apps.photos:id/recycler_view
09-24 17:21:24.769  4190  4190 W AnytouchRun: S2SMOKE capture note: viewScrolled 无位移证据 pkg=com.google.android.apps.photos id=com.google.android.apps.photos:id/recycler_view delta=0x0 pos=0x0 max=0x0（布局重排，不成步）
09-24 17:21:30.559  4190  4190 W AnytouchRun: S2SMOKE record abandoned by service lifecycle, 已录事件保留可编译（不静默蒸发）
09-24 17:21:31.616  4190  4190 W AnytouchRun: S2SMOKE record rebound: 服务重连后续采（掉线窗口内的事件已漏，见服务生命周期日志）
09-24 17:21:34.039  4190  4190 I AnytouchRun: S2SMOKE event-meta viewClicked evt=android.widget.ImageButton/Show Navigation Drawer/Show Navigation Drawer src=android.widget.ImageButton/null/Hide Navigation Drawer id=null
09-24 17:21:34.515  4190  4190 I AnytouchRun: S2SMOKE event-meta viewScrolled evt=android.support.v7.widget.RecyclerView/null/null src=android.support.v7.widget.RecyclerView/null/null id=com.google.android.apps.photos:id/navigation_items
09-24 17:21:34.627  4190  4190 W AnytouchRun: S2SMOKE capture note: viewScrolled 无位移证据 pkg=com.google.android.apps.photos id=com.google.android.apps.photos:id/navigation_items delta=0x0 pos=0x0 max=0x0（布局重排，不成步）
09-24 17:21:35.503  4190  4190 I AnytouchRun: S2SMOKE event-meta viewClicked evt=android.widget.LinearLayout/Trash/null src=android.widget.LinearLayout/null/null id=null
09-24 17:21:35.719  4190  4190 I AnytouchRun: S2SMOKE content no-match(严档 kids=2/句柄子树): want=[Trash] 同cls节点=2 roots=1 near=[0] kids=1 texts=([], []) || [0, 0, 0, 0, 0, 1, 0, 1] kids=2 texts=([Select, Trash], [More options, Navigate up])
09-24 17:21:35.721  4190  4190 I AnytouchRun: S2SMOKE content no-match(宽档/句柄子树): want=[Trash] 同cls节点=2 roots=1 near=[0] kids=1 texts=([], []) || [0, 0, 0, 0, 0, 1, 0, 1] kids=2 texts=([Select, Trash], [More options, Navigate up])
09-24 17:21:35.723  4190  4190 I AnytouchRun: S2SMOKE content no-match(严档 kids=2/事件拷贝): want=[Trash] 同cls节点=2 roots=1 near=[0] kids=1 texts=([], []) || [0, 0, 0, 0, 0, 1, 0, 1] kids=2 texts=([Select, Trash], [More options, Navigate up])
09-24 17:21:35.735  4190  4190 I AnytouchRun: S2SMOKE content no-match(宽档/事件拷贝): want=[Trash] 同cls节点=2 roots=1 near=[0] kids=1 texts=([], []) || [0, 0, 0, 0, 0, 1, 0, 1] kids=2 texts=([Select, Trash], [More options, Navigate up])
09-24 17:21:35.763  4190  4190 W AnytouchRun: S2SMOKE path unprovable: src=android.widget.LinearLayout(null,null)kids=2pkg=com.google.android.apps.photostext=null evt=android.widget.LinearLayout/[Trash]/null walkDepth=10 roots=android.widget.FrameLayout(null,null)kids=2pkg=com.google.android.apps.photostext=null
09-24 17:21:35.814  4190  4190 I AnytouchRun: S2SMOKE path=chain-unanchored(仅作去抖/折叠键，回放定位走线索): [0, 0, 0, 0, 0, 1, 0, 0, 1, 1] id=null text=Trash desc=null
09-24 17:21:36.026  4190  4190 I AnytouchRun: S2SMOKE event-meta viewScrolled evt=android.support.v7.widget.RecyclerView/null/null src=android.support.v7.widget.RecyclerView/null/null id=com.google.android.apps.photos:id/recycler_view
09-24 17:21:36.064  4190  4190 W AnytouchRun: S2SMOKE capture note: viewScrolled 无位移证据 pkg=com.google.android.apps.photos id=com.google.android.apps.photos:id/recycler_view delta=0x0 pos=0x0 max=0x0（布局重排，不成步）
09-24 17:21:37.507  4190  4190 I AnytouchRun: S2SMOKE event-meta viewClicked evt=android.widget.FrameLayout/More options/null src=android.widget.FrameLayout/null/null id=com.google.android.apps.photos:id/action_bar_overflow
09-24 17:21:37.527  4190  4190 I AnytouchRun: S2SMOKE content no-match(严档 kids=1/句柄子树): want=[] 同cls节点=2 roots=1 near=[] kids=1 texts=([Empty trash], []) || [0] kids=1 texts=([Empty trash], [])
09-24 17:21:37.527  4190  4190 I AnytouchRun: S2SMOKE content no-match(宽档/句柄子树): want=[] 同cls节点=2 roots=1 near=[] kids=1 texts=([Empty trash], []) || [0] kids=1 texts=([Empty trash], [])
09-24 17:21:37.528  4190  4190 I AnytouchRun: S2SMOKE content no-match(严档 kids=1/事件拷贝): want=[More options] 同cls节点=2 roots=1 near=[] kids=1 texts=([Empty trash], []) || [0] kids=1 texts=([Empty trash], [])
09-24 17:21:37.528  4190  4190 I AnytouchRun: S2SMOKE content no-match(宽档/事件拷贝): want=[More options] 同cls节点=2 roots=1 near=[] kids=1 texts=([Empty trash], []) || [0] kids=1 texts=([Empty trash], [])
09-24 17:21:37.530  4190  4190 W AnytouchRun: S2SMOKE path unprovable: src=android.widget.FrameLayout(7792,null)kids=1pkg=com.google.android.apps.photostext=null evt=android.widget.FrameLayout/[More options]/null walkDepth=11 roots=android.widget.FrameLayout(7793,null)kids=1pkg=com.google.android.apps.photostext=null
09-24 17:21:37.536  4190  4190 I AnytouchRun: S2SMOKE path=chain-unanchored(仅作去抖/折叠键，回放定位走线索): [0, 0, 0, 0, 0, 1, 0, 1, 1, 2, 1] id=com.google.android.apps.photos:id/action_bar_overflow text=null desc=More options
09-24 17:21:37.670  4190  4190 I AnytouchRun: S2SMOKE event-meta viewScrolled evt=android.widget.ListView/null/null src=android.widget.ListView/null/null id=null
09-24 17:21:37.670  4190  4190 W AnytouchRun: S2SMOKE capture note: viewScrolled 无位移证据 pkg=com.google.android.apps.photos id=null delta=0x0 pos=0x0 max=0x0（布局重排，不成步）
09-24 17:21:41.526  4190  4190 I AnytouchRun: S1SMOKE ok=9 total=9 stopped=false stop=-
09-24 17:21:42.576  4190  4190 I AnytouchRun: S2SMOKE event-meta viewScrolled evt=android.support.v7.widget.RecyclerView/null/null src=android.support.v7.widget.RecyclerView/null/null id=com.google.android.apps.photos:id/recycler_view
09-24 17:21:42.636  4190  4190 W AnytouchRun: S2SMOKE capture note: viewScrolled 无位移证据 pkg=com.google.android.apps.photos id=com.google.android.apps.photos:id/recycler_view delta=0x0 pos=0x0 max=0x0（布局重排，不成步）
