# S5-a photos_cleanup 全链轮 4  @ 2026-09-25T09:59:18+08:00  serial=emulator-5554
# 面板在场截图=evidence/S5/raw/s5a-panel-round4-100047.png 焦点=
no-two-button-band-found
# 按屏定位失败，退死坐标 (702,1294) 试投
# 首次点击未落，补点一次以走完本轮链（事实已记红，不洗）
# 回执等待 4s（host=10:01:03 device=02:01:01）
09-25 02:01:00.087  2110  2110 I AnytouchRun: S1SMOKE ok=8 total=9 stopped=true stop="DELETE:delete"
# 磁盘终判 第 1 读 @02:01:16 .trashed 残留=2 种子残留=0
# 磁盘终判 第 2 读 @02:01:25 .trashed 残留=2 种子残留=0
# 磁盘终判 第 3 读 @02:01:33 .trashed 残留=2 种子残留=0
--------- beginning of main
09-25 02:00:23.294  2110  2110 I AnytouchRun: S3SMOKE model ledger written origin=template steps=9 replaced=9
09-25 02:00:23.295  2110  2110 I AnytouchRun: S3SMOKE-MODEL-STEP index=0 type=click value={"content_desc":"Show Navigation Drawer"}
09-25 02:00:23.295  2110  2110 I AnytouchRun: S3SMOKE-MODEL-STEP index=1 type=wait value={"ms":800}
09-25 02:00:23.296  2110  2110 I AnytouchRun: S3SMOKE-MODEL-STEP index=2 type=click value={"text":"Trash"}
09-25 02:00:23.298  2110  2110 I AnytouchRun: S3SMOKE-MODEL-STEP index=3 type=wait value={"ms":1500}
09-25 02:00:23.298  2110  2110 I AnytouchRun: S3SMOKE-MODEL-STEP index=4 type=click value={"content_desc":"More options"}
09-25 02:00:23.299  2110  2110 I AnytouchRun: S3SMOKE-MODEL-STEP index=5 type=wait value={"ms":800}
09-25 02:00:23.299  2110  2110 I AnytouchRun: S3SMOKE-MODEL-STEP index=6 type=click value={"text":"Empty trash"}
09-25 02:00:23.299  2110  2110 I AnytouchRun: S3SMOKE-MODEL-STEP index=7 type=wait value={"ms":800}
09-25 02:00:23.299  2110  2110 I AnytouchRun: S3SMOKE-MODEL-STEP index=8 type=click value={"resource_id":"com.google.android.apps.photos:id/confirmation_button"}
09-25 02:00:23.299  2110  2110 I AnytouchRun: S3SMOKE-TASK [{"action_id":"open_drawer","type":"click","target":null,"value":{"content_desc":"Show Navigation Drawer"},"source":"node","safety":{"viewport_ok":true,"click_enabled":true,"requires_transition":false}},{"action_id":"pause_drawer","type":"wait","target":null,"value":{"ms":800},"source":"node","safety":{"viewport_ok":true,"click_enabled":false,"requires_transition":false}},{"action_id":"open_trash","type":"click","target":null,"value":{"text":"Trash"},"source":"node","safety":{"viewport_ok":true,"click_enabled":true,"requires_transition":false}},{"action_id":"pause_trash","type":"wait","target":null,"value":{"ms":1500},"source":"node","safety":{"viewport_ok":true,"click_enabled":false,"requires_transition":false}},{"action_id":"trash_overflow","type":"click","target":null,"value":{"content_desc":"More options"},"source":"node","safety":{"viewport_ok":true,"click_enabled":true,"requires_transition":false}},{"action_id":"pause_menu","type":"wait","target":null,"value":{"ms":800},"source":"node","safety":{"viewport_ok":true,"click_enabled":false,"requires_transition":false}},{"action_id":"tap_empty_trash","type":"click","target":null,"value":{"text":"Empty trash"},"source":"node","safety":{"viewport_ok":true,"click_enabled":true,"requires_transition":false}},{"action_id":"pause_confirm","type":"wait","target":null,"value":{"ms":800},"source":"node","safety":{"viewport_ok":true,"click_enabled":false,"requires_transition":false}},{"action_id":"tap_delete_permanently","type":"click","target":null,"value":{"resource_id":"com.google.android.apps.photos:id/confirmation_button"},"source":"node","safety":{"viewport_ok":true,"click_enabled":true,"requires_transition":false}}]
09-25 02:00:23.300  2110  2110 I AnytouchRun: S5SMOKE template load ok id=photos_cleanup via=adb_inject steps=9 replaced=9 verification=DEVICE_PROVEN_ON_AVD
09-25 02:01:00.087  2110  2110 I AnytouchRun: S1SMOKE ok=8 total=9 stopped=true stop="DELETE:delete"
09-25 02:01:00.087  2110  2110 I AnytouchRun: S1SMOKE-DETAIL code=SAFETY_GATE_BLOCKED msg=high-risk match never got the second confirmation: DELETE:delete
