# S5-a photos_cleanup 全链轮 3  @ 2026-09-26T12:08:33+08:00  serial=emulator-5554
# 面板在场截图(第 1 拍)=evidence/S5/raw/s5a-panel-round3-try1-120957.png 焦点=  mCurrentFocus=Window{3089aad u0 com.anytouch.app}
# panel rect x 100..978 y 842..1320 | band y 1322..1420 center 1371 | left (151, 528) right (552, 928) | screen 1080x2340 | dark-panel-px 115800
# 面板按钮按屏定位=(740,1371) 量自 s5a-panel-round3-try1-120957.png（第 1 拍命中）
# 回执等待 0s（host=12:09:59 device=04:09:58）
09-26 04:09:58.176  3531  3531 I AnytouchRun: S1SMOKE ok=9 total=9 stopped=false stop=-
# 磁盘终判 第 1 读 @04:10:13 .trashed 残留=0 种子残留=0
--------- beginning of main
09-26 04:09:36.930  3531  3531 I AnytouchRun: S3SMOKE model ledger written origin=template steps=9 replaced=9
09-26 04:09:36.930  3531  3531 I AnytouchRun: S3SMOKE-MODEL-STEP index=0 type=click value={"content_desc":"Show Navigation Drawer"}
09-26 04:09:36.931  3531  3531 I AnytouchRun: S3SMOKE-MODEL-STEP index=1 type=wait value={"ms":800}
09-26 04:09:36.932  3531  3531 I AnytouchRun: S3SMOKE-MODEL-STEP index=2 type=click value={"text":"Trash"}
09-26 04:09:36.932  3531  3531 I AnytouchRun: S3SMOKE-MODEL-STEP index=3 type=wait value={"ms":1500}
09-26 04:09:36.932  3531  3531 I AnytouchRun: S3SMOKE-MODEL-STEP index=4 type=click value={"content_desc":"More options"}
09-26 04:09:36.934  3531  3531 I AnytouchRun: S3SMOKE-MODEL-STEP index=5 type=wait value={"ms":800}
09-26 04:09:36.934  3531  3531 I AnytouchRun: S3SMOKE-MODEL-STEP index=6 type=click value={"text":"Empty trash"}
09-26 04:09:36.934  3531  3531 I AnytouchRun: S3SMOKE-MODEL-STEP index=7 type=wait value={"ms":800}
09-26 04:09:36.935  3531  3531 I AnytouchRun: S3SMOKE-MODEL-STEP index=8 type=click value={"resource_id":"com.google.android.apps.photos:id/confirmation_button"}
09-26 04:09:36.935  3531  3531 I AnytouchRun: S3SMOKE-TASK [{"action_id":"open_drawer","type":"click","target":null,"value":{"content_desc":"Show Navigation Drawer"},"source":"node","safety":{"viewport_ok":true,"click_enabled":true,"requires_transition":false}},{"action_id":"pause_drawer","type":"wait","target":null,"value":{"ms":800},"source":"node","safety":{"viewport_ok":true,"click_enabled":false,"requires_transition":false}},{"action_id":"open_trash","type":"click","target":null,"value":{"text":"Trash"},"source":"node","safety":{"viewport_ok":true,"click_enabled":true,"requires_transition":false}},{"action_id":"pause_trash","type":"wait","target":null,"value":{"ms":1500},"source":"node","safety":{"viewport_ok":true,"click_enabled":false,"requires_transition":false}},{"action_id":"trash_overflow","type":"click","target":null,"value":{"content_desc":"More options"},"source":"node","safety":{"viewport_ok":true,"click_enabled":true,"requires_transition":false}},{"action_id":"pause_menu","type":"wait","target":null,"value":{"ms":800},"source":"node","safety":{"viewport_ok":true,"click_enabled":false,"requires_transition":false}},{"action_id":"tap_empty_trash","type":"click","target":null,"value":{"text":"Empty trash"},"source":"node","safety":{"viewport_ok":true,"click_enabled":true,"requires_transition":false}},{"action_id":"pause_confirm","type":"wait","target":null,"value":{"ms":800},"source":"node","safety":{"viewport_ok":true,"click_enabled":false,"requires_transition":false}},{"action_id":"tap_delete_permanently","type":"click","target":null,"value":{"resource_id":"com.google.android.apps.photos:id/confirmation_button"},"source":"node","safety":{"viewport_ok":true,"click_enabled":true,"requires_transition":false}}]
09-26 04:09:36.935  3531  3531 I AnytouchRun: S5SMOKE template load ok id=photos_cleanup via=adb_inject steps=9 replaced=9 verification=DEVICE_PROVEN_ON_AVD
09-26 04:09:49.352  3531  3531 I AnytouchRun: S5DSMOKE submit accepted via=adb_inject reps=1 interval=5s askEveryRound=true
09-26 04:09:58.176  3531  3531 I AnytouchRun: S1SMOKE ok=9 total=9 stopped=false stop=-
