# S5-a photos_cleanup 全链轮 3  @ 2026-09-25T01:21:55+08:00  serial=emulator-5554
09-24 17:23:20.211  4190  4190 I AnytouchRun: S1SMOKE ok=9 total=9 stopped=false stop=-
# 磁盘终判 .trashed 残留=0 种子残留=0
--------- beginning of main
09-24 17:22:01.503  4190  4190 I AnytouchRun: S2SMOKE event-meta viewScrolled evt=android.support.v7.widget.RecyclerView/null/null src=android.widget.GridView/null/null id=com.google.android.apps.photos:id/recycler_view
09-24 17:22:01.576  4190  4190 W AnytouchRun: S2SMOKE capture note: viewScrolled 无位移证据 pkg=com.google.android.apps.photos id=com.google.android.apps.photos:id/recycler_view delta=0x0 pos=0x0 max=0x0（布局重排，不成步）
09-24 17:22:07.687  4190  4190 W AnytouchRun: S2SMOKE record abandoned by service lifecycle, 已录事件保留可编译（不静默蒸发）
09-24 17:22:08.711  4190  4190 W AnytouchRun: S2SMOKE record rebound: 服务重连后续采（掉线窗口内的事件已漏，见服务生命周期日志）
09-24 17:22:13.395  4190  4190 W AnytouchRun: S2SMOKE record abandoned by service lifecycle, 已录事件保留可编译（不静默蒸发）
09-24 17:22:14.460  4190  4190 W AnytouchRun: S2SMOKE record rebound: 服务重连后续采（掉线窗口内的事件已漏，见服务生命周期日志）
09-24 17:22:16.032  4190  4190 I AnytouchRun: S2SMOKE event-meta viewClicked evt=android.widget.ImageView/Delete/Delete src=android.widget.ImageView/null/Delete id=com.google.android.apps.photos:id/trash
09-24 17:22:18.270  4190  4190 W AnytouchRun: S2SMOKE record abandoned by service lifecycle, 已录事件保留可编译（不静默蒸发）
09-24 17:22:19.380  4190  4190 W AnytouchRun: S2SMOKE record rebound: 服务重连后续采（掉线窗口内的事件已漏，见服务生命周期日志）
09-24 17:22:20.719  4190  4190 W AnytouchRun: S2SMOKE record abandoned by service lifecycle, 已录事件保留可编译（不静默蒸发）
09-24 17:22:21.827  4190  4190 W AnytouchRun: S2SMOKE record rebound: 服务重连后续采（掉线窗口内的事件已漏，见服务生命周期日志）
09-24 17:22:26.314  4190  4190 W AnytouchRun: S2SMOKE record abandoned by service lifecycle, 已录事件保留可编译（不静默蒸发）
09-24 17:22:27.378  4190  4190 W AnytouchRun: S2SMOKE record rebound: 服务重连后续采（掉线窗口内的事件已漏，见服务生命周期日志）
09-24 17:22:28.828  4190  4190 I AnytouchRun: S2SMOKE event-meta viewScrolled evt=android.support.v7.widget.RecyclerView/null/null src=android.widget.GridView/null/null id=com.google.android.apps.photos:id/recycler_view
09-24 17:22:28.856  4190  4190 W AnytouchRun: S2SMOKE capture note: viewScrolled 无位移证据 pkg=com.google.android.apps.photos id=com.google.android.apps.photos:id/recycler_view delta=0x0 pos=0x0 max=0x0（布局重排，不成步）
09-24 17:22:30.891  4190  4190 W AnytouchRun: S2SMOKE record abandoned by service lifecycle, 已录事件保留可编译（不静默蒸发）
09-24 17:22:32.014  4190  4190 W AnytouchRun: S2SMOKE record rebound: 服务重连后续采（掉线窗口内的事件已漏，见服务生命周期日志）
09-24 17:22:36.729  4190  4190 W AnytouchRun: S2SMOKE record abandoned by service lifecycle, 已录事件保留可编译（不静默蒸发）
09-24 17:22:37.783  4190  4190 W AnytouchRun: S2SMOKE record rebound: 服务重连后续采（掉线窗口内的事件已漏，见服务生命周期日志）
09-24 17:22:39.583  4190  4190 I AnytouchRun: S2SMOKE event-meta viewClicked evt=android.widget.ImageView/Delete/Delete src=android.widget.ImageView/null/Delete id=com.google.android.apps.photos:id/trash
09-24 17:22:41.610  4190  4190 W AnytouchRun: S2SMOKE record abandoned by service lifecycle, 已录事件保留可编译（不静默蒸发）
09-24 17:22:42.664  4190  4190 W AnytouchRun: S2SMOKE record rebound: 服务重连后续采（掉线窗口内的事件已漏，见服务生命周期日志）
09-24 17:22:44.033  4190  4190 W AnytouchRun: S2SMOKE record abandoned by service lifecycle, 已录事件保留可编译（不静默蒸发）
09-24 17:22:45.108  4190  4190 W AnytouchRun: S2SMOKE record rebound: 服务重连后续采（掉线窗口内的事件已漏，见服务生命周期日志）
09-24 17:22:48.220  4190  4190 I AnytouchRun: S2SMOKE event-meta viewScrolled evt=android.support.v7.widget.RecyclerView/null/null src=android.widget.GridView/null/null id=com.google.android.apps.photos:id/recycler_view
09-24 17:22:48.442  4190  4190 W AnytouchRun: S2SMOKE capture note: viewScrolled 无位移证据 pkg=com.google.android.apps.photos id=com.google.android.apps.photos:id/recycler_view delta=0x0 pos=0x0 max=0x0（布局重排，不成步）
09-24 17:22:49.799  4190  4190 W AnytouchRun: S2SMOKE record abandoned by service lifecycle, 已录事件保留可编译（不静默蒸发）
09-24 17:22:50.893  4190  4190 W AnytouchRun: S2SMOKE record rebound: 服务重连后续采（掉线窗口内的事件已漏，见服务生命周期日志）
09-24 17:22:54.447  4190  4190 W AnytouchRun: S2SMOKE record abandoned by service lifecycle, 已录事件保留可编译（不静默蒸发）
09-24 17:22:55.493  4190  4190 W AnytouchRun: S2SMOKE record rebound: 服务重连后续采（掉线窗口内的事件已漏，见服务生命周期日志）
09-24 17:22:56.995  4190  4190 I AnytouchRun: S3SMOKE model ledger written origin=template steps=9 replaced=9
09-24 17:22:56.995  4190  4190 I AnytouchRun: S3SMOKE-MODEL-STEP index=0 type=click value={"content_desc":"Show Navigation Drawer"}
09-24 17:22:56.996  4190  4190 I AnytouchRun: S3SMOKE-MODEL-STEP index=1 type=wait value={"ms":800}
09-24 17:22:56.996  4190  4190 I AnytouchRun: S3SMOKE-MODEL-STEP index=2 type=click value={"text":"Trash"}
09-24 17:22:56.996  4190  4190 I AnytouchRun: S3SMOKE-MODEL-STEP index=3 type=wait value={"ms":1500}
09-24 17:22:56.996  4190  4190 I AnytouchRun: S3SMOKE-MODEL-STEP index=4 type=click value={"content_desc":"More options"}
09-24 17:22:56.997  4190  4190 I AnytouchRun: S3SMOKE-MODEL-STEP index=5 type=wait value={"ms":800}
09-24 17:22:56.997  4190  4190 I AnytouchRun: S3SMOKE-MODEL-STEP index=6 type=click value={"text":"Empty trash"}
09-24 17:22:56.997  4190  4190 I AnytouchRun: S3SMOKE-MODEL-STEP index=7 type=wait value={"ms":800}
09-24 17:22:56.997  4190  4190 I AnytouchRun: S3SMOKE-MODEL-STEP index=8 type=click value={"resource_id":"com.google.android.apps.photos:id/confirmation_button"}
09-24 17:22:57.005  4190  4190 I AnytouchRun: S3SMOKE-TASK [{"action_id":"open_drawer","type":"click","target":null,"value":{"content_desc":"Show Navigation Drawer"},"source":"node","safety":{"viewport_ok":true,"click_enabled":true,"requires_transition":false}},{"action_id":"pause_drawer","type":"wait","target":null,"value":{"ms":800},"source":"node","safety":{"viewport_ok":true,"click_enabled":false,"requires_transition":false}},{"action_id":"open_trash","type":"click","target":null,"value":{"text":"Trash"},"source":"node","safety":{"viewport_ok":true,"click_enabled":true,"requires_transition":false}},{"action_id":"pause_trash","type":"wait","target":null,"value":{"ms":1500},"source":"node","safety":{"viewport_ok":true,"click_enabled":false,"requires_transition":false}},{"action_id":"trash_overflow","type":"click","target":null,"value":{"content_desc":"More options"},"source":"node","safety":{"viewport_ok":true,"click_enabled":true,"requires_transition":false}},{"action_id":"pause_menu","type":"wait","target":null,"value":{"ms":800},"source":"node","safety":{"viewport_ok":true,"click_enabled":false,"requires_transition":false}},{"action_id":"tap_empty_trash","type":"click","target":null,"value":{"text":"Empty trash"},"source":"node","safety":{"viewport_ok":true,"click_enabled":true,"requires_transition":false}},{"action_id":"pause_confirm","type":"wait","target":null,"value":{"ms":800},"source":"node","safety":{"viewport_ok":true,"click_enabled":false,"requires_transition":false}},{"action_id":"tap_delete_permanently","type":"click","target":null,"value":{"resource_id":"com.google.android.apps.photos:id/confirmation_button"},"source":"node","safety":{"viewport_ok":true,"click_enabled":true,"requires_transition":false}}]
09-24 17:22:57.009  4190  4190 I AnytouchRun: S5SMOKE template load ok id=photos_cleanup via=adb_inject steps=9 replaced=9 verification=STRUCTURAL_ONLY
09-24 17:23:03.023  4190  4190 I AnytouchRun: S2SMOKE event-meta viewScrolled evt=android.support.v7.widget.RecyclerView/null/null src=android.widget.GridView/null/null id=com.google.android.apps.photos:id/recycler_view
09-24 17:23:03.150  4190  4190 W AnytouchRun: S2SMOKE capture note: viewScrolled 无位移证据 pkg=com.google.android.apps.photos id=com.google.android.apps.photos:id/recycler_view delta=0x0 pos=0x0 max=0x0（布局重排，不成步）
09-24 17:23:09.127  4190  4190 W AnytouchRun: S2SMOKE record abandoned by service lifecycle, 已录事件保留可编译（不静默蒸发）
09-24 17:23:10.230  4190  4190 W AnytouchRun: S2SMOKE record rebound: 服务重连后续采（掉线窗口内的事件已漏，见服务生命周期日志）
09-24 17:23:12.623  4190  4190 I AnytouchRun: S2SMOKE event-meta viewClicked evt=android.widget.ImageButton/Show Navigation Drawer/Show Navigation Drawer src=android.widget.ImageButton/null/Hide Navigation Drawer id=null
09-24 17:23:13.048  4190  4190 I AnytouchRun: S2SMOKE event-meta viewScrolled evt=android.support.v7.widget.RecyclerView/null/null src=android.support.v7.widget.RecyclerView/null/null id=com.google.android.apps.photos:id/navigation_items
09-24 17:23:13.088  4190  4190 W AnytouchRun: S2SMOKE capture note: viewScrolled 无位移证据 pkg=com.google.android.apps.photos id=com.google.android.apps.photos:id/navigation_items delta=0x0 pos=0x0 max=0x0（布局重排，不成步）
09-24 17:23:14.244  4190  4190 I AnytouchRun: S2SMOKE event-meta viewClicked evt=android.widget.LinearLayout/Trash/null src=android.widget.LinearLayout/null/null id=null
09-24 17:23:14.364  4190  4190 I AnytouchRun: S2SMOKE content no-match(严档 kids=2/事件拷贝): want=[Trash] 同cls节点=2 roots=1 near=[0] kids=1 texts=([], []) || [0, 0, 0, 0, 0, 1, 0, 1] kids=2 texts=([Select, Trash], [More options, Navigate up])
09-24 17:23:14.368  4190  4190 I AnytouchRun: S2SMOKE content no-match(宽档/事件拷贝): want=[Trash] 同cls节点=2 roots=1 near=[0] kids=1 texts=([], []) || [0, 0, 0, 0, 0, 1, 0, 1] kids=2 texts=([Select, Trash], [More options, Navigate up])
09-24 17:23:14.392  4190  4190 W AnytouchRun: S2SMOKE path unprovable: src=android.widget.LinearLayout(null,null)kids=2pkg=com.google.android.apps.photostext=null evt=android.widget.LinearLayout/[Trash]/null walkDepth=0 roots=android.widget.FrameLayout(null,null)kids=2pkg=com.google.android.apps.photostext=null
09-24 17:23:14.402  4190  4190 I AnytouchRun: S2SMOKE clue=path source=android.widget.LinearLayout id=null titles=0 texts=0 descs=0
09-24 17:23:14.426  4190  4190 I AnytouchRun: S2SMOKE path=chain-unanchored(仅作去抖/折叠键，回放定位走线索): [] id=null text=Trash desc=null
09-24 17:23:14.650  4190  4190 I AnytouchRun: S2SMOKE event-meta viewScrolled evt=android.support.v7.widget.RecyclerView/null/null src=android.support.v7.widget.RecyclerView/null/null id=com.google.android.apps.photos:id/recycler_view
09-24 17:23:14.688  4190  4190 W AnytouchRun: S2SMOKE capture note: viewScrolled 无位移证据 pkg=com.google.android.apps.photos id=com.google.android.apps.photos:id/recycler_view delta=0x0 pos=0x0 max=0x0（布局重排，不成步）
09-24 17:23:16.157  4190  4190 I AnytouchRun: S2SMOKE event-meta viewClicked evt=android.widget.FrameLayout/More options/null src=android.widget.FrameLayout/null/null id=com.google.android.apps.photos:id/action_bar_overflow
09-24 17:23:16.183  4190  4190 I AnytouchRun: S2SMOKE content no-match(严档 kids=1/句柄子树): want=[] 同cls节点=2 roots=1 near=[] kids=1 texts=([Empty trash], []) || [0] kids=1 texts=([Empty trash], [])
09-24 17:23:16.186  4190  4190 I AnytouchRun: S2SMOKE content no-match(宽档/句柄子树): want=[] 同cls节点=2 roots=1 near=[] kids=1 texts=([Empty trash], []) || [0] kids=1 texts=([Empty trash], [])
09-24 17:23:16.191  4190  4190 I AnytouchRun: S2SMOKE content no-match(严档 kids=1/事件拷贝): want=[More options] 同cls节点=2 roots=1 near=[] kids=1 texts=([Empty trash], []) || [0] kids=1 texts=([Empty trash], [])
09-24 17:23:16.192  4190  4190 I AnytouchRun: S2SMOKE content no-match(宽档/事件拷贝): want=[More options] 同cls节点=2 roots=1 near=[] kids=1 texts=([Empty trash], []) || [0] kids=1 texts=([Empty trash], [])
09-24 17:23:16.198  4190  4190 W AnytouchRun: S2SMOKE path unprovable: src=android.widget.FrameLayout(null,null)kids=1pkg=com.google.android.apps.photostext=null evt=android.widget.FrameLayout/[More options]/null walkDepth=11 roots=android.widget.FrameLayout(7826,null)kids=1pkg=com.google.android.apps.photostext=null
09-24 17:23:16.242  4190  4190 I AnytouchRun: S2SMOKE path=chain-unanchored(仅作去抖/折叠键，回放定位走线索): [0, 0, 0, 0, 0, 1, 0, 1, 1, 2, 1] id=com.google.android.apps.photos:id/action_bar_overflow text=null desc=More options
09-24 17:23:16.386  4190  4190 I AnytouchRun: S2SMOKE event-meta viewScrolled evt=android.widget.ListView/null/null src=android.widget.ListView/null/null id=null
09-24 17:23:16.390  4190  4190 W AnytouchRun: S2SMOKE capture note: viewScrolled 无位移证据 pkg=com.google.android.apps.photos id=null delta=0x0 pos=0x0 max=0x0（布局重排，不成步）
09-24 17:23:20.211  4190  4190 I AnytouchRun: S1SMOKE ok=9 total=9 stopped=false stop=-
09-24 17:23:21.331  4190  4190 I AnytouchRun: S2SMOKE event-meta viewScrolled evt=android.support.v7.widget.RecyclerView/null/null src=android.support.v7.widget.RecyclerView/null/null id=com.google.android.apps.photos:id/recycler_view
09-24 17:23:21.347  4190  4190 W AnytouchRun: S2SMOKE capture note: viewScrolled 无位移证据 pkg=com.google.android.apps.photos id=com.google.android.apps.photos:id/recycler_view delta=0x0 pos=0x0 max=0x0（布局重排，不成步）
