# S5-a photos_cleanup 全链轮 5  @ 2026-09-26T00:55:32+08:00  serial=emulator-5554
# 面板在场截图(第 1 拍)=evidence/S5/raw/s5a-panel-round5-try1-005719.png 焦点=  mCurrentFocus=Window{c3f9cde u0 com.anytouch.app}
# panel rect x 120..958 y 888..1342 | band y 1344..1438 center 1391 | left (170, 529) right (551, 909) | screen 1080x2400 | dark-panel-px 104542
# 面板按钮按屏定位=(730,1391) 量自 s5a-panel-round5-try1-005719.png（第 1 拍命中）
# 回执等待 0s（host=00:57:23 device=16:57:22）
09-25 16:57:20.500  5530  5530 I AnytouchRun: S1SMOKE ok=9 total=9 stopped=false stop=-
# 磁盘终判 第 1 读 @16:57:38 .trashed 残留=0 种子残留=0
--------- beginning of main
09-25 16:56:48.835  5530  5530 I AnytouchRun: S3SMOKE model ledger written origin=template steps=9 replaced=9
09-25 16:56:48.836  5530  5530 I AnytouchRun: S3SMOKE-MODEL-STEP index=0 type=click value={"content_desc":"Show Navigation Drawer"}
09-25 16:56:48.860  5530  5530 I AnytouchRun: S3SMOKE-MODEL-STEP index=1 type=wait value={"ms":800}
09-25 16:56:48.860  5530  5530 I AnytouchRun: S3SMOKE-MODEL-STEP index=2 type=click value={"text":"Trash"}
09-25 16:56:48.860  5530  5530 I AnytouchRun: S3SMOKE-MODEL-STEP index=3 type=wait value={"ms":1500}
09-25 16:56:48.860  5530  5530 I AnytouchRun: S3SMOKE-MODEL-STEP index=4 type=click value={"content_desc":"More options"}
09-25 16:56:48.861  5530  5530 I AnytouchRun: S3SMOKE-MODEL-STEP index=5 type=wait value={"ms":800}
09-25 16:56:48.861  5530  5530 I AnytouchRun: S3SMOKE-MODEL-STEP index=6 type=click value={"text":"Empty trash"}
09-25 16:56:48.861  5530  5530 I AnytouchRun: S3SMOKE-MODEL-STEP index=7 type=wait value={"ms":800}
09-25 16:56:48.867  5530  5530 I AnytouchRun: S3SMOKE-MODEL-STEP index=8 type=click value={"resource_id":"com.google.android.apps.photos:id/confirmation_button"}
09-25 16:56:48.869  5530  5530 I AnytouchRun: S3SMOKE-TASK [{"action_id":"open_drawer","type":"click","target":null,"value":{"content_desc":"Show Navigation Drawer"},"source":"node","safety":{"viewport_ok":true,"click_enabled":true,"requires_transition":false}},{"action_id":"pause_drawer","type":"wait","target":null,"value":{"ms":800},"source":"node","safety":{"viewport_ok":true,"click_enabled":false,"requires_transition":false}},{"action_id":"open_trash","type":"click","target":null,"value":{"text":"Trash"},"source":"node","safety":{"viewport_ok":true,"click_enabled":true,"requires_transition":false}},{"action_id":"pause_trash","type":"wait","target":null,"value":{"ms":1500},"source":"node","safety":{"viewport_ok":true,"click_enabled":false,"requires_transition":false}},{"action_id":"trash_overflow","type":"click","target":null,"value":{"content_desc":"More options"},"source":"node","safety":{"viewport_ok":true,"click_enabled":true,"requires_transition":false}},{"action_id":"pause_menu","type":"wait","target":null,"value":{"ms":800},"source":"node","safety":{"viewport_ok":true,"click_enabled":false,"requires_transition":false}},{"action_id":"tap_empty_trash","type":"click","target":null,"value":{"text":"Empty trash"},"source":"node","safety":{"viewport_ok":true,"click_enabled":true,"requires_transition":false}},{"action_id":"pause_confirm","type":"wait","target":null,"value":{"ms":800},"source":"node","safety":{"viewport_ok":true,"click_enabled":false,"requires_transition":false}},{"action_id":"tap_delete_permanently","type":"click","target":null,"value":{"resource_id":"com.google.android.apps.photos:id/confirmation_button"},"source":"node","safety":{"viewport_ok":true,"click_enabled":true,"requires_transition":false}}]
09-25 16:56:48.869  5530  5530 I AnytouchRun: S5SMOKE template load ok id=photos_cleanup via=adb_inject steps=9 replaced=9 verification=DEVICE_PROVEN_ON_AVD
09-25 16:57:06.260  5530  5530 I AnytouchRun: S5DSMOKE submit accepted via=adb_inject reps=1 interval=5s askEveryRound=true
09-25 16:57:20.500  5530  5530 I AnytouchRun: S1SMOKE ok=9 total=9 stopped=false stop=-
