[0;32mPASS[0m U1a 预置档编译 3 步 :: 09-25 02:15:54.987  2110  2110 I AnytouchRun: S2SMOKE compiled ok actions=3 drops=0 merged=0 events=4 target=com.android.settings
[0;32mPASS[0m U1b 步序账上屏：末行按钮在 + 计数文案'步骤 3'在（行 id 走 testTag，自家窗 5/5 屏）
[0;32mPASS[0m U2a 移序 0→2 生效 :: 09-25 02:16:36.392  2110  2110 I AnytouchRun: S2SMOKE step edit ok=move index=0 before=3 after=3
[0;32mPASS[0m U2b 移序后步序账顺序=[rec-0002 rec-0003 rec-0001 ]
[0;32mPASS[0m U2c 移回 2→0 生效 :: 09-25 02:16:38.829  2110  2110 I AnytouchRun: S2SMOKE step edit ok=move index=2 before=3 after=3
[0;32mPASS[0m U2d 还原后顺序=[rec-0001 rec-0002 rec-0003 ]
[0;32mPASS[0m U3a 改名生效 :: 09-25 02:16:41.348  2110  2110 I AnytouchRun: S2SMOKE step edit ok=rename index=0 before=3 after=3
[0;32mPASS[0m U3b 改名只改 actionId，三条线索原样在账（回放依据没被动）
[0;32mPASS[0m U4a 空步骤名被拒 gate=BLANK_NAME :: 09-25 02:16:43.990  2110  2110 W AnytouchRun: S2SMOKE step edit refused gate=BLANK_NAME op=rename index=0 ledger=3 detail=The step name cannot be empty: a blank name leaves that step unattributable in the playback report.
[0;32mPASS[0m U4b ok=rename 计数仍为 1（空名未放行）
[0;32mPASS[0m U5a 越界删除被拒 gate=OUT_OF_RANGE :: 09-25 02:16:46.440  2110  2110 W AnytouchRun: S2SMOKE step edit refused gate=OUT_OF_RANGE op=remove index=99 ledger=3 detail=That step no longer exists (the list just changed): refresh to see the current steps instead of acting on a stale position.
[0;32mPASS[0m U5b 移序目标位越界被拒 gate=OUT_OF_RANGE :: 09-25 02:16:48.771  2110  2110 W AnytouchRun: S2SMOKE step edit refused gate=OUT_OF_RANGE op=move index=0 ledger=3 detail=That step no longer exists (the list just changed): refresh to see the current steps instead of acting on a stale position.
[0;32mPASS[0m U5c 被拒不崩：进程仍在（pid=2110）
[0;32mPASS[0m U5d 越界两步均未放行（[step edit ok=remove] 计数=0）
[0;32mPASS[0m U6a 删步生效 3→2 :: 09-25 02:16:51.553  2110  2110 I AnytouchRun: S2SMOKE step edit ok=remove index=2 before=3 after=2
[0;32mPASS[0m U6b UI 与账目同步：第 3 行撤下、第 2 行仍在、计数文案改口（扫到底后全页比对）
[0;32mPASS[0m U7a 取到编辑后任务 JSON 恰 2 步
[0;32mPASS[0m U7b 编辑后回放按新步数执行（删掉的那步没跑） :: 09-25 02:17:39.143  2110  2110 I AnytouchRun: S1SMOKE ok=2 total=2 stopped=false stop=-
[0;32mPASS[0m U8a 删到清零留痕 :: 09-25 02:17:41.828  2110  2110 W AnytouchRun: S2SMOKE step edit ok=remove 步序账清零，不写回放建议（无步骤可放）
[0;32mPASS[0m U8b 空账未伪装成品：本轮零条 'S2SMOKE-TASK []'（[S2SMOKE-TASK \[\]] 计数=0）
[0;32mPASS[0m U8c 屏上同步为空态文案
[0;32mPASS[0m U9a 空账编辑被拒 gate=EMPTY_LEDGER :: 09-25 02:18:13.096  2110  2110 W AnytouchRun: S2SMOKE step edit refused gate=EMPTY_LEDGER op=remove index=0 ledger=0 detail=There are no steps to edit yet: record first and tap “Stop & compile” — adding, deleting and changing steps only exist once the ledger has steps.
[0;32mPASS[0m U9b 拒因计数 0→1（本轮新造，非旧痕复用）
[0;32mPASS[0m U10a 前置：机器最后一条建议恰 1 步（账已 0 步=孤儿形态）
[0;32mPASS[0m U10b 孤儿建议被拒留痕 :: 09-25 02:18:15.900  2110  2110 W AnytouchRun: S1SMOKE submit refused gate=STALE_SUGGESTION via=adb_inject ledger=0 machineSuggestion=192 detail=The task box still holds the stale suggestion published by the last edit, and the step ledger has moved on: running it as-is would dispatch steps that are long gone from the ledger. Record again and tap “Stop & compile”, or edit the steps in the list before running (anything you typed by hand is never touched).
[0;32mPASS[0m U10c 拒而未放：refused=1 且本轮零执行回执（账外步骤没被跑）
[0;32mPASS[0m U10d 拒因上屏（错误必显示，不是静默吞掉一次点击）
[0;32mPASS[0m U11a 账外手敲任务仍放行并跑成 :: 09-25 02:18:57.010  2110  2110 I AnytouchRun: S1SMOKE ok=1 total=1 stopped=false stop=-
[0;32mPASS[0m U11b 放行后拒因撤下（自家窗 4/4 屏，红字=miss，全页扫到底）
[0;32mPASS[0m U12a 执行中开录被拒（话术入 startRejection） :: 09-25 02:19:27.705  2110  2110 W AnytouchRun: S2SMOKE record start refused gate=RUNNING detail=Cannot start recording while a task is running: the executor's own taps would be recorded as your intent. Wait for this run to finish (or tap the floating ball to stop), then record.
[0;32mPASS[0m U12b 本轮执行结束（running 转假） :: 09-25 02:19:39.746  2110  2110 I AnytouchRun: S1SMOKE ok=0 total=1 stopped=true stop="NODE_NOT_FOUND"
[0;32mPASS[0m U12c 陈旧拒因自动作废 :: 09-25 02:19:39.765  2110  2110 I AnytouchRun: S2SMOKE record rejection expired gate_now=READY detail=状态已变，陈旧拒因作废（Cannot start recording while a task is running: the executor's own taps would be recorded as your intent. Wait for this run to finish (or tap the floating ball to stop), then record.）
[0;32mPASS[0m U12d 屏上红字确已消失（自家窗 4/4 屏，红字=miss，全页扫到底）
[0;32mPASS[0m U13 录制球在右缘（录制态深红球，前置已坐实） :: BALL_STATE=recording BALL_X_RATIO=0.902 matched=4073 green=0 red=4073 size=1080x2400 min=878 max=1066
[0;32mPASS[0m U14a 执行中删步被拒 gate=RUNNING :: 09-25 02:20:28.118  2110  2110 W AnytouchRun: S2SMOKE step edit refused gate=RUNNING op=remove index=0 ledger=3 detail=Steps cannot be edited while a task is running: if the ledger changes under a run in flight, playback no longer matches what actually executed. Wait for this run to finish (or tap the floating ball to stop) before deleting or changing steps.
[0;32mPASS[0m U14b 执行期零条编辑放行（置灰不是门禁，注入通道同判）
[0;32mPASS[0m U14c 门禁读到的是真账：拒因行 ledger=3（步骤没被删掉）
[0;32mPASS[0m U15a 本轮执行结束 :: 09-25 02:20:40.005  2110  2110 I AnytouchRun: S1SMOKE ok=0 total=1 stopped=true stop="NODE_NOT_FOUND"
[0;32mPASS[0m U15b 陈旧禁编辑话术自动作废 :: 09-25 02:20:40.061  2110  2110 I AnytouchRun: S2SMOKE edit rejection expired gate_was=RUNNING detail=状态已变，陈旧拒因作废
[0;32mPASS[0m U15c 屏上红字与置灰提示均已撤（自家窗 5/5 屏，红字=miss 提示=miss，全页扫到底）
[0;32mPASS[0m U15d 跑完立刻可编：同一请求转放行 :: 09-25 02:21:11.842  2110  2110 I AnytouchRun: S2SMOKE step edit ok=remove index=0 before=3 after=2

汇总：通过 41 / 失败计数见下 / 跳过 0（跳过=前置未立，不记绿也不记红）
ui-smoke: ALL PASS（含 0 条 SKIP）
UISMKE_EXIT=0
