[2026-09-24 15:57:56] ===== S0 前置 =====
      | 本轮靶 apk md5=37d2e1999a6e302413db857f15084f9b 路径=app/build/outputs/apk/debug/app-debug.apk
[0;32mPASS[0m S0a 锁屏不在场 ::     isKeyguardShowing=false
[2026-09-24 15:57:57] ===== S1 起应用 + 授权在位 =====
      | pid=26136（测试通道禁 force-stop，常驻进程真冷启动做不了=设备事实 F-3，此处不冒称冷启动）
[0;32mPASS[0m S1b 无障碍服务在位（dumpsys accessibility 含自家包名）
[0;32mPASS[0m S1c 前置键盘已收起（mInputShown=false，注入通道干净）
[2026-09-24 15:58:02] ===== S2 代填 Key（S3-R5 通道；脚本不读不印 Key） =====
scripts/s4-fullflow-k40.sh: line 139: 的洁癖判据，: command not found
[0;32mPASS[0m S2a 凭据已在机，复用不重打 :: [本机已保存 Key：***JgYp]（来历=本流程前一轮 S3-R5 注入）
[0;32mPASS[0m S2b 自家面板凭据行在场 :: [本机已保存 Key：***JgYp]
[0;32mPASS[0m S2c 整页扫描无 Key 形态字面（真凭据在场）
[2026-09-24 16:00:34] ===== S3 真 HTTPS 编译（第 1 次真请求，上限 4） =====
[0;32mPASS[0m S3a 真 HTTPS 编译成功 :: 09-24 16:01:09.107 26136 26454 I AnytouchRun: S3SMOKE compile ok steps=1 replaced=0 rows=0
[0;32mPASS[0m S3b 产物步数 steps=1
[0;31mFAIL[0m S3c :: rows=0
[2026-09-24 16:01:09] ===== S4 任务框建议 == 落账口账（逐字，设备半边） =====
[0;31mFAIL[0m S4a :: 任务框读数为空（到底=1 缝=0）——先判读数可信度再判产品
[2026-09-24 16:02:01] ===== S5 断网（正向对照先行，量不到就大声 SKIP 不冒判） =====
      | 断网前 ping 通（探针自证）
[0;32mPASS[0m S5b 设备侧已离线（断网后 ping 失败，双向自证）
[2026-09-24 16:02:06] ===== S6 离线执行任务（零字节出网的行为证据） =====
[0;31mFAIL[0m S6a :: 90s 没有执行回执行（离线也不该静默）:: refuse=[]
[0;31mFAIL[0m S6d :: 目标 App 窗内词表读数执行前后逐字相同（before 读数可信=1）——ok 计数与屏上现实矛盾，按缺陷记
[0;32mPASS[0m S6e 执行全程网络探针保持失败态（离线未破）
[0;32mPASS[0m S6f 执行窗口日志内零次编译类出网行（与离线态合证）
[2026-09-24 16:04:22] ===== S7 复网（双向自证的另外半边） =====
[0;32mPASS[0m S7a 复网成功（ping 恢复）
[2026-09-24 16:04:26] ===== S8 收尾：keyed byok-smoke 复跑（判据 §3-4，含其 E5/E8 共 2 次真请求） =====
      | pid 未变（26136）：am kill 没收到（应用仍被视为前台）→ E1n 的空闲档按'可能带旧痕'读，已如实标注
      | ring buffer main=M（已扩档，-d 判据通道可用）
      | 靶设备：M2012K11AC（模拟器=0；模拟器上一切结论不得写成「真机已过」）
前置失败：整页只滚了 12 屏就没到底（滚不动=读数不完整，缺席类断言全不成证据）；后续不判
[0;31mFAIL[0m S8a :: byok-smoke 复跑 RC=2，S4-a 把它弄脏了或撞出新缺陷（上方尾 25 行）
[2026-09-24 16:05:48] ===== 汇总 =====
[2026-09-24 16:05:48] 断言 12 条 / 跳过 0 条 / 有失败项；真请求 3/4 次；S4SMOKE_RC=1
