[0;32mPASS[0m U1a 预置档编译 3 步 :: 09-24 02:15:11.944 30740 30740 I AnytouchRun: S2SMOKE compiled ok actions=3 drops=0 merged=0 events=4 target=com.android.settings
      | 本扫视 4 屏里 0 屏含 package="com.nonexistent.probe"：读的不是自家窗（窗被换走或还没画出来）
      | SKIP U1b 步序账上屏 :: 本扫视 4 屏里 0 屏含自家窗节点（读的不是自家窗，命中与未命中都读不出证据）
[0;32mPASS[0m U2a 移序 0→2 生效 :: 09-24 02:15:43.122 30740 30740 I AnytouchRun: S2SMOKE step edit ok=move index=0 before=3 after=3
[0;32mPASS[0m U2b 移序后步序账顺序=[rec-0002 rec-0003 rec-0001 ]
[0;32mPASS[0m U2c 移回 2→0 生效 :: 09-24 02:15:45.652 30740 30740 I AnytouchRun: S2SMOKE step edit ok=move index=2 before=3 after=3
[0;32mPASS[0m U2d 还原后顺序=[rec-0001 rec-0002 rec-0003 ]
[0;32mPASS[0m U3a 改名生效 :: 09-24 02:15:48.176 30740 30740 I AnytouchRun: S2SMOKE step edit ok=rename index=0 before=3 after=3
[0;32mPASS[0m U3b 改名只改 actionId，三条线索原样在账（回放依据没被动）
[0;32mPASS[0m U4a 空步骤名被拒 gate=BLANK_NAME :: 09-24 02:15:50.928 30740 30740 W AnytouchRun: S2SMOKE step edit refused gate=BLANK_NAME op=rename index=0 ledger=3 detail=步骤名不能为空：留空会让这一步在回放报告里无法归因。
[0;32mPASS[0m U4b ok=rename 计数仍为 1（空名未放行）
[0;32mPASS[0m U5a 越界删除被拒 gate=OUT_OF_RANGE :: 09-24 02:15:53.432 30740 30740 W AnytouchRun: S2SMOKE step edit refused gate=OUT_OF_RANGE op=remove index=99 ledger=3 detail=该步骤已不存在（列表刚刚变动过）：请刷新查看当前步骤，不要按旧序号操作。
[0;32mPASS[0m U5b 移序目标位越界被拒 gate=OUT_OF_RANGE :: 09-24 02:15:55.759 30740 30740 W AnytouchRun: S2SMOKE step edit refused gate=OUT_OF_RANGE op=move index=0 ledger=3 detail=该步骤已不存在（列表刚刚变动过）：请刷新查看当前步骤，不要按旧序号操作。
[0;32mPASS[0m U5c 被拒不崩：进程仍在（pid=30740）
[0;32mPASS[0m U5d 越界两步均未放行（[step edit ok=remove] 计数=0）
[0;32mPASS[0m U6a 删步生效 3→2 :: 09-24 02:15:58.531 30740 30740 I AnytouchRun: S2SMOKE step edit ok=remove index=2 before=3 after=2
      | 本扫视 4 屏里 0 屏含 package="com.nonexistent.probe"：读的不是自家窗（窗被换走或还没画出来）
      | SKIP U6b UI 与账目同步 :: 页没扫到底（连续两屏内容签名未相同；自家窗 0/4 屏），"第 3 行不在屏上"这条缺席读不出证据
[0;32mPASS[0m U7a 取到编辑后任务 JSON 恰 2 步
[0;32mPASS[0m U7b 编辑后回放按新步数执行（删掉的那步没跑） :: 09-24 02:16:36.674 30740 30740 I AnytouchRun: S1SMOKE ok=2 total=2 stopped=false stop=-
[0;32mPASS[0m U8a 删到清零留痕 :: 09-24 02:16:40.103 30740 30740 W AnytouchRun: S2SMOKE step edit ok=remove 步序账清零，不写回放建议（无步骤可放）
[0;32mPASS[0m U8b 空账未伪装成品：本轮零条 'S2SMOKE-TASK []'（[S2SMOKE-TASK \[\]] 计数=0）
      | 本扫视 3 屏里 0 屏含 package="com.nonexistent.probe"：读的不是自家窗（窗被换走或还没画出来）
      | SKIP U8c 屏上同步为空态文案 :: 本扫视 3 屏里 0 屏含自家窗节点（读的不是自家窗）
[0;32mPASS[0m U9a 空账编辑被拒 gate=EMPTY_LEDGER :: 09-24 02:17:02.248 30740 30740 W AnytouchRun: S2SMOKE step edit refused gate=EMPTY_LEDGER op=remove index=0 ledger=0 detail=当前没有可编辑的步骤：请先录制并点「停止并编译」，有步骤后才能增删改。
[0;32mPASS[0m U9b 拒因计数 0→1（本轮新造，非旧痕复用）
[0;32mPASS[0m U10a 前置：机器最后一条建议恰 1 步（账已 0 步=孤儿形态）
[0;32mPASS[0m U10b 孤儿建议被拒留痕 :: 09-24 02:17:05.099 30740 30740 W AnytouchRun: S1SMOKE submit refused gate=STALE_SUGGESTION via=adb_inject ledger=0 machineSuggestion=192 detail=任务框里是上一次编辑留下的旧建议，和当前步序账已经不一致：直接执行会放出账上早已删掉的步骤。请重新录制并点「停止并编译」，或在步骤列表里编辑后再执行（你手敲的内容不会被改动）。
[0;32mPASS[0m U10c 拒而未放：refused=1 且本轮零执行回执（账外步骤没被跑）
      | 本扫视 4 屏里 0 屏含 package="com.nonexistent.probe"：读的不是自家窗（窗被换走或还没画出来）
      | SKIP U10d 拒因上屏 :: 本扫视 4 屏里 0 屏含自家窗节点（读的不是自家窗）
