INFO         | Android emulator version 37.1.11.0 (build_id 15917651) (CL:N/A)
INFO         | Graphics backend: gfxstream
INFO         | Found systemPath C:\Users\Administrator\AppData\Local\Android\Sdk\system-images\android-34\google_apis\x86_64\
INFO         | Increasing RAM size to 2560MB
INFO         | IPv4 server found: 172.18.0.2
INFO         | Ignore IPv6 address: 2840:1127:502:0:a033:1127:502:0
INFO         | Ignore IPv6 address: 2840:1127:502:0:a033:1127:502:0
INFO         | Ignore IPv6 address: 2840:1127:502:0:a033:1127:502:0
INFO         | Ignore IPv6 address: 1846:1127:502:0:a033:1127:502:0
INFO         | Ignore IPv6 address: 1846:1127:502:0:a033:1127:502:0
INFO         | Ignore IPv6 address: 1846:1127:502:0:a033:1127:502:0
INFO         | Ignore IPv6 address: 6853:1127:502:0:a033:1127:502:0
INFO         | Ignore IPv6 address: 6853:1127:502:0:a033:1127:502:0
INFO         | Ignore IPv6 address: 6853:1127:502:0:a033:1127:502:0
INFO         | Ignore IPv6 address: 6059:1127:502:0:a033:1127:502:0
INFO         | Ignore IPv6 address: 6059:1127:502:0:a033:1127:502:0
INFO         | Ignore IPv6 address: 6059:1127:502:0:a033:1127:502:0
INFO         | Guest GLES Driver: Auto (ext controls)
INFO         | emuglConfig_init: vulkan_mode_selected:swiftshader gles_mode_selected:swiftshader
INFO         | Checking system compatibility:
INFO         |   Checking: hasCompatibleHypervisor
INFO         |      Ok: Hypervisor compatibility to run avd: `MarvisPhone` are met
INFO         |   Checking: hasSufficientSystem
INFO         |      Ok: System requirements to run avd: `MarvisPhone` are met
INFO         |   Checking: hasSufficientHwGpu
INFO         |      Ok: Hardware GPU compatibility checks are not required
INFO         |   Checking: hasSufficientDiskSpace
INFO         |      Ok: Disk space requirements to run avd: `MarvisPhone` are met
INFO         | Storing crashdata in: C:\Users\Administrator\AppData\Local\Temp\\AndroidEmulator\emu-crash-37.1.11.db, detection is enabled for process: 22320
INFO         | Initializing gfxstream backend
INFO         | startOpenglesRendererImpl: gpu info
INFO         | GPU #1
  Make: 1002
  Model: AMD Radeon RX 6600M
  Device ID: 73ff

INFO         | Disabling implicit Vulkan layers to avoid compatibility issues. Set VK_LOADER_LAYERS_DISABLE manually to disable this behavior.
INFO         | initIcdPaths: ICD set to 'swiftshader', using Swiftshader ICD
INFO         | initIcdPaths: Resolved SwiftShader driver DLL path for direct loading: C:\Users\Administrator\AppData\Local\Android\Sdk\emulator\lib64\vulkan\vk_swiftshader.dll
INFO         | getPossibleLoaderPaths: Bypassing Vulkan Loader, using direct driver path: C:\Users\Administrator\AppData\Local\Android\Sdk\emulator\lib64\vulkan\vk_swiftshader.dll
INFO         | SharedLibrary::open for [C:\Users\Administrator\AppData\Local\Android\Sdk\emulator\lib64\vulkan\vk_swiftshader.dll]
INFO         | Added library: C:\Users\Administrator\AppData\Local\Android\Sdk\emulator\lib64\vulkan\vk_swiftshader.dll
INFO         | Selecting Vulkan device: SwiftShader Device (LLVM 10.0.0), Version: 1.2.0
INFO         | Using Vulkan externalMemoryMode: HostAllocation for VkEmulation
INFO         | Initializing VkEmulation features:
INFO         |     glInteropSupported: false
INFO         |     useDeferredCommands: true
INFO         |     createResourceWithRequirements: true
INFO         |     useVulkanComposition: false
INFO         |     useVulkanNativeSwapchain: false
INFO         |     enable guestRenderDoc: false
INFO         |     ASTC LDR emulation mode: Gpu
INFO         |     enable ETC2 emulation: true
INFO         |     enable Ycbcr emulation: false
INFO         |     guestVulkanOnly: false
INFO         |     useDedicatedAllocations: false
INFO         |     guestVulkanMaxApiVersion: 1.3.0
INFO         |     enableProtectedMemoryEmulation: false
INFO         | Graphics Adapter Vendor Google (Google Inc.)
INFO         | Graphics Adapter Android Emulator OpenGL ES Translator (Google SwiftShader)
INFO         | Graphics API Version OpenGL ES 3.0 (OpenGL ES 3.0 SwiftShader 4.0.0.1)
INFO         | Graphics API Extensions GL_OES_EGL_sync GL_OES_EGL_image GL_OES_EGL_image_external GL_OES_depth24 GL_OES_depth32 GL_OES_element_index_uint GL_OES_texture_float GL_OES_texture_float_linear GL_OES_compressed_paletted_texture GL_OES_compressed_ETC1_RGB8_texture GL_OES_depth_texture GL_OES_texture_half_float GL_OES_texture_half_float_linear GL_OES_packed_depth_stencil GL_OES_vertex_half_float GL_OES_standard_derivatives GL_OES_texture_npot GL_OES_rgb8_rgba8 GL_EXT_color_buffer_float GL_EXT_color_buffer_half_float GL_EXT_texture_format_BGRA8888 GL_APPLE_texture_format_BGRA8888 
INFO         | Graphics Device Extensions N/A
INFO         | Disabling sparse binding feature support
INFO         | Sending adb public key [QAAAACd25QppZhmHE3g0NNyklyeiD67FXAztUz7jCb6ALHe4bAmDUPV05b34HTMH8418QQy64Ax9RfauO0H1iE1DfyflfozlOb/kpOzjSfnJ3dQ2oVrdyip8KhswjRSAbWjzAfcA6ZENaupTGspzGhBFNXaWNhis070vqLxwUl0DORDlznEhHIcxcJaY9yav1XF5cNWn9rnS1/xaIBlSdLvpxlxBe1hRFq7tiUKv1VqCm8BdNVyKgNGOhbJTVHNcGQuWqSmnm+22ohErysBeYaa89tkM/RPjcfOPPeWp5JM+Y8ZdwOi7lgswRhHdM8As/jk8XSZU5LixyN0LcVTbJFHw9Xt6w0DK4UDDipq0huJGyVpgRoJI0jmjhA2WjISJLCCR2fyV89rf9h3sO7d47C5T78UKDDXcSkZ9ZRRqhLo0P+pD7HoXOKwbb6s7yNLeIpyB/fDxKGi53DoN+YjXmTfzp2tDkr6TsTHZoBV+db3Aij6HhlZT7PPVaP8RQfIW4wgxjf4lf8VMi3/hofIK4B4zj8TPpfUqFcpJo3c19E1RZKZp0uxH6LuP0yCDbWiK00Uzq97Gqmf0FrAgQmJHGWSDjh000yMxdRU50wrVl8CUZWMnW2P8WtX6LfJH7g0R7LlQW4ZRkBWkyeYXtnIWI/3Di+IC0DB2YooXHb1SeRraEO9s/JwnfwEAAQA= @unknown]
INFO         | Userspace boot properties:
INFO         |   androidboot.boot_devices=pci0000:00/0000:00:03.0 pci0000:00/0000:00:06.0
INFO         |   androidboot.dalvik.vm.heapsize=576m
INFO         |   androidboot.debug.hwui.renderer=skiagl
INFO         |   androidboot.debug.sf.nobootanimation=1
INFO         |   androidboot.hardware=ranchu
INFO         |   androidboot.hardware.gltransport=pipe
INFO         |   androidboot.hardware.vulkan=ranchu
INFO         |   androidboot.logcat=*:V
INFO         |   androidboot.opengles.version=196608
INFO         |   androidboot.qemu=1
INFO         |   androidboot.qemu.adb.pubkey=QAAAACd25QppZhmHE3g0NNyklyeiD67FXAztUz7jCb6ALHe4bAmDUPV05b34HTMH8418QQy64Ax9RfauO0H1iE1DfyflfozlOb/kpOzjSfnJ3dQ2oVrdyip8KhswjRSAbWjzAfcA6ZENaupTGspzGhBFNXaWNhis070vqLxwUl0DORDlznEhHIcxcJaY9yav1XF5cNWn9rnS1/xaIBlSdLvpxlxBe1hRFq7tiUKv1VqCm8BdNVyKgNGOhbJTVHNcGQuWqSmnm+22ohErysBeYaa89tkM/RPjcfOPPeWp5JM+Y8ZdwOi7lgswRhHdM8As/jk8XSZU5LixyN0LcVTbJFHw9Xt6w0DK4UDDipq0huJGyVpgRoJI0jmjhA2WjISJLCCR2fyV89rf9h3sO7d47C5T78UKDDXcSkZ9ZRRqhLo0P+pD7HoXOKwbb6s7yNLeIpyB/fDxKGi53DoN+YjXmTfzp2tDkr6TsTHZoBV+db3Aij6HhlZT7PPVaP8RQfIW4wgxjf4lf8VMi3/hofIK4B4zj8TPpfUqFcpJo3c19E1RZKZp0uxH6LuP0yCDbWiK00Uzq97Gqmf0FrAgQmJHGWSDjh000yMxdRU50wrVl8CUZWMnW2P8WtX6LfJH7g0R7LlQW4ZRkBWkyeYXtnIWI/3Di+IC0DB2YooXHb1SeRraEO9s/JwnfwEAAQA= @unknown
INFO         |   androidboot.qemu.avd_name=MarvisPhone
INFO         |   androidboot.qemu.camera_hq_edge_processing=0
INFO         |   androidboot.qemu.camera_protocol_ver=1
INFO         |   androidboot.qemu.cpuvulkan.version=4206592
INFO         |   androidboot.qemu.gltransport.drawFlushInterval=800
INFO         |   androidboot.qemu.gltransport.name=pipe
INFO         |   androidboot.qemu.hwcodec.avcdec=2
INFO         |   androidboot.qemu.hwcodec.hevcdec=2
INFO         |   androidboot.qemu.hwcodec.vpxdec=2
INFO         |   androidboot.qemu.settings.system.screen_off_timeout=2147483647
INFO         |   androidboot.qemu.skin=1080x2400
INFO         |   androidboot.qemu.virtiowifi=1
INFO         |   androidboot.qemu.vsync=60
INFO         |   androidboot.serialno=EMULATOR37X1X11X0
INFO         |   androidboot.vbmeta.digest=451e57ed688ff746d2c636d52169ade253e2bc5bb30a5c3ff23679ca15d3bcd3
INFO         |   androidboot.vbmeta.hash_alg=sha256
INFO         |   androidboot.vbmeta.size=6656
INFO         |   androidboot.veritymode=enforcing
WHPX on Windows 10.0.19041 detected.
Windows Hypervisor Platform accelerator is operational
netsimd I 09-23 00:12:36.662 external/netsim+/rust/daemon/src\rust_main.rs:93 - netsim artifacts path: "C:\\Users\\Administrator\\AppData\\Local\\Temp\\netsimd"
netsimd I 09-23 00:12:36.663 external/netsim+/rust/daemon/src\rust_main.rs:96 - NetsimdArgs {
    fd_startup_str: None,
    no_cli_ui: true,
    no_web_ui: true,
    pcap: false,
    disable_address_reuse: false,
    hci_port: None,
    connector_instance: None,
    instance: None,
    logtostderr: false,
    dev: false,
    forward_host_mdns: false,
    vsock: None,
    config: None,
    host_dns: Some(
        "172.18.0.2",
    ),
    http_proxy: None,
    wifi_tap: None,
    wifi: None,
    test_beacons: false,
    no_test_beacons: false,
    no_shutdown: false,
    verbose: false,
    version: false,
    debug: DebugArgs {
        debug_no_traffic: false,
        debug_no_network: false,
        debug_no_wmedium: false,
        debug_no_mdns_wmedium: false,
        debug_no_guest_to_host_mdns: false,
    },
    rssi: None,
}
INFO         | Monitoring duration of emulator setup.
WARNING      | The emulator now requires a signed jwt token for gRPC access! Use the -grpc flag if you really want an open unprotected grpc port
INFO         | Using security allow list from: C:\Users\Administrator\AppData\Local\Android\Sdk\emulator\lib\emulator_access.json
INFO         | The active JSON Web Key Sets can be found here: C:\Users\Administrator\AppData\Local\Temp\avd\running\22320\jwks\1c21c614-7d95-4884-9bad-d08ff8422d69\active.jwk
INFO         | Scanning C:\Users\Administrator\AppData\Local\Temp\avd\running\22320\jwks\1c21c614-7d95-4884-9bad-d08ff8422d69 for jwk keys.
INFO         | Started GRPC server at 127.0.0.1:8554, security: Local, auth: +token
INFO         | Advertising in: C:\Users\Administrator\AppData\Local\Temp\avd\running\pid_22320.ini
INFO         | Successfully initialized netsim WiFi
INFO         | Activated packet streamer for bluetooth emulation
INFO         | Setting display: 0 configuration to: 1080x2400, dpi: 420x420 
INFO         | setDisplayActiveConfig: id:0, 1080x2400
INFO         | emulatorSetupEnvironment: Environment scene is not required
INFO         | Loading snapshot 'default_boot'...
WARNING      | Error -1 from the snapshot callback

WARNING      | Failed to load snapshot 'default_boot'
USER_INFO    | The emulator is starting from scratch. Reason: different AVD configuration
WARNING      | UpdateCheck: Failure: SSL peer certificate or SSH remote key was not OK
WARNING      | UpdateCheck: failed to get the latest version, skipping check (current version '37.1.11-15917651')
INFO         | Boot completed in 30438 ms
INFO         | Increasing screen off timeout, logcat buffer size to 2M.
INFO         | IPv4 server found: 172.18.0.2
INFO         | Ignore IPv6 address: 48f5:46ee:502:0:c0e8:46ee:502:0
INFO         | Ignore IPv6 address: 48f5:46ee:502:0:c0e8:46ee:502:0
INFO         | Ignore IPv6 address: 48f5:46ee:502:0:c0e8:46ee:502:0
INFO         | Ignore IPv6 address: 38fb:46ee:502:0:c0e8:46ee:502:0
INFO         | Ignore IPv6 address: 38fb:46ee:502:0:c0e8:46ee:502:0
INFO         | Ignore IPv6 address: 38fb:46ee:502:0:c0e8:46ee:502:0
INFO         | Ignore IPv6 address: 8808:47ee:502:0:c0e8:46ee:502:0
INFO         | Ignore IPv6 address: 8808:47ee:502:0:c0e8:46ee:502:0
INFO         | Ignore IPv6 address: 8808:47ee:502:0:c0e8:46ee:502:0
INFO         | Ignore IPv6 address: 800e:47ee:502:0:c0e8:46ee:502:0
INFO         | Ignore IPv6 address: 800e:47ee:502:0:c0e8:46ee:502:0
INFO         | Ignore IPv6 address: 800e:47ee:502:0:c0e8:46ee:502:0
INFO         | IPv4 server found: 172.18.0.2
INFO         | Ignore IPv6 address: 48f5:46ee:502:0:c0e8:46ee:502:0
INFO         | Ignore IPv6 address: 48f5:46ee:502:0:c0e8:46ee:502:0
INFO         | Ignore IPv6 address: 48f5:46ee:502:0:c0e8:46ee:502:0
INFO         | Ignore IPv6 address: 38fb:46ee:502:0:c0e8:46ee:502:0
INFO         | Ignore IPv6 address: 38fb:46ee:502:0:c0e8:46ee:502:0
INFO         | Ignore IPv6 address: 38fb:46ee:502:0:c0e8:46ee:502:0
INFO         | Ignore IPv6 address: 8808:47ee:502:0:c0e8:46ee:502:0
INFO         | Ignore IPv6 address: 8808:47ee:502:0:c0e8:46ee:502:0
INFO         | Ignore IPv6 address: 8808:47ee:502:0:c0e8:46ee:502:0
INFO         | Ignore IPv6 address: 800e:47ee:502:0:c0e8:46ee:502:0
INFO         | Ignore IPv6 address: 800e:47ee:502:0:c0e8:46ee:502:0
INFO         | Ignore IPv6 address: 800e:47ee:502:0:c0e8:46ee:502:0
INFO         | IPv4 server found: 172.18.0.2
INFO         | Ignore IPv6 address: 48f5:46ee:502:0:c0e8:46ee:502:0
INFO         | Ignore IPv6 address: 48f5:46ee:502:0:c0e8:46ee:502:0
INFO         | Ignore IPv6 address: 48f5:46ee:502:0:c0e8:46ee:502:0
INFO         | Ignore IPv6 address: 38fb:46ee:502:0:c0e8:46ee:502:0
INFO         | Ignore IPv6 address: 38fb:46ee:502:0:c0e8:46ee:502:0
INFO         | Ignore IPv6 address: 38fb:46ee:502:0:c0e8:46ee:502:0
INFO         | Ignore IPv6 address: 8808:47ee:502:0:c0e8:46ee:502:0
INFO         | Ignore IPv6 address: 8808:47ee:502:0:c0e8:46ee:502:0
INFO         | Ignore IPv6 address: 8808:47ee:502:0:c0e8:46ee:502:0
INFO         | Ignore IPv6 address: 800e:47ee:502:0:c0e8:46ee:502:0
INFO         | Ignore IPv6 address: 800e:47ee:502:0:c0e8:46ee:502:0
INFO         | Ignore IPv6 address: 800e:47ee:502:0:c0e8:46ee:502:0
ERROR        | Failed to find ColorBuffer: 3082
INFO         | IPv4 server found: 172.18.0.2
INFO         | Ignore IPv6 address: b868:bcee:502:0:305c:bcee:502:0
INFO         | Ignore IPv6 address: b868:bcee:502:0:305c:bcee:502:0
INFO         | Ignore IPv6 address: b868:bcee:502:0:305c:bcee:502:0
INFO         | Ignore IPv6 address: a86e:bcee:502:0:305c:bcee:502:0
INFO         | Ignore IPv6 address: a86e:bcee:502:0:305c:bcee:502:0
INFO         | Ignore IPv6 address: a86e:bcee:502:0:305c:bcee:502:0
INFO         | Ignore IPv6 address: f87b:bcee:502:0:305c:bcee:502:0
INFO         | Ignore IPv6 address: f87b:bcee:502:0:305c:bcee:502:0
INFO         | Ignore IPv6 address: f87b:bcee:502:0:305c:bcee:502:0
INFO         | Ignore IPv6 address: f081:bcee:502:0:305c:bcee:502:0
INFO         | Ignore IPv6 address: f081:bcee:502:0:305c:bcee:502:0
INFO         | Ignore IPv6 address: f081:bcee:502:0:305c:bcee:502:0
INFO         | IPv4 server found: 172.18.0.2
INFO         | Ignore IPv6 address: b868:bcee:502:0:305c:bcee:502:0
INFO         | Ignore IPv6 address: b868:bcee:502:0:305c:bcee:502:0
INFO         | Ignore IPv6 address: b868:bcee:502:0:305c:bcee:502:0
INFO         | Ignore IPv6 address: a86e:bcee:502:0:305c:bcee:502:0
INFO         | Ignore IPv6 address: a86e:bcee:502:0:305c:bcee:502:0
INFO         | Ignore IPv6 address: a86e:bcee:502:0:305c:bcee:502:0
INFO         | Ignore IPv6 address: f87b:bcee:502:0:305c:bcee:502:0
INFO         | Ignore IPv6 address: f87b:bcee:502:0:305c:bcee:502:0
INFO         | Ignore IPv6 address: f87b:bcee:502:0:305c:bcee:502:0
INFO         | Ignore IPv6 address: f081:bcee:502:0:305c:bcee:502:0
INFO         | Ignore IPv6 address: f081:bcee:502:0:305c:bcee:502:0
INFO         | Ignore IPv6 address: f081:bcee:502:0:305c:bcee:502:0
INFO         | IPv4 server found: 172.18.0.2
INFO         | Ignore IPv6 address: b868:bcee:502:0:305c:bcee:502:0
INFO         | Ignore IPv6 address: b868:bcee:502:0:305c:bcee:502:0
INFO         | Ignore IPv6 address: b868:bcee:502:0:305c:bcee:502:0
INFO         | Ignore IPv6 address: a86e:bcee:502:0:305c:bcee:502:0
INFO         | Ignore IPv6 address: a86e:bcee:502:0:305c:bcee:502:0
INFO         | Ignore IPv6 address: a86e:bcee:502:0:305c:bcee:502:0
INFO         | Ignore IPv6 address: f87b:bcee:502:0:305c:bcee:502:0
INFO         | Ignore IPv6 address: f87b:bcee:502:0:305c:bcee:502:0
INFO         | Ignore IPv6 address: f87b:bcee:502:0:305c:bcee:502:0
INFO         | Ignore IPv6 address: f081:bcee:502:0:305c:bcee:502:0
INFO         | Ignore IPv6 address: f081:bcee:502:0:305c:bcee:502:0
INFO         | Ignore IPv6 address: f081:bcee:502:0:305c:bcee:502:0
INFO         | Boot completed in 5226950 ms
INFO         | Increasing screen off timeout, logcat buffer size to 2M.
INFO         | IPv4 server found: 172.18.0.2
INFO         | Ignore IPv6 address: e83c:a145:602:0:6030:a145:602:0
INFO         | Ignore IPv6 address: e83c:a145:602:0:6030:a145:602:0
INFO         | Ignore IPv6 address: e83c:a145:602:0:6030:a145:602:0
INFO         | Ignore IPv6 address: d842:a145:602:0:6030:a145:602:0
INFO         | Ignore IPv6 address: d842:a145:602:0:6030:a145:602:0
INFO         | Ignore IPv6 address: d842:a145:602:0:6030:a145:602:0
INFO         | Ignore IPv6 address: 2850:a145:602:0:6030:a145:602:0
INFO         | Ignore IPv6 address: 2850:a145:602:0:6030:a145:602:0
INFO         | Ignore IPv6 address: 2850:a145:602:0:6030:a145:602:0
INFO         | Ignore IPv6 address: 2056:a145:602:0:6030:a145:602:0
INFO         | Ignore IPv6 address: 2056:a145:602:0:6030:a145:602:0
INFO         | Ignore IPv6 address: 2056:a145:602:0:6030:a145:602:0
INFO         | IPv4 server found: 172.18.0.2
INFO         | Ignore IPv6 address: e83c:a145:602:0:6030:a145:602:0
INFO         | Ignore IPv6 address: e83c:a145:602:0:6030:a145:602:0
INFO         | Ignore IPv6 address: e83c:a145:602:0:6030:a145:602:0
INFO         | Ignore IPv6 address: d842:a145:602:0:6030:a145:602:0
INFO         | Ignore IPv6 address: d842:a145:602:0:6030:a145:602:0
INFO         | Ignore IPv6 address: d842:a145:602:0:6030:a145:602:0
INFO         | Ignore IPv6 address: 2850:a145:602:0:6030:a145:602:0
INFO         | Ignore IPv6 address: 2850:a145:602:0:6030:a145:602:0
INFO         | Ignore IPv6 address: 2850:a145:602:0:6030:a145:602:0
INFO         | Ignore IPv6 address: 2056:a145:602:0:6030:a145:602:0
INFO         | Ignore IPv6 address: 2056:a145:602:0:6030:a145:602:0
INFO         | Ignore IPv6 address: 2056:a145:602:0:6030:a145:602:0
INFO         | IPv4 server found: 172.18.0.2
INFO         | Ignore IPv6 address: e83c:a145:602:0:6030:a145:602:0
INFO         | Ignore IPv6 address: e83c:a145:602:0:6030:a145:602:0
INFO         | Ignore IPv6 address: e83c:a145:602:0:6030:a145:602:0
INFO         | Ignore IPv6 address: d842:a145:602:0:6030:a145:602:0
INFO         | Ignore IPv6 address: d842:a145:602:0:6030:a145:602:0
INFO         | Ignore IPv6 address: d842:a145:602:0:6030:a145:602:0
INFO         | Ignore IPv6 address: 2850:a145:602:0:6030:a145:602:0
INFO         | Ignore IPv6 address: 2850:a145:602:0:6030:a145:602:0
INFO         | Ignore IPv6 address: 2850:a145:602:0:6030:a145:602:0
INFO         | Ignore IPv6 address: 2056:a145:602:0:6030:a145:602:0
INFO         | Ignore IPv6 address: 2056:a145:602:0:6030:a145:602:0
INFO         | Ignore IPv6 address: 2056:a145:602:0:6030:a145:602:0
INFO         | IPv4 server found: 172.18.0.2
INFO         | Ignore IPv6 address: 185a:eed0:602:0:904d:eed0:602:0
INFO         | Ignore IPv6 address: 185a:eed0:602:0:904d:eed0:602:0
INFO         | Ignore IPv6 address: 185a:eed0:602:0:904d:eed0:602:0
INFO         | Ignore IPv6 address: 860:eed0:602:0:904d:eed0:602:0
INFO         | Ignore IPv6 address: 860:eed0:602:0:904d:eed0:602:0
INFO         | Ignore IPv6 address: 860:eed0:602:0:904d:eed0:602:0
INFO         | Ignore IPv6 address: 586d:eed0:602:0:904d:eed0:602:0
INFO         | Ignore IPv6 address: 586d:eed0:602:0:904d:eed0:602:0
INFO         | Ignore IPv6 address: 586d:eed0:602:0:904d:eed0:602:0
INFO         | Ignore IPv6 address: 5073:eed0:602:0:904d:eed0:602:0
INFO         | Ignore IPv6 address: 5073:eed0:602:0:904d:eed0:602:0
INFO         | Ignore IPv6 address: 5073:eed0:602:0:904d:eed0:602:0
INFO         | IPv4 server found: 172.18.0.2
INFO         | Ignore IPv6 address: 185a:eed0:602:0:904d:eed0:602:0
INFO         | Ignore IPv6 address: 185a:eed0:602:0:904d:eed0:602:0
INFO         | Ignore IPv6 address: 185a:eed0:602:0:904d:eed0:602:0
INFO         | Ignore IPv6 address: 860:eed0:602:0:904d:eed0:602:0
INFO         | Ignore IPv6 address: 860:eed0:602:0:904d:eed0:602:0
INFO         | Ignore IPv6 address: 860:eed0:602:0:904d:eed0:602:0
INFO         | Ignore IPv6 address: 586d:eed0:602:0:904d:eed0:602:0
INFO         | Ignore IPv6 address: 586d:eed0:602:0:904d:eed0:602:0
INFO         | Ignore IPv6 address: 586d:eed0:602:0:904d:eed0:602:0
INFO         | Ignore IPv6 address: 5073:eed0:602:0:904d:eed0:602:0
INFO         | Ignore IPv6 address: 5073:eed0:602:0:904d:eed0:602:0
INFO         | Ignore IPv6 address: 5073:eed0:602:0:904d:eed0:602:0
INFO         | IPv4 server found: 172.18.0.2
INFO         | Ignore IPv6 address: 185a:eed0:602:0:904d:eed0:602:0
INFO         | Ignore IPv6 address: 185a:eed0:602:0:904d:eed0:602:0
INFO         | Ignore IPv6 address: 185a:eed0:602:0:904d:eed0:602:0
INFO         | Ignore IPv6 address: 860:eed0:602:0:904d:eed0:602:0
INFO         | Ignore IPv6 address: 860:eed0:602:0:904d:eed0:602:0
INFO         | Ignore IPv6 address: 860:eed0:602:0:904d:eed0:602:0
INFO         | Ignore IPv6 address: 586d:eed0:602:0:904d:eed0:602:0
INFO         | Ignore IPv6 address: 586d:eed0:602:0:904d:eed0:602:0
INFO         | Ignore IPv6 address: 586d:eed0:602:0:904d:eed0:602:0
INFO         | Ignore IPv6 address: 5073:eed0:602:0:904d:eed0:602:0
INFO         | Ignore IPv6 address: 5073:eed0:602:0:904d:eed0:602:0
INFO         | Ignore IPv6 address: 5073:eed0:602:0:904d:eed0:602:0
INFO         | IPv4 server found: 172.18.0.2
INFO         | Ignore IPv6 address: 185a:eed0:602:0:904d:eed0:602:0
INFO         | Ignore IPv6 address: 185a:eed0:602:0:904d:eed0:602:0
INFO         | Ignore IPv6 address: 185a:eed0:602:0:904d:eed0:602:0
INFO         | Ignore IPv6 address: 860:eed0:602:0:904d:eed0:602:0
INFO         | Ignore IPv6 address: 860:eed0:602:0:904d:eed0:602:0
INFO         | Ignore IPv6 address: 860:eed0:602:0:904d:eed0:602:0
INFO         | Ignore IPv6 address: 586d:eed0:602:0:904d:eed0:602:0
INFO         | Ignore IPv6 address: 586d:eed0:602:0:904d:eed0:602:0
INFO         | Ignore IPv6 address: 586d:eed0:602:0:904d:eed0:602:0
INFO         | Ignore IPv6 address: 5073:eed0:602:0:904d:eed0:602:0
INFO         | Ignore IPv6 address: 5073:eed0:602:0:904d:eed0:602:0
INFO         | Ignore IPv6 address: 5073:eed0:602:0:904d:eed0:602:0
INFO         | IPv4 server found: 172.18.0.2
INFO         | Ignore IPv6 address: 185a:eed0:602:0:904d:eed0:602:0
INFO         | Ignore IPv6 address: 185a:eed0:602:0:904d:eed0:602:0
INFO         | Ignore IPv6 address: 185a:eed0:602:0:904d:eed0:602:0
INFO         | Ignore IPv6 address: 860:eed0:602:0:904d:eed0:602:0
INFO         | Ignore IPv6 address: 860:eed0:602:0:904d:eed0:602:0
INFO         | Ignore IPv6 address: 860:eed0:602:0:904d:eed0:602:0
INFO         | Ignore IPv6 address: 586d:eed0:602:0:904d:eed0:602:0
INFO         | Ignore IPv6 address: 586d:eed0:602:0:904d:eed0:602:0
INFO         | Ignore IPv6 address: 586d:eed0:602:0:904d:eed0:602:0
INFO         | Ignore IPv6 address: 5073:eed0:602:0:904d:eed0:602:0
INFO         | Ignore IPv6 address: 5073:eed0:602:0:904d:eed0:602:0
INFO         | Ignore IPv6 address: 5073:eed0:602:0:904d:eed0:602:0
INFO         | IPv4 server found: 172.18.0.2
INFO         | Ignore IPv6 address: 185a:eed0:602:0:904d:eed0:602:0
INFO         | Ignore IPv6 address: 185a:eed0:602:0:904d:eed0:602:0
INFO         | Ignore IPv6 address: 185a:eed0:602:0:904d:eed0:602:0
INFO         | Ignore IPv6 address: 860:eed0:602:0:904d:eed0:602:0
INFO         | Ignore IPv6 address: 860:eed0:602:0:904d:eed0:602:0
INFO         | Ignore IPv6 address: 860:eed0:602:0:904d:eed0:602:0
INFO         | Ignore IPv6 address: 586d:eed0:602:0:904d:eed0:602:0
INFO         | Ignore IPv6 address: 586d:eed0:602:0:904d:eed0:602:0
INFO         | Ignore IPv6 address: 586d:eed0:602:0:904d:eed0:602:0
INFO         | Ignore IPv6 address: 5073:eed0:602:0:904d:eed0:602:0
INFO         | Ignore IPv6 address: 5073:eed0:602:0:904d:eed0:602:0
INFO         | Ignore IPv6 address: 5073:eed0:602:0:904d:eed0:602:0
INFO         | IPv4 server found: 172.18.0.2
INFO         | Ignore IPv6 address: 986d:174b:602:0:1061:174b:602:0
INFO         | Ignore IPv6 address: 986d:174b:602:0:1061:174b:602:0
INFO         | Ignore IPv6 address: 986d:174b:602:0:1061:174b:602:0
INFO         | Ignore IPv6 address: 8873:174b:602:0:1061:174b:602:0
INFO         | Ignore IPv6 address: 8873:174b:602:0:1061:174b:602:0
INFO