==> [1/4] gradle build (:core:contracts + :app + :tools:compiler)
> Task :core:contracts:checkKotlinGradlePluginConfigurationErrors SKIPPED
> Task :core:contracts:compileKotlin UP-TO-DATE
> Task :core:contracts:compileJava NO-SOURCE
> Task :core:contracts:processResources NO-SOURCE
> Task :core:contracts:classes UP-TO-DATE
> Task :core:contracts:jar UP-TO-DATE
> Task :core:contracts:assemble UP-TO-DATE
> Task :core:contracts:compileTestKotlin UP-TO-DATE
> Task :core:contracts:compileTestJava NO-SOURCE
> Task :core:contracts:processTestResources NO-SOURCE
> Task :core:contracts:testClasses UP-TO-DATE
> Task :core:contracts:test UP-TO-DATE
> Task :core:contracts:check UP-TO-DATE
> Task :core:contracts:build UP-TO-DATE
> Task :app:preBuild UP-TO-DATE
> Task :app:preDebugBuild UP-TO-DATE
> Task :app:mergeDebugNativeDebugMetadata NO-SOURCE
> Task :app:checkKotlinGradlePluginConfigurationErrors SKIPPED
> Task :app:checkDebugAarMetadata UP-TO-DATE
> Task :app:generateDebugResValues UP-TO-DATE
> Task :app:mapDebugSourceSetPaths UP-TO-DATE
> Task :app:generateDebugResources UP-TO-DATE
> Task :app:mergeDebugResources UP-TO-DATE
> Task :app:packageDebugResources UP-TO-DATE
> Task :app:parseDebugLocalResources UP-TO-DATE
> Task :app:createDebugCompatibleScreenManifests UP-TO-DATE
> Task :app:extractDeepLinksDebug UP-TO-DATE
> Task :app:processDebugMainManifest UP-TO-DATE
> Task :app:processDebugManifest UP-TO-DATE
> Task :app:processDebugManifestForPackage UP-TO-DATE
> Task :app:processDebugResources UP-TO-DATE
> Task :app:compileDebugKotlin UP-TO-DATE
> Task :app:javaPreCompileDebug UP-TO-DATE
> Task :app:compileDebugJavaWithJavac NO-SOURCE
> Task :app:mergeDebugShaders UP-TO-DATE
> Task :app:compileDebugShaders NO-SOURCE
> Task :app:generateDebugAssets UP-TO-DATE
> Task :app:mergeDebugAssets UP-TO-DATE
> Task :app:compressDebugAssets UP-TO-DATE
> Task :app:desugarDebugFileDependencies UP-TO-DATE
> Task :app:dexBuilderDebug
> Task :app:mergeDebugGlobalSynthetics UP-TO-DATE
> Task :app:processDebugJavaRes UP-TO-DATE
> Task :app:mergeDebugJavaResource UP-TO-DATE
> Task :app:checkDebugDuplicateClasses UP-TO-DATE
> Task :app:mergeExtDexDebug UP-TO-DATE
> Task :app:mergeLibDexDebug UP-TO-DATE
> Task :app:mergeDebugJniLibFolders UP-TO-DATE
> Task :app:mergeDebugNativeLibs UP-TO-DATE
> Task :app:stripDebugDebugSymbols UP-TO-DATE
> Task :app:validateSigningDebug UP-TO-DATE
> Task :app:writeDebugAppMetadata UP-TO-DATE
> Task :app:writeDebugSigningConfigVersions UP-TO-DATE
> Task :tools:compiler:checkKotlinGradlePluginConfigurationErrors SKIPPED
> Task :tools:compiler:compileKotlin UP-TO-DATE
> Task :tools:compiler:compileJava NO-SOURCE
> Task :tools:compiler:processResources NO-SOURCE
> Task :tools:compiler:classes UP-TO-DATE
> Task :tools:compiler:jar UP-TO-DATE
> Task :tools:compiler:startScripts UP-TO-DATE
> Task :tools:compiler:distTar
> Task :app:mergeProjectDexDebug
> Task :tools:compiler:distZip
> Task :tools:compiler:assemble
> Task :tools:compiler:compileTestKotlin UP-TO-DATE
> Task :tools:compiler:compileTestJava NO-SOURCE
> Task :tools:compiler:processTestResources NO-SOURCE
> Task :tools:compiler:testClasses UP-TO-DATE
> Task :tools:compiler:test UP-TO-DATE
> Task :tools:compiler:check UP-TO-DATE
> Task :tools:compiler:build
> Task :app:packageDebug
> Task :app:createDebugApkListingFileRedirect UP-TO-DATE
> Task :app:assembleDebug

BUILD SUCCESSFUL in 1s
46 actionable tasks: 5 executed, 41 up-to-date
==> [2/4] gradle test (:core:contracts, :app, :tools:compiler, --rerun-tasks)
> Task :core:contracts:checkKotlinGradlePluginConfigurationErrors SKIPPED
> Task :core:contracts:processResources NO-SOURCE
> Task :core:contracts:processTestResources NO-SOURCE
> Task :core:contracts:compileKotlin
> Task :core:contracts:compileJava NO-SOURCE
> Task :core:contracts:classes UP-TO-DATE
> Task :core:contracts:jar
> Task :core:contracts:compileTestKotlin
> Task :core:contracts:compileTestJava NO-SOURCE
> Task :core:contracts:testClasses UP-TO-DATE

> Task :core:contracts:test

ContractsTest > commandSampleFromContractsDoc() PASSED

ContractsTest > actionResultRoundTrip() PASSED

ContractsTest > actionRoundTrip() PASSED

ContractsTest > stopReasonSampleFromContractsDoc() PASSED

ContractsTest > actionPlanRoundTrip() PASSED

ContractsTest > commandRoundTrip() PASSED

ContractsTest > actionResultSampleFromContractsDoc() PASSED

ContractsTest > stopReasonRoundTrip() PASSED

ContractsTest > defaultSemanticsAndUnknownFields() PASSED

ContractsTest > observationRoundTrip() PASSED

ContractsTest > actionSampleFromContractsDoc() PASSED

ContractsTest > observationSampleFromContractsDoc() PASSED

ContractsTest > actionPlanSampleFromContractsDoc() PASSED

PipelineTest > safety gate viewport blocks chain with STOP receipt() PASSED

PipelineTest > empty input yields empty result list without stopping() PASSED

PipelineTest > normal chain executes all actions and echoes landed() PASSED

PipelineTest > safety gate click disabled blocks first action only() PASSED

PipelineTest > mock backend directly honors gates and echo() PASSED

PipelineTest > dirty input fails loudly instead of faking success() PASSED

BUILD SUCCESSFUL in 3s
4 actionable tasks: 4 executed
> Task :core:contracts:checkKotlinGradlePluginConfigurationErrors SKIPPED
> Task :core:contracts:compileKotlin UP-TO-DATE
> Task :core:contracts:compileJava NO-SOURCE
> Task :core:contracts:processResources NO-SOURCE
> Task :core:contracts:classes UP-TO-DATE
> Task :core:contracts:jar UP-TO-DATE
> Task :app:checkKotlinGradlePluginConfigurationErrors SKIPPED
> Task :app:preBuild UP-TO-DATE
> Task :app:preDebugBuild UP-TO-DATE
> Task :app:checkDebugAarMetadata UP-TO-DATE
> Task :app:generateDebugResValues UP-TO-DATE
> Task :app:mapDebugSourceSetPaths UP-TO-DATE
> Task :app:generateDebugResources UP-TO-DATE
> Task :app:mergeDebugResources UP-TO-DATE
> Task :app:packageDebugResources UP-TO-DATE
> Task :app:parseDebugLocalResources UP-TO-DATE
> Task :app:createDebugCompatibleScreenManifests UP-TO-DATE
> Task :app:extractDeepLinksDebug UP-TO-DATE
> Task :app:processDebugMainManifest UP-TO-DATE
> Task :app:processDebugManifest UP-TO-DATE
> Task :app:processDebugManifestForPackage UP-TO-DATE
> Task :app:processDebugResources UP-TO-DATE
> Task :app:compileDebugKotlin UP-TO-DATE
> Task :app:javaPreCompileDebug UP-TO-DATE
> Task :app:compileDebugJavaWithJavac NO-SOURCE
> Task :app:bundleDebugClassesToRuntimeJar UP-TO-DATE
> Task :app:bundleDebugClassesToCompileJar UP-TO-DATE
> Task :app:compileDebugUnitTestKotlin UP-TO-DATE
> Task :app:preDebugUnitTestBuild UP-TO-DATE
> Task :app:javaPreCompileDebugUnitTest UP-TO-DATE
> Task :app:compileDebugUnitTestJavaWithJavac NO-SOURCE
> Task :app:processDebugJavaRes UP-TO-DATE
> Task :app:processDebugUnitTestJavaRes UP-TO-DATE

> Task :app:testDebugUnitTest

AppStateTest > submit 落新鲜请求且可被消费作废 PASSED

AppStateTest > TTL 内请求不过期 PASSED

AppStateTest > 超过 TTL 一毫秒即过期 PASSED

NodeTaskRunnerTest > action门禁未放行则设备零调用 PASSED

NodeTaskRunnerTest > click与wait与type_text混合队列按序执行 PASSED

NodeTaskRunnerTest > 二次确认等待期间kill取消面板等待并产USER_STOP回执 PASSED

NodeTaskRunnerTest > 停止回执Command与ClosedLoop形状同字段无损 PASSED

NodeTaskRunnerTest > type_text 句柄过期但字已落进换新输入节点 扫树自证不误红 PASSED

NodeTaskRunnerTest > 执行前kill已置位则整队不执行并产USER_STOP回执 PASSED

NodeTaskRunnerTest > 缺少定位线索以INVALID_INPUT中止不猜测 PASSED

NodeTaskRunnerTest > 高危节点确认后执行且details带second_confirmed PASSED

NodeTaskRunnerTest > type_text SET_TEXT虚报后paste兜底落字 成功且details记route PASSED

NodeTaskRunnerTest > 多类同中主判取声明序最高类别 PASSED

NodeTaskRunnerTest > 队列中途kill立即中止剩余步骤 PASSED

NodeTaskRunnerTest > performAction返回false以EXECUTOR_ERROR中止 PASSED

NodeTaskRunnerTest > type_text虚报 performAction为true但未落字 回执翻失败并停机 PASSED

NodeTaskRunnerTest > type_text明示拒绝边重派一次封顶仍拒收perform_failed PASSED

NodeTaskRunnerTest > 定位轮询期间kill立即中止并产USER_STOP回执而非NODE_NOT_FOUND PASSED

NodeTaskRunnerTest > 词表装载失败时任何节点默认拒绝 PASSED

NodeTaskRunnerTest > type_text 过渡态谎报后整步重试落字则判成功 PASSED

NodeTaskRunnerTest > 高危确认超时视为拒绝 PASSED

NodeTaskRunnerTest > 定位失败产NODE_NOT_FOUND并带三阶attempts证据后中止 PASSED

NodeTaskRunnerTest > 末步执行中kill在步界补发回执_队列不以stopped_false收官 PASSED

NodeTaskRunnerTest > 落字复核期间kill中止轮询且不误报set_text_unverified PASSED

NodeTaskRunnerTest > 不支持的动作类型以EXECUTOR_ERROR中止 PASSED

NodeTaskRunnerTest > root为空时按miss归因且队列中止 PASSED

NodeTaskRunnerTest > 三步click链全绿并留痕定位信息 PASSED

NodeTaskRunnerTest > 高危节点无人确认则SAFETY_GATE中止且后续步不执行 PASSED

NodeTreeLocatorTest > 二阶落空后三阶语法非法，两阶记录都在 miss 里 PASSED

NodeTreeLocatorTest > 一阶落空自动走二阶，尝试链留两阶记录 PASSED

NodeTreeLocatorTest > L3 前段命中为叶子时后段无范围可扫 PASSED

NodeTreeLocatorTest > L1 唯一 resource-id 命中并留下 nodeRef 与活句柄 PASSED

NodeTreeLocatorTest > L3 段内序号越界精确到段 PASSED

NodeTreeLocatorTest > L1 多命中按 instance 取文档序 PASSED

NodeTreeLocatorTest > L2 trim 后全等命中 PASSED

NodeTreeLocatorTest > L2 contentDescription 等值命中并在 matchedBy 留痕 PASSED

NodeTreeLocatorTest > L3 军令原例三段路径命中深层第三可点节点 PASSED

NodeTreeLocatorTest > L3 中间段落空时精确报告段号与扫描范围 PASSED

NodeTreeLocatorTest > L3 段内无序号取第一个可点节点且不受 instance 影响 PASSED

NodeTreeLocatorTest > L3 通配段与空格分隔容错 PASSED

NodeTreeLocatorTest > L1 instance 越界只报 miss 不降级 PASSED

NodeTreeLocatorTest > L2 禁止 contains 式模糊命中 PASSED

NodeTreeLocatorTest > 无任何线索的请求产出三阶 NOT_ATTEMPTED 而非猜测 PASSED

NodeTreeLocatorTest > L3 前两阶落空由路径兜住且三阶尝试链完整 PASSED

NodeTreeLocatorTest > L2 深层嵌套可命中 PASSED

NodeTreeLocatorTest > 根节点为空时三阶一律 NOT_ATTEMPTED PASSED

NodeTreeLocatorTest > L3 后代深度可变，段在锚点子树内按层序就近取 PASSED

NodeTreeLocatorTest > 三阶线索齐备全空时逐级留痕 PASSED

NodeTreeLocatorTest > 空串 resource-id 记为非法而非静默跳过 PASSED

NodeTreeLocatorTest > L2 空串线索记为非法 PASSED

NodeTreeLocatorTest > L1 可命中根节点自身 PASSED

NodeTreeLocatorTest > L2 多命中按文档序深度优先取 instance PASSED

NodeTreeLocatorTest > L3 谓词组合：class 短名与全名、id entry、package 与 text 与 scrollable PASSED

NodeTreeLocatorTest > L3 路径语法非法一律记 INVALID_QUERY 不猜 PASSED

NodeTreeLocatorTest > L2 text 与 desc 同时给出时按节点先后取命中 PASSED

NodeTreeLocatorTest > L1 resource-id 整串全等，同名 entry 跨包不算命中 PASSED

NodeTreeLocatorTest > L1 定位不读坐标，bounds 相同的两节点靠 resource-id 分辨 PASSED

AccessibilityGateTest > 服务未连即拒，且优先级最高 PASSED

AccessibilityGateTest > 执行中即拒（录进去的是执行器自己的手） PASSED

AccessibilityGateTest > 挂不上球即拒（L1 原判据，不做看不见球的降级录制） PASSED

AccessibilityGateTest > READY 无话术，其余三档必须有人读归因 PASSED

AccessibilityGateTest > 未连接话术含立即可见动作与禁用结论（L2-① 字面判据） PASSED

AccessibilityGateTest > 三项齐备才 READY PASSED

RecorderAdjudicationLockTest > 裁决1锁定 非空白resourceId独占且产物永不携带空白串id PASSED

RecorderAdjudicationLockTest > 裁决2锁定 路径形态为首段加一后续等子下标的AnyNode链 不嵌入className PASSED

RecorderAdjudicationLockTest > 裁决1锁定 空白resourceId不进一阶 按缺失落text或路径 PASSED

RecorderCompilerTest > L2-2 SET_TEXT 原文不 trim 不转义丢失，JSON 往返后全等 PASSED

RecorderCompilerTest > L2-3 confirmed=false 不产步骤，产 DroppedBySafety 记录（fail-closed） PASSED

RecorderCompilerTest > L1 输入结构与产物零坐标字段 PASSED

RecorderCompilerTest > L2-1 只保留目标包且窗口在目标包的动作，跨包丢弃并计数归因 PASSED

RecorderCompilerTest > L2-8 未知事件子类型丢弃并计数，不崩不产步骤 PASSED

RecorderCompilerTest > L2-5 仅路径词汇：产物路径串可被 PathPatternParser 解析且 NodeTreeLocator 回放命中同一节点 PASSED

RecorderCompilerTest > L2-10 丢弃原因枚举 total 映射到 STAGE-02 回执 6 类，稳定码与冻结文件对齐 PASSED

RecorderCompilerTest > L2-7 全丢弃时零步骤但归因完整，半步与非法路径也在此族 PASSED

RecorderCompilerTest > L2-5 有 resourceId 时步骤 value 只用 resource_id，其余词汇一概不进 PASSED

RecorderCompilerTest > L2-4 合并判定用时间戳与索引路径，异路径或被其他动作打断不合并 PASSED

RecorderCompilerTest > L2-5 无 id（含空白 id）用 trim 全等 text 与 desc，仍无才落层级路径 PASSED

RecorderCompilerTest > L2-6 产物为 contracts Action 列表 JSON，decode 回读等值且键名符合执行器解码口径 PASSED

RecorderCompilerTest > L2-4 去抖边界 恰好300ms不合并，299ms合并 PASSED

RecorderCompilerTest > L2-4 同 indexPath 连续 CLICK 小于300ms 合并为一步，merged 计数 PASSED

RecorderCompilerTest > L2-7 空事件流产出空步骤与零归因，不抛异常 PASSED

RecorderCompilerTest > 金链 compile到encode到decode到NodeTaskRunner 全绿且SET_TEXT原文送达设备 PASSED

RecorderEditingTest > L2-9 删第2步后原第5步逐字段原样且活树仍可定位命中 PASSED

RecorderEditingTest > L2-9 编辑后的列表重新序列化往返仍等值（删步不产脏 JSON） PASSED

RecorderEditingTest > L2-9 改名与移序为纯列表函数，其余步骤逐条不动 PASSED

RecorderEditingTest > L2-9 编辑原语越界与空名一律拒绝，不静默吞 PASSED

CaptureAdapterTest > 一次慢拖的多条滚动事件只成一步 PASSED

CaptureAdapterTest > computeIndexPath 父链断裂返回负路径交编译期丢弃 PASSED

CaptureAdapterTest > 窗态切换翻译为 WindowChanged PASSED

CaptureAdapterTest > click 快照翻译为已确认节点动作 PASSED

CaptureAdapterTest > 被折叠的打字中间态可由会话层取走 PASSED

CaptureAdapterTest > computeIndexPath 自叶到根记录子下标 PASSED

CaptureAdapterTest > 自家 App 事件永不入流 PASSED

CaptureAdapterTest > 连续同节点打字折叠为终态一条 PASSED

CaptureAdapterTest > computeIndexPath 父链终点非根时判不可信 PASSED

CaptureAdapterTest > 跨节点打字不互相折叠 PASSED

CaptureAdapterTest > computeIndexPath 根节点得空路径 PASSED

CaptureAdapterTest > 长按以 UNKNOWN 入流交编译期留痕丢弃 PASSED

CaptureAdapterTest > 滚动方向按位置变化判定 PASSED

CaptureAdapterTest > signed delta 优先于位置比较定方向 PASSED

CaptureAdapterTest > 首见滚动到底时判回退否则判前进 PASSED

CaptureAdapterTest > 零位移证据的滚动判噪不成事件但留痕 PASSED

CaptureAdapterTest > 高危词命中不枪毙：录制保留，回放期二次确认负责 PASSED

RecorderSessionTest > S22-1a 合法转移逐条正例 IDLE→RECORDING⇄PAUSED→STOPPED PASSED

RecorderSessionTest > S22-9 金链 断点续录后compile产物与一次性compile逐字段等值 PASSED

RecorderSessionTest > S22-7 损坏或非法存档 8 种形态均返回 CORRUPT_ARCHIVE 不抛异常 PASSED

RecorderSessionTest > S22-3b maxEvents 为 0 时任何 append 均溢出拒绝 构造参可低至 0 PASSED

RecorderSessionTest > S22-3 溢出 第N加1条被拒且归因OVERFLOW 计数可读 前N条完好 PASSED

RecorderSessionTest > S22-4b 带事件往返 特殊字符与null字段保真 STOPPED档字节全等 PASSED

RecorderSessionTest > S22-4c 溢出计数与被拒副本随存档往返 PASSED

RecorderSessionTest > S22-8 clock 为会话唯一时间源 连续取号单调递增且测试零真实等待 PASSED

RecorderSessionTest > S22-5b 续录后的时间戳来自读档时注入的 clock 而非墙钟 PASSED

RecorderSessionTest > S22-7b 损坏档读失败后原会话不受影响 可继续正常录制 PASSED

RecorderSessionTest > S22-1b 非法转移全表 14 组 每态每非法操作均拒绝带归因且状态不变不抛 PASSED

RecorderSessionTest > S22-5 读档恒 STOPPED只读 RECORDING或PAUSED档不复活 append被拒 resumeAsRecording后受理 PASSED

RecorderSessionTest > S22-10 会话只读视图 eventList 返回拷贝 后续录制不回灌旧视图 PASSED

RecorderSessionTest > S22-6 事件结构复用冻结 RecEvent 子类 读档产物仍是同一批类型实例 PASSED

RecorderSessionTest > S22-4 serialize 四态各调一次不抛 含targetPkg与state与事件序列 往返结构等值 PASSED

RecorderSessionTest > S22-2 append 在 IDLE PAUSED STOPPED 三态均拒 事件不入缓冲且带归因 PASSED

HighRiskMatcherTest > 英文关键词大小写不敏感命中 PASSED

HighRiskMatcherTest > 三字段全空或null不崩溃且放行 PASSED

HighRiskMatcherTest > 词表装载为空表视为坏装载默认拒绝 PASSED

HighRiskMatcherTest > 已支付金额展示文本同样命中支付类（宁可多一次二次确认） PASSED

HighRiskMatcherTest > 普通设置节点三字段均未命中则放行 PASSED

HighRiskMatcherTest > 七类中文关键词逐一命中 PASSED

HighRiskMatcherTest > 多类同中按声明顺序取最高优先级为主判并全量留痕 PASSED

HighRiskMatcherTest > snake_case的resourceId命中子串匹配路径 PASSED

HighRiskMatcherTest > contentDesc字段同样受检 PASSED

HighRiskMatcherTest > 发送键盘命中发送类而非支付类 PASSED

HighRiskMatcherTest > 未初始化matcher默认拒绝 PASSED

HighRiskMatcherTest > 词表装载抛异常则任何动作默认拒绝 PASSED

KillSwitchTest > stop幂等且首信号不被覆盖 PASSED

KillSwitchTest > 初始为运行态且flow可见当前信号 PASSED

KillSwitchTest > reset恢复运行态可再次停止 PASSED

KillSwitchTest > stop后isStopped与flow同时翻转并携带现场 PASSED

SafetyQueueRunnerTest > 高危步无人确认则整条队列以SAFETY_GATE_BLOCKED中止 PASSED

SafetyQueueRunnerTest > 高危步经二次确认后放行执行 PASSED

SafetyQueueRunnerTest > 队列中途kill则剩余步中止 PASSED

SafetyQueueRunnerTest > 全绿队列逐步执行且无停止回执 PASSED

SafetyQueueRunnerTest > 词表坏时首步即拒且执行器零调用 PASSED

SafetyQueueRunnerTest > 开跑前已被kill则一步不执行并产Command风格回执 PASSED

InterruptedRunReportTest > 过期丢弃回执带 REQUEST_EXPIRED 且注明未开始执行 PASSED

InterruptedRunReportTest > 中断回执标记停止且结果集为空并注明不可信 PASSED

InterruptedRunReportTest > 中断回执是合法 stop 命令且每次调用 commandId 唯一 PASSED

InterruptedRunReportTest > 忙中丢弃回执注明会被执行中任务覆写 PASSED

BUILD SUCCESSFUL in 15s
24 actionable tasks: 1 executed, 23 up-to-date
> Task :core:contracts:checkKotlinGradlePluginConfigurationErrors SKIPPED
> Task :core:contracts:processResources NO-SOURCE
> Task :tools:compiler:checkKotlinGradlePluginConfigurationErrors SKIPPED
> Task :tools:compiler:processResources NO-SOURCE
> Task :tools:compiler:processTestResources NO-SOURCE
> Task :core:contracts:compileKotlin
> Task :core:contracts:compileJava NO-SOURCE
> Task :core:contracts:classes UP-TO-DATE
> Task :core:contracts:jar
> Task :tools:compiler:compileKotlin
> Task :tools:compiler:compileJava NO-SOURCE
> Task :tools:compiler:classes UP-TO-DATE
> Task :tools:compiler:jar
> Task :tools:compiler:compileTestKotlin
> Task :tools:compiler:compileTestJava NO-SOURCE
> Task :tools:compiler:testClasses UP-TO-DATE
> Task :tools:compiler:test

BUILD SUCCESSFUL in 3s
6 actionable tasks: 6 executed
==> [3/4] 红线 grep
  redline A clean (no network-call keywords under core/)
  redline B clean (no teammate-workspace references)
  redline C clean (no network-call keywords under app/src/main)
  redline D clean (no gesture/coordinate injection)
  redline E clean (manifest free of SYSTEM_ALERT_WINDOW)
==> [4/4] ci-local PASS
