[0;33m··[0m ===== 第 1/1 轮：录 → 编 → 放（8 步） =====
[0;33m··[0m 预走坐标可复用：S2_COORDS='412 1090|343 1120|302 786|73 201|73 201|373 675|73 201|73 201'
[0;33m··[0m 编译产物：09-23 04:15:08.643 32765 32765 I AnytouchRun: S2SMOKE compiled ok actions=8 drops=0 merged=0 events=19 target=com.android.settings
     09-23 04:15:08.644 32765 32765 I AnytouchRun: S2SMOKE-STEP index=0 type=click value={"text":"Connected devices"}
     09-23 04:15:08.646 32765 32765 I AnytouchRun: S2SMOKE-STEP index=1 type=click value={"text":"Connection preferences"}
     09-23 04:15:08.647 32765 32765 I AnytouchRun: S2SMOKE-STEP index=2 type=click value={"text":"Bluetooth"}
     09-23 04:15:08.648 32765 32765 I AnytouchRun: S2SMOKE-STEP index=3 type=click value={"content_desc":"Navigate up"}
     09-23 04:15:08.649 32765 32765 I AnytouchRun: S2SMOKE-STEP index=4 type=click value={"content_desc":"Navigate up"}
     09-23 04:15:08.649 32765 32765 I AnytouchRun: S2SMOKE-STEP index=5 type=click value={"text":"Pair new device"}
     09-23 04:15:08.649 32765 32765 I AnytouchRun: S2SMOKE-STEP index=6 type=click value={"content_desc":"Navigate up"}
     09-23 04:15:08.650 32765 32765 I AnytouchRun: S2SMOKE-STEP index=7 type=click value={"content_desc":"Navigate up"}
      | 09-23 04:14:41.190 32765 32765 I AnytouchRun: S2SMOKE record start target=com.android.settings
      | 09-23 04:14:42.975 32765 32765 I AnytouchRun: S2SMOKE event-meta viewClicked evt=android.widget.LinearLayout/Connected devices|Bluetooth, pairing/null src=android.widget.LinearLayout/null/null id=null
      | 09-23 04:14:43.300 32765 32765 I AnytouchRun: S2SMOKE event-meta viewScrolled evt=androidx.recyclerview.widget.RecyclerView/null/null src=androidx.recyclerview.widget.RecyclerView/null/null id=com.android.settings:id/recycler_view
      | 09-23 04:14:43.346 32765 32765 W AnytouchRun: S2SMOKE capture note: viewScrolled 无位移证据 pkg=com.android.settings id=com.android.settings:id/recycler_view delta=0x0 pos=0x0 max=0x0（布局重排，不成步）
      | 09-23 04:14:46.156 32765 32765 I AnytouchRun: S2SMOKE event-meta viewClicked evt=android.widget.LinearLayout/Connection preferences|Bluetooth, Android Auto/null src=android.widget.LinearLayout/null/null id=null
      | 09-23 04:14:46.417 32765 32765 I AnytouchRun: S2SMOKE event-meta viewScrolled evt=androidx.recyclerview.widget.RecyclerView/null/null src=androidx.recyclerview.widget.RecyclerView/null/null id=com.android.settings:id/recycler_view
      | 09-23 04:14:46.426 32765 32765 W AnytouchRun: S2SMOKE capture note: viewScrolled 无位移证据 pkg=com.android.settings id=com.android.settings:id/recycler_view delta=0x0 pos=0x0 max=0x0（布局重排，不成步）
      | 09-23 04:14:49.269 32765 32765 I AnytouchRun: S2SMOKE event-meta viewClicked evt=android.widget.LinearLayout/Bluetooth/null src=android.widget.LinearLayout/null/null id=null
      | 09-23 04:14:49.341 32765 32765 I AnytouchRun: S2SMOKE content no-match(严档 kids=2/句柄子树): want=[Bluetooth] 同cls节点=14 roots=1 near=[0] kids=1 texts=([Bluetooth, Use Bluetooth], [Bluetooth, Navigate up]) || [0, 0, 0, 0] kids=1 texts=([Bluetooth], [Bluetooth, Navigate up]) || [0, 0, 0, 1, 0] kids=2 texts=([Device name, Pair new device, Use Bluetooth, When Bluetooth is turned on, your device can communicate with other nearby Bluetooth devices., sdk_gphone64_x86_64], [])
      | 09-23 04:14:49.346 32765 32765 I AnytouchRun: S2SMOKE content no-match(宽档/句柄子树): want=[Bluetooth] 同cls节点=14 roots=1 near=[0] kids=1 texts=([Bluetooth, Use Bluetooth], [Bluetooth, Navigate up]) || [0, 0, 0, 0] kids=1 texts=([Bluetooth], [Bluetooth, Navigate up]) || [0, 0, 0, 1, 0] kids=2 texts=([Device name, Pair new device, Use Bluetooth, When Bluetooth is turned on, your device can communicate with other nearby Bluetooth devices., sdk_gphone64_x86_64], [])
      | 09-23 04:14:49.355 32765 32765 I AnytouchRun: S2SMOKE content no-match(严档 kids=2/事件拷贝): want=[Bluetooth] 同cls节点=14 roots=1 near=[0] kids=1 texts=([Bluetooth, Use Bluetooth], [Bluetooth, Navigate up]) || [0, 0, 0, 0] kids=1 texts=([Bluetooth], [Bluetooth, Navigate up]) || [0, 0, 0, 1, 0] kids=2 texts=([Device name, Pair new device, Use Bluetooth, When Bluetooth is turned on, your device can communicate with other nearby Bluetooth devices., sdk_gphone64_x86_64], [])
      | 09-23 04:14:49.366 32765 32765 I AnytouchRun: S2SMOKE content no-match(宽档/事件拷贝): want=[Bluetooth] 同cls节点=14 roots=1 near=[0] kids=1 texts=([Bluetooth, Use Bluetooth], [Bluetooth, Navigate up]) || [0, 0, 0, 0] kids=1 texts=([Bluetooth], [Bluetooth, Navigate up]) || [0, 0, 0, 1, 0] kids=2 texts=([Device name, Pair new device, Use Bluetooth, When Bluetooth is turned on, your device can communicate with other nearby Bluetooth devices., sdk_gphone64_x86_64], [])
      | 09-23 04:14:49.374 32765 32765 W AnytouchRun: S2SMOKE path unprovable: src=android.widget.LinearLayout(null,null)kids=2pkg=com.android.settingstext=null evt=android.widget.LinearLayout/[Bluetooth]/null walkDepth=10 roots=android.widget.FrameLayout(null,null)kids=1pkg=com.android.settingstext=null
      | 09-23 04:14:49.386 32765 32765 I AnytouchRun: S2SMOKE path=chain-unanchored(仅作去抖/折叠键，回放定位走线索): [0, 0, 0, 1, 0, 0, 0, 0, 0, 0] id=null text=Bluetooth desc=null
      | 09-23 04:14:49.467 32765 32765 I AnytouchRun: S2SMOKE event-meta viewScrolled evt=androidx.recyclerview.widget.RecyclerView/null/null src=androidx.recyclerview.widget.RecyclerView/null/null id=com.android.settings:id/recycler_view
      | 09-23 04:14:49.468 32765 32765 W AnytouchRun: S2SMOKE capture note: viewScrolled 无位移证据 pkg=com.android.settings id=com.android.settings:id/recycler_view delta=0x0 pos=0x0 max=0x0（布局重排，不成步）
      | 09-23 04:14:52.301 32765 32765 I AnytouchRun: S2SMOKE event-meta viewClicked evt=android.widget.ImageButton/Navigate up/Navigate up src=null/null/null id=null
      | 09-23 04:14:52.405 32765 32765 I AnytouchRun: S2SMOKE content no-match(严档 kids=-1/事件拷贝): want=[Navigate up] 同cls节点=1 roots=1 near=[0, 0, 0, 0, 0, 0, 0] kids=0 texts=([], [Navigate up])
      | 09-23 04:14:52.406 32765 32765 I AnytouchRun: S2SMOKE content no-match(宽档/事件拷贝): want=[Navigate up] 同cls节点=1 roots=1 near=[0, 0, 0, 0, 0, 0, 0] kids=0 texts=([], [Navigate up])
      | 09-23 04:14:52.419 32765 32765 W AnytouchRun: S2SMOKE path unprovable: src=null evt=android.widget.ImageButton/[Navigate up]/Navigate up walkDepth=-1 roots=android.widget.FrameLayout(2263,null)kids=1pkg=com.android.settingstext=null
      | 09-23 04:14:55.530 32765 32765 I AnytouchRun: S2SMOKE event-meta viewClicked evt=android.widget.ImageButton/Navigate up/Navigate up src=null/null/null id=null
      | 09-23 04:14:55.735 32765 32765 I AnytouchRun: S2SMOKE content no-match(严档 kids=-1/事件拷贝): want=[Navigate up] 同cls节点=1 roots=1 near=[0, 0, 0, 0, 0, 0, 0] kids=0 texts=([], [Navigate up])
      | 09-23 04:14:55.736 32765 32765 I AnytouchRun: S2SMOKE content no-match(宽档/事件拷贝): want=[Navigate up] 同cls节点=1 roots=1 near=[0, 0, 0, 0, 0, 0, 0] kids=0 texts=([], [Navigate up])
      | 09-23 04:14:55.738 32765 32765 W AnytouchRun: S2SMOKE path unprovable: src=null evt=android.widget.ImageButton/[Navigate up]/Navigate up walkDepth=-1 roots=android.widget.FrameLayout(2262,null)kids=1pkg=com.android.settingstext=null
      | 09-23 04:14:59.033 32765 32765 I AnytouchRun: S2SMOKE event-meta viewClicked evt=android.widget.LinearLayout/Pair new device/null src=android.widget.LinearLayout/null/null id=null
      | 09-23 04:14:59.160 32765 32765 I AnytouchRun: S2SMOKE content no-match(严档 kids=2/句柄子树): want=[Pair new device] 同cls节点=10 roots=1 near=[0] kids=1 texts=([Pair new device], [Navigate up, Pair new device]) || [0, 0, 0, 0] kids=1 texts=([Pair new device], [Navigate up, Pair new device]) || [0, 0, 0, 1, 0] kids=1 texts=([Available devices, Device name, Phone's Bluetooth address: BB:BB:BB:00:00:01, sdk_gphone64_x86_64], [])
      | 09-23 04:14:59.163 32765 32765 I AnytouchRun: S2SMOKE content no-match(宽档/句柄子树): want=[Pair new device] 同cls节点=10 roots=1 near=[0] kids=1 texts=([Pair new device], [Navigate up, Pair new device]) || [0, 0, 0, 0] kids=1 texts=([Pair new device], [Navigate up, Pair new device]) || [0, 0, 0, 1, 0] kids=1 texts=([Available devices, Device name, Phone's Bluetooth address: BB:BB:BB:00:00:01, sdk_gphone64_x86_64], [])
      | 09-23 04:14:59.167 32765 32765 I AnytouchRun: S2SMOKE content no-match(严档 kids=2/事件拷贝): want=[Pair new device] 同cls节点=10 roots=1 near=[0] kids=1 texts=([Pair new device], [Navigate up, Pair new device]) || [0, 0, 0, 0] kids=1 texts=([Pair new device], [Navigate up, Pair new device]) || [0, 0, 0, 1, 0] kids=1 texts=([Available devices, Device name, Phone's Bluetooth address: BB:BB:BB:00:00:01, sdk_gphone64_x86_64], [])
      | 09-23 04:14:59.173 32765 32765 I AnytouchRun: S2SMOKE content no-match(宽档/事件拷贝): want=[Pair new device] 同cls节点=10 roots=1 near=[0] kids=1 texts=([Pair new device], [Navigate up, Pair new device]) || [0, 0, 0, 0] kids=1 texts=([Pair new device], [Navigate up, Pair new device]) || [0, 0, 0, 1, 0] kids=1 texts=([Available devices, Device name, Phone's Bluetooth address: BB:BB:BB:00:00:01, sdk_gphone64_x86_64], [])
      | 09-23 04:14:59.185 32765 32765 W AnytouchRun: S2SMOKE path unprovable: src=android.widget.LinearLayout(null,null)kids=2pkg=com.android.settingstext=null evt=android.widget.LinearLayout/[Pair new device]/null walkDepth=10 roots=android.widget.FrameLayout(2265,null)kids=1pkg=com.android.settingstext=null
      | 09-23 04:14:59.225 32765 32765 I AnytouchRun: S2SMOKE path=chain-unanchored(仅作去抖/折叠键，回放定位走线索): [0, 0, 0, 1, 0, 0, 0, 0, 0, 1] id=null text=Pair new device desc=null
      | 09-23 04:14:59.304 32765 32765 I AnytouchRun: S2SMOKE event-meta viewScrolled evt=androidx.recyclerview.widget.RecyclerView/null/null src=androidx.recyclerview.widget.RecyclerView/null/null id=com.android.settings:id/recycler_view
      | 09-23 04:14:59.311 32765 32765 W AnytouchRun: S2SMOKE capture note: viewScrolled 无位移证据 pkg=com.android.settings id=com.android.settings:id/recycler_view delta=0x0 pos=0x0 max=0x0（布局重排，不成步）
      | 09-23 04:15:02.375 32765 32765 I AnytouchRun: S2SMOKE event-meta viewClicked evt=android.widget.ImageButton/Navigate up/Navigate up src=android.widget.ImageButton/null/Navigate up id=null
      | 09-23 04:15:02.488 32765 32765 I AnytouchRun: S2SMOKE path by unique content(严档/句柄子树): [0, 0, 0, 0, 0, 0, 0] 窗口节点=40 cls=android.widget.ImageButton texts=[]
      | 09-23 04:15:05.898 32765 32765 I AnytouchRun: S2SMOKE event-meta viewClicked evt=android.widget.ImageButton/Navigate up/Navigate up src=android.widget.ImageButton/null/Navigate up id=null
      | 09-23 04:15:06.353 32765 32765 I AnytouchRun: S2SMOKE content no-match(严档 kids=0/句柄子树): want=[] 同cls节点=2 roots=2 near=[0, 0, 0, 0, 0, 0, 2, 0, 0, 0] kids=0 texts=([], []) || [0, 0, 0, 0, 0, 0, 2, 0, 0, 0] kids=0 texts=([], [])
      | 09-23 04:15:06.358 32765 32765 I AnytouchRun: S2SMOKE content no-match(宽档/句柄子树): want=[] 同cls节点=2 roots=2 near=[0, 0, 0, 0, 0, 0, 2, 0, 0, 0] kids=0 texts=([], []) || [0, 0, 0, 0, 0, 0, 2, 0, 0, 0] kids=0 texts=([], [])
      | 09-23 04:15:06.366 32765 32765 I AnytouchRun: S2SMOKE content no-match(严档 kids=0/事件拷贝): want=[Navigate up] 同cls节点=2 roots=2 near=[0, 0, 0, 0, 0, 0, 2, 0, 0, 0] kids=0 texts=([], []) || [0, 0, 0, 0, 0, 0, 2, 0, 0, 0] kids=0 texts=([], [])
      | 09-23 04:15:06.372 32765 32765 I AnytouchRun: S2SMOKE content no-match(宽档/事件拷贝): want=[Navigate up] 同cls节点=2 roots=2 near=[0, 0, 0, 0, 0, 0, 2, 0, 0, 0] kids=0 texts=([], []) || [0, 0, 0, 0, 0, 0, 2, 0, 0, 0] kids=0 texts=([], [])
      | 09-23 04:15:06.375 32765 32765 W AnytouchRun: S2SMOKE path unprovable: src=android.widget.ImageButton(null,null)kids=0pkg=com.android.settingstext=null evt=android.widget.ImageButton/[Navigate up]/Navigate up walkDepth=7 roots=android.widget.FrameLayout(2260,null)kids=2pkg=com.android.settingstext=null | android.widget.FrameLayout(2260,null)kids=2pkg=com.android.settingstext=null
      | 09-23 04:15:06.382 32765 32765 I AnytouchRun: S2SMOKE path=chain-unanchored(仅作去抖/折叠键，回放定位走线索): [0, 0, 0, 0, 0, 0, 0] id=null text=null desc=Navigate up
      | 09-23 04:15:08.643 32765 32765 I AnytouchRun: S2SMOKE compiled ok actions=8 drops=0 merged=0 events=19 target=com.android.settings
      | 09-23 04:15:08.644 32765 32765 I AnytouchRun: S2SMOKE-STEP index=0 type=click value={"text":"Connected devices"}
      | 09-23 04:15:08.646 32765 32765 I AnytouchRun: S2SMOKE-STEP index=1 type=click value={"text":"Connection preferences"}
      | 09-23 04:15:08.647 32765 32765 I AnytouchRun: S2SMOKE-STEP index=2 type=click value={"text":"Bluetooth"}
      | 09-23 04:15:08.648 32765 32765 I AnytouchRun: S2SMOKE-STEP index=3 type=click value={"content_desc":"Navigate up"}
      | 09-23 04:15:08.649 32765 32765 I AnytouchRun: S2SMOKE-STEP index=4 type=click value={"content_desc":"Navigate up"}
      | 09-23 04:15:08.649 32765 32765 I AnytouchRun: S2SMOKE-STEP index=5 type=click value={"text":"Pair new device"}
      | 09-23 04:15:08.649 32765 32765 I AnytouchRun: S2SMOKE-STEP index=6 type=click value={"content_desc":"Navigate up"}
      | 09-23 04:15:08.650 32765 32765 I AnytouchRun: S2SMOKE-STEP index=7 type=click value={"content_desc":"Navigate up"}
      | 09-23 04:15:08.651 32765 32765 I AnytouchRun: S2SMOKE-TASK [{"action_id":"rec-0002","type":"click","target":null,"value":{"text":"Connected devices"},"source":"node","safety":{"viewport_ok":true,"click_enabled":true,"requires_transition":false}},{"action_id":"rec-0004","type":"click","target":null,"value":{"text":"Connection preferences"},"source":"node","safety":{"viewport_ok":true,"click_enabled":true,"requires_transition":false}},{"action_id":"rec-0006","type":"click","target":null,"value":{"text":"Bluetooth"},"source":"node","safety":{"viewport_ok":true,"click_enabled":true,"requires_transition":false}},{"action_id":"rec-0008","type":"click","target":null,"value":{"content_desc":"Navigate up"},"source":"node","safety":{"viewport_ok":true,"click_enabled":true,"requires_transition":false}},{"action_id":"rec-0010","type":"click","target":null,"value":{"content_desc":"Navigate up"},"source":"node","safety":{"viewport_ok":true,"click_enabled":true,"requires_transition":false}},{"action_id":"rec-0012","type":"click","target":null,"value":{"text":"Pair new device"},"source":"node","safety":{"viewport_ok":true,"click_enabled":true,"requires_transition":false}},{"action_id":"rec-0014","type":"click","target":null,"value":{"content_desc":"Navigate up"},"source":"node","safety":{"viewport_ok":true,"click_enabled":true,"requires_transition":false}},{"action_id":"rec-0016","type":"click","target":null,"value":{"content_desc":"Navigate up"},"source":"node","safety":{"viewport_ok":true,"click_enabled":true,"requires_transition":false}}]
[0;32mPASS[0m R1 录→编→放全绿 :: 09-23 04:15:24.259 32765 32765 I AnytouchRun: S1SMOKE ok=8 total=8 stopped=false stop=-
scripts/s2-smoke.sh: line 353: ratio: unbound variable
