[0;33m··[0m ===== 第 1/8 轮：录 → 编 → 放（3 步） =====
[0;33m··[0m 预走坐标可复用：S2_COORDS='412 1090|343 1120|302 786'
[0;33m··[0m 编译产物：09-23 02:50:12.550 16140 16140 I AnytouchRun: S2SMOKE compiled ok actions=3 drops=0 merged=0 events=8 target=com.android.settings
     09-23 02:50:03.863 16140 16140 W AnytouchRun: S2SMOKE capture note: viewScrolled 无位移证据 pkg=com.android.settings id=com.android.settings:id/recycler_view delta=0x0 pos=0x0 max=0x0（布局重排，不成步）
     09-23 02:50:06.800 16140 16140 W AnytouchRun: S2SMOKE capture note: viewScrolled 无位移证据 pkg=com.android.settings id=com.android.settings:id/recycler_view delta=0x0 pos=0x0 max=0x0（布局重排，不成步）
     09-23 02:50:10.117 16140 16140 W AnytouchRun: S2SMOKE capture note: viewScrolled 无位移证据 pkg=com.android.settings id=com.android.settings:id/recycler_view delta=0x0 pos=0x0 max=0x0（布局重排，不成步）
     09-23 02:50:12.556 16140 16140 I AnytouchRun: S2SMOKE-STEP index=0 type=click value={"text":"Connected devices"}
     09-23 02:50:12.557 16140 16140 I AnytouchRun: S2SMOKE-STEP index=1 type=click value={"text":"Connection preferences"}
     09-23 02:50:12.562 16140 16140 I AnytouchRun: S2SMOKE-STEP index=2 type=click value={"text":"Bluetooth"}
      | 09-23 02:50:01.841 16140 16140 I AnytouchRun: S2SMOKE record start target=com.android.settings
      | 09-23 02:50:03.596 16140 16140 I AnytouchRun: S2SMOKE event-meta viewClicked evt=android.widget.LinearLayout/Connected devices|Bluetooth, pairing/null src=android.widget.LinearLayout/null/null id=null
      | 09-23 02:50:03.835 16140 16140 I AnytouchRun: S2SMOKE event-meta viewScrolled evt=androidx.recyclerview.widget.RecyclerView/null/null src=androidx.recyclerview.widget.RecyclerView/null/null id=com.android.settings:id/recycler_view
      | 09-23 02:50:03.863 16140 16140 W AnytouchRun: S2SMOKE capture note: viewScrolled 无位移证据 pkg=com.android.settings id=com.android.settings:id/recycler_view delta=0x0 pos=0x0 max=0x0（布局重排，不成步）
      | 09-23 02:50:06.635 16140 16140 I AnytouchRun: S2SMOKE event-meta viewClicked evt=android.widget.LinearLayout/Connection preferences|Bluetooth, Android Auto/null src=android.widget.LinearLayout/null/null id=null
      | 09-23 02:50:06.778 16140 16140 I AnytouchRun: S2SMOKE event-meta viewScrolled evt=androidx.recyclerview.widget.RecyclerView/null/null src=androidx.recyclerview.widget.RecyclerView/null/null id=com.android.settings:id/recycler_view
      | 09-23 02:50:06.800 16140 16140 W AnytouchRun: S2SMOKE capture note: viewScrolled 无位移证据 pkg=com.android.settings id=com.android.settings:id/recycler_view delta=0x0 pos=0x0 max=0x0（布局重排，不成步）
      | 09-23 02:50:09.818 16140 16140 I AnytouchRun: S2SMOKE event-meta viewClicked evt=android.widget.LinearLayout/Bluetooth/null src=android.widget.LinearLayout/null/null id=null
      | 09-23 02:50:09.947 16140 16140 I AnytouchRun: S2SMOKE content no-match(严档 kids=2/句柄子树): want=[Bluetooth] 同cls节点=14 roots=1 near=[0] kids=1 texts=([Bluetooth, Use Bluetooth], [Bluetooth, Navigate up]) || [0, 0, 0, 0] kids=1 texts=([Bluetooth], [Bluetooth, Navigate up]) || [0, 0, 0, 1, 0] kids=2 texts=([Device name, Pair new device, Use Bluetooth, When Bluetooth is turned on, your device can communicate with other nearby Bluetooth devices., sdk_gphone64_x86_64], [])
      | 09-23 02:50:09.954 16140 16140 I AnytouchRun: S2SMOKE content no-match(宽档/句柄子树): want=[Bluetooth] 同cls节点=14 roots=1 near=[0] kids=1 texts=([Bluetooth, Use Bluetooth], [Bluetooth, Navigate up]) || [0, 0, 0, 0] kids=1 texts=([Bluetooth], [Bluetooth, Navigate up]) || [0, 0, 0, 1, 0] kids=2 texts=([Device name, Pair new device, Use Bluetooth, When Bluetooth is turned on, your device can communicate with other nearby Bluetooth devices., sdk_gphone64_x86_64], [])
      | 09-23 02:50:09.962 16140 16140 I AnytouchRun: S2SMOKE content no-match(严档 kids=2/事件拷贝): want=[Bluetooth] 同cls节点=14 roots=1 near=[0] kids=1 texts=([Bluetooth, Use Bluetooth], [Bluetooth, Navigate up]) || [0, 0, 0, 0] kids=1 texts=([Bluetooth], [Bluetooth, Navigate up]) || [0, 0, 0, 1, 0] kids=2 texts=([Device name, Pair new device, Use Bluetooth, When Bluetooth is turned on, your device can communicate with other nearby Bluetooth devices., sdk_gphone64_x86_64], [])
      | 09-23 02:50:09.970 16140 16140 I AnytouchRun: S2SMOKE content no-match(宽档/事件拷贝): want=[Bluetooth] 同cls节点=14 roots=1 near=[0] kids=1 texts=([Bluetooth, Use Bluetooth], [Bluetooth, Navigate up]) || [0, 0, 0, 0] kids=1 texts=([Bluetooth], [Bluetooth, Navigate up]) || [0, 0, 0, 1, 0] kids=2 texts=([Device name, Pair new device, Use Bluetooth, When Bluetooth is turned on, your device can communicate with other nearby Bluetooth devices., sdk_gphone64_x86_64], [])
      | 09-23 02:50:09.978 16140 16140 W AnytouchRun: S2SMOKE path unprovable: src=android.widget.LinearLayout(null,null)kids=2pkg=com.android.settingstext=null evt=android.widget.LinearLayout/[Bluetooth]/null walkDepth=10 roots=android.widget.FrameLayout(null,null)kids=1pkg=com.android.settingstext=null
      | 09-23 02:50:10.025 16140 16140 I AnytouchRun: S2SMOKE path=chain-unanchored(仅作去抖/折叠键，回放定位走线索): [0, 0, 0, 1, 0, 0, 0, 0, 0, 0] id=null text=Bluetooth desc=null
      | 09-23 02:50:10.112 16140 16140 I AnytouchRun: S2SMOKE event-meta viewScrolled evt=androidx.recyclerview.widget.RecyclerView/null/null src=androidx.recyclerview.widget.RecyclerView/null/null id=com.android.settings:id/recycler_view
      | 09-23 02:50:10.117 16140 16140 W AnytouchRun: S2SMOKE capture note: viewScrolled 无位移证据 pkg=com.android.settings id=com.android.settings:id/recycler_view delta=0x0 pos=0x0 max=0x0（布局重排，不成步）
      | 09-23 02:50:12.550 16140 16140 I AnytouchRun: S2SMOKE compiled ok actions=3 drops=0 merged=0 events=8 target=com.android.settings
      | 09-23 02:50:12.556 16140 16140 I AnytouchRun: S2SMOKE-STEP index=0 type=click value={"text":"Connected devices"}
      | 09-23 02:50:12.557 16140 16140 I AnytouchRun: S2SMOKE-STEP index=1 type=click value={"text":"Connection preferences"}
      | 09-23 02:50:12.562 16140 16140 I AnytouchRun: S2SMOKE-STEP index=2 type=click value={"text":"Bluetooth"}
      | 09-23 02:50:12.562 16140 16140 I AnytouchRun: S2SMOKE-TASK [{"action_id":"rec-0002","type":"click","target":null,"value":{"text":"Connected devices"},"source":"node","safety":{"viewport_ok":true,"click_enabled":true,"requires_transition":false}},{"action_id":"rec-0004","type":"click","target":null,"value":{"text":"Connection preferences"},"source":"node","safety":{"viewport_ok":true,"click_enabled":true,"requires_transition":false}},{"action_id":"rec-0006","type":"click","target":null,"value":{"text":"Bluetooth"},"source":"node","safety":{"viewport_ok":true,"click_enabled":true,"requires_transition":false}}]
[0;32mPASS[0m R1 录→编→放全绿 :: 09-23 02:50:23.208 16140 16140 I AnytouchRun: S1SMOKE ok=3 total=3 stopped=false stop=-
[0;33m··[0m ===== 第 2/8 轮：录 → 编 → 放（3 步） =====
[0;33m··[0m 预走坐标可复用：S2_COORDS='412 1090|343 1120|302 786'
[0;33m··[0m 编译产物：09-23 02:51:04.811 16140 16140 I AnytouchRun: S2SMOKE compiled ok actions=3 drops=0 merged=0 events=8 target=com.android.settings
     09-23 02:50:56.137 16140 16140 W AnytouchRun: S2SMOKE capture note: viewScrolled 无位移证据 pkg=com.android.settings id=com.android.settings:id/recycler_view delta=0x0 pos=0x0 max=0x0（布局重排，不成步）
     09-23 02:50:59.270 16140 16140 W AnytouchRun: S2SMOKE capture note: viewScrolled 无位移证据 pkg=com.android.settings id=com.android.settings:id/recycler_view delta=0x0 pos=0x0 max=0x0（布局重排，不成步）
     09-23 02:51:02.394 16140 16140 W AnytouchRun: S2SMOKE capture note: viewScrolled 无位移证据 pkg=com.android.settings id=com.android.settings:id/recycler_view delta=0x0 pos=0x0 max=0x0（布局重排，不成步）
     09-23 02:51:04.812 16140 16140 I AnytouchRun: S2SMOKE-STEP index=0 type=click value={"text":"Connected devices"}
     09-23 02:51:04.813 16140 16140 I AnytouchRun: S2SMOKE-STEP index=1 type=click value={"text":"Connection preferences"}
     09-23 02:51:04.814 16140 16140 I AnytouchRun: S2SMOKE-STEP index=2 type=click value={"text":"Bluetooth"}
      | 09-23 02:50:54.120 16140 16140 I AnytouchRun: S2SMOKE record start target=com.android.settings
      | 09-23 02:50:55.749 16140 16140 I AnytouchRun: S2SMOKE event-meta viewClicked evt=android.widget.LinearLayout/Connected devices|Bluetooth, pairing/null src=android.widget.LinearLayout/null/null id=null
      | 09-23 02:50:56.043 16140 16140 I AnytouchRun: S2SMOKE event-meta viewScrolled evt=androidx.recyclerview.widget.RecyclerView/null/null src=androidx.recyclerview.widget.RecyclerView/null/null id=com.android.settings:id/recycler_view
      | 09-23 02:50:56.137 16140 16140 W AnytouchRun: S2SMOKE capture note: viewScrolled 无位移证据 pkg=com.android.settings id=com.android.settings:id/recycler_view delta=0x0 pos=0x0 max=0x0（布局重排，不成步）
      | 09-23 02:50:58.902 16140 16140 I AnytouchRun: S2SMOKE event-meta viewClicked evt=android.widget.LinearLayout/Connection preferences|Bluetooth, Android Auto/null src=android.widget.LinearLayout/null/null id=null
      | 09-23 02:50:59.141 16140 16140 I AnytouchRun: S2SMOKE content no-match(严档 kids=1/句柄子树): want=[Bluetooth, Android Auto, Connection preferences] 同cls节点=17 roots=1 near=[0] kids=1 texts=([Connection preferences], [Connection preferences, Navigate up]) || [0, 0, 0, 0] kids=1 texts=([Connection preferences], [Connection preferences, Navigate up]) || [0, 0, 0, 1, 0] kids=1 texts=([1 print service on, Bluetooth, Cast, Not connected, Printing], [])
      | 09-23 02:50:59.155 16140 16140 I AnytouchRun: S2SMOKE content no-match(宽档/句柄子树): want=[Bluetooth, Android Auto, Connection preferences] 同cls节点=17 roots=1 near=[0] kids=1 texts=([Connection preferences], [Connection preferences, Navigate up]) || [0, 0, 0, 0] kids=1 texts=([Connection preferences], [Connection preferences, Navigate up]) || [0, 0, 0, 1, 0] kids=1 texts=([1 print service on, Bluetooth, Cast, Not connected, Printing], [])
      | 09-23 02:50:59.171 16140 16140 I AnytouchRun: S2SMOKE content no-match(严档 kids=1/事件拷贝): want=[Bluetooth, Android Auto, Connection preferences] 同cls节点=17 roots=1 near=[0] kids=1 texts=([Connection preferences], [Connection preferences, Navigate up]) || [0, 0, 0, 0] kids=1 texts=([Connection preferences], [Connection preferences, Navigate up]) || [0, 0, 0, 1, 0] kids=1 texts=([1 print service on, Bluetooth, Cast, Not connected, Printing], [])
      | 09-23 02:50:59.179 16140 16140 I AnytouchRun: S2SMOKE content no-match(宽档/事件拷贝): want=[Bluetooth, Android Auto, Connection preferences] 同cls节点=17 roots=1 near=[0] kids=1 texts=([Connection preferences], [Connection preferences, Navigate up]) || [0, 0, 0, 0] kids=1 texts=([Connection preferences], [Connection preferences, Navigate up]) || [0, 0, 0, 1, 0] kids=1 texts=([1 print service on, Bluetooth, Cast, Not connected, Printing], [])
      | 09-23 02:50:59.185 16140 16140 W AnytouchRun: S2SMOKE path unprovable: src=android.widget.LinearLayout(null,null)kids=1pkg=com.android.settingstext=null evt=android.widget.LinearLayout/[Connection preferences, Bluetooth, Android Auto]/null walkDepth=10 roots=android.widget.FrameLayout(784,null)kids=1pkg=com.android.settingstext=null
      | 09-23 02:50:59.203 16140 16140 I AnytouchRun: S2SMOKE path=chain-unanchored(仅作去抖/折叠键，回放定位走线索): [0, 0, 0, 1, 0, 0, 0, 0, 0, 4] id=null text=Connection preferences desc=null
      | 09-23 02:50:59.267 16140 16140 I AnytouchRun: S2SMOKE event-meta viewScrolled evt=androidx.recyclerview.widget.RecyclerView/null/null src=androidx.recyclerview.widget.RecyclerView/null/null id=com.android.settings:id/recycler_view
      | 09-23 02:50:59.270 16140 16140 W AnytouchRun: S2SMOKE capture note: viewScrolled 无位移证据 pkg=com.android.settings id=com.android.settings:id/recycler_view delta=0x0 pos=0x0 max=0x0（布局重排，不成步）
      | 09-23 02:51:02.037 16140 16140 I AnytouchRun: S2SMOKE event-meta viewClicked evt=android.widget.LinearLayout/Bluetooth/null src=android.widget.LinearLayout/null/null id=null
      | 09-23 02:51:02.259 16140 16140 I AnytouchRun: S2SMOKE content no-match(严档 kids=2/句柄子树): want=[Bluetooth] 同cls节点=14 roots=1 near=[0] kids=1 texts=([Bluetooth, Use Bluetooth], [Bluetooth, Navigate up]) || [0, 0, 0, 0] kids=1 texts=([Bluetooth], [Bluetooth, Navigate up]) || [0, 0, 0, 1, 0] kids=2 texts=([Device name, Pair new device, Use Bluetooth, When Bluetooth is turned on, your device can communicate with other nearby Bluetooth devices., sdk_gphone64_x86_64], [])
      | 09-23 02:51:02.279 16140 16140 I AnytouchRun: S2SMOKE content no-match(宽档/句柄子树): want=[Bluetooth] 同cls节点=14 roots=1 near=[0] kids=1 texts=([Bluetooth, Use Bluetooth], [Bluetooth, Navigate up]) || [0, 0, 0, 0] kids=1 texts=([Bluetooth], [Bluetooth, Navigate up]) || [0, 0, 0, 1, 0] kids=2 texts=([Device name, Pair new device, Use Bluetooth, When Bluetooth is turned on, your device can communicate with other nearby Bluetooth devices., sdk_gphone64_x86_64], [])
      | 09-23 02:51:02.287 16140 16140 I AnytouchRun: S2SMOKE content no-match(严档 kids=2/事件拷贝): want=[Bluetooth] 同cls节点=14 roots=1 near=[0] kids=1 texts=([Bluetooth, Use Bluetooth], [Bluetooth, Navigate up]) || [0, 0, 0, 0] kids=1 texts=([Bluetooth], [Bluetooth, Navigate up]) || [0, 0, 0, 1, 0] kids=2 texts=([Device name, Pair new device, Use Bluetooth, When Bluetooth is turned on, your device can communicate with other nearby Bluetooth devices., sdk_gphone64_x86_64], [])
      | 09-23 02:51:02.298 16140 16140 I AnytouchRun: S2SMOKE content no-match(宽档/事件拷贝): want=[Bluetooth] 同cls节点=14 roots=1 near=[0] kids=1 texts=([Bluetooth, Use Bluetooth], [Bluetooth, Navigate up]) || [0, 0, 0, 0] kids=1 texts=([Bluetooth], [Bluetooth, Navigate up]) || [0, 0, 0, 1, 0] kids=2 texts=([Device name, Pair new device, Use Bluetooth, When Bluetooth is turned on, your device can communicate with other nearby Bluetooth devices., sdk_gphone64_x86_64], [])
      | 09-23 02:51:02.303 16140 16140 W AnytouchRun: S2SMOKE path unprovable: src=android.widget.LinearLayout(null,null)kids=2pkg=com.android.settingstext=null evt=android.widget.LinearLayout/[Bluetooth]/null walkDepth=10 roots=android.widget.FrameLayout(785,null)kids=1pkg=com.android.settingstext=null
      | 09-23 02:51:02.320 16140 16140 I AnytouchRun: S2SMOKE path=chain-unanchored(仅作去抖/折叠键，回放定位走线索): [0, 0, 0, 1, 0, 0, 0, 0, 0, 0] id=null text=Bluetooth desc=null
      | 09-23 02:51:02.381 16140 16140 I AnytouchRun: S2SMOKE event-meta viewScrolled evt=androidx.recyclerview.widget.RecyclerView/null/null src=androidx.recyclerview.widget.RecyclerView/null/null id=com.android.settings:id/recycler_view
      | 09-23 02:51:02.394 16140 16140 W AnytouchRun: S2SMOKE capture note: viewScrolled 无位移证据 pkg=com.android.settings id=com.android.settings:id/recycler_view delta=0x0 pos=0x0 max=0x0（布局重排，不成步）
      | 09-23 02:51:04.811 16140 16140 I AnytouchRun: S2SMOKE compiled ok actions=3 drops=0 merged=0 events=8 target=com.android.settings
      | 09-23 02:51:04.812 16140 16140 I AnytouchRun: S2SMOKE-STEP index=0 type=click value={"text":"Connected devices"}
      | 09-23 02:51:04.813 16140 16140 I AnytouchRun: S2SMOKE-STEP index=1 type=click value={"text":"Connection preferences"}
      | 09-23 02:51:04.814 16140 16140 I AnytouchRun: S2SMOKE-STEP index=2 type=click value={"text":"Bluetooth"}
      | 09-23 02:51:04.814 16140 16140 I AnytouchRun: S2SMOKE-TASK [{"action_id":"rec-0002","type":"click","target":null,"value":{"text":"Connected devices"},"source":"node","safety":{"viewport_ok":true,"click_enabled":true,"requires_transition":false}},{"action_id":"rec-0004","type":"click","target":null,"value":{"text":"Connection preferences"},"source":"node","safety":{"viewport_ok":true,"click_enabled":true,"requires_transition":false}},{"action_id":"rec-0006","type":"click","target":null,"value":{"text":"Bluetooth"},"source":"node","safety":{"viewport_ok":true,"click_enabled":true,"requires_transition":false}}]
[0;32mPASS[0m R2 录→编→放全绿 :: 09-23 02:51:15.582 16140 16140 I AnytouchRun: S1SMOKE ok=3 total=3 stopped=false stop=-
[0;33m··[0m ===== 第 3/8 轮：录 → 编 → 放（3 步） =====
[0;33m··[0m 预走坐标可复用：S2_COORDS='412 1090|343 1120|302 786'
[0;33m··[0m 编译产物：09-23 02:51:58.125 16140 16140 I AnytouchRun: S2SMOKE compiled ok actions=3 drops=0 merged=0 events=8 target=com.android.settings
     09-23 02:51:49.270 16140 16140 W AnytouchRun: S2SMOKE capture note: viewScrolled 无位移证据 pkg=com.android.settings id=com.android.settings:id/recycler_view delta=0x0 pos=0x0 max=0x0（布局重排，不成步）
     09-23 02:51:52.349 16140 16140 W AnytouchRun: S2SMOKE capture note: viewScrolled 无位移证据 pkg=com.android.settings id=com.android.settings:id/recycler_view delta=0x0 pos=0x0 max=0x0（布局重排，不成步）
     09-23 02:51:55.715 16140 16140 W AnytouchRun: S2SMOKE capture note: viewScrolled 无位移证据 pkg=com.android.settings id=com.android.settings:id/recycler_view delta=0x0 pos=0x0 max=0x0（布局重排，不成步）
     09-23 02:51:58.125 16140 16140 I AnytouchRun: S2SMOKE-STEP index=0 type=click value={"text":"Connected devices"}
     09-23 02:51:58.125 16140 16140 I AnytouchRun: S2SMOKE-STEP index=1 type=click value={"path":"*[1]>*[0]>*[0]>*[1]>*[0]>*[0]>*[0]>*[0]>*[0]>*[4]"}
     09-23 02:51:58.126 16140 16140 I AnytouchRun: S2SMOKE-STEP index=2 type=click value={"text":"Bluetooth"}
      | 09-23 02:51:46.302 16140 16140 I AnytouchRun: S2SMOKE record start target=com.android.settings
      | 09-23 02:51:49.045 16140 16140 I AnytouchRun: S2SMOKE event-meta viewClicked evt=android.widget.LinearLayout/Connected devices|Bluetooth, pairing/null src=android.widget.LinearLayout/null/null id=null
      | 09-23 02:51:49.259 16140 16140 I AnytouchRun: S2SMOKE event-meta viewScrolled evt=androidx.recyclerview.widget.RecyclerView/null/null src=androidx.recyclerview.widget.RecyclerView/null/null id=com.android.settings:id/recycler_view
      | 09-23 02:51:49.270 16140 16140 W AnytouchRun: S2SMOKE capture note: viewScrolled 无位移证据 pkg=com.android.settings id=com.android.settings:id/recycler_view delta=0x0 pos=0x0 max=0x0（布局重排，不成步）
      | 09-23 02:51:52.194 16140 16140 I AnytouchRun: S2SMOKE event-meta viewClicked evt=android.widget.LinearLayout/Connection preferences|Bluetooth, Android Auto/null src=android.widget.LinearLayout/null/null id=null
      | 09-23 02:51:52.204 16140 16140 I AnytouchRun: S2SMOKE clue=path source=android.widget.LinearLayout id=null titles=0 texts=0 descs=0
      | 09-23 02:51:52.237 16140 16140 I AnytouchRun: S2SMOKE clue=event-copy 弃用(窗口内 text 命中=0 desc 命中=0，皆需唯一): word=Connection preferences
      | 09-23 02:51:52.318 16140 16140 I AnytouchRun: S2SMOKE event-meta viewScrolled evt=androidx.recyclerview.widget.RecyclerView/null/null src=androidx.recyclerview.widget.RecyclerView/null/null id=com.android.settings:id/recycler_view
      | 09-23 02:51:52.349 16140 16140 W AnytouchRun: S2SMOKE capture note: viewScrolled 无位移证据 pkg=com.android.settings id=com.android.settings:id/recycler_view delta=0x0 pos=0x0 max=0x0（布局重排，不成步）
      | 09-23 02:51:55.384 16140 16140 I AnytouchRun: S2SMOKE event-meta viewClicked evt=android.widget.LinearLayout/Bluetooth/null src=android.widget.LinearLayout/null/null id=null
      | 09-23 02:51:55.549 16140 16140 I AnytouchRun: S2SMOKE content no-match(严档 kids=2/句柄子树): want=[Bluetooth] 同cls节点=14 roots=1 near=[0] kids=1 texts=([Bluetooth, Use Bluetooth], [Bluetooth, Navigate up]) || [0, 0, 0, 0] kids=1 texts=([Bluetooth], [Bluetooth, Navigate up]) || [0, 0, 0, 1, 0] kids=2 texts=([Device name, Pair new device, Use Bluetooth, When Bluetooth is turned on, your device can communicate with other nearby Bluetooth devices., sdk_gphone64_x86_64], [])
      | 09-23 02:51:55.561 16140 16140 I AnytouchRun: S2SMOKE content no-match(宽档/句柄子树): want=[Bluetooth] 同cls节点=14 roots=1 near=[0] kids=1 texts=([Bluetooth, Use Bluetooth], [Bluetooth, Navigate up]) || [0, 0, 0, 0] kids=1 texts=([Bluetooth], [Bluetooth, Navigate up]) || [0, 0, 0, 1, 0] kids=2 texts=([Device name, Pair new device, Use Bluetooth, When Bluetooth is turned on, your device can communicate with other nearby Bluetooth devices., sdk_gphone64_x86_64], [])
      | 09-23 02:51:55.567 16140 16140 I AnytouchRun: S2SMOKE content no-match(严档 kids=2/事件拷贝): want=[Bluetooth] 同cls节点=14 roots=1 near=[0] kids=1 texts=([Bluetooth, Use Bluetooth], [Bluetooth, Navigate up]) || [0, 0, 0, 0] kids=1 texts=([Bluetooth], [Bluetooth, Navigate up]) || [0, 0, 0, 1, 0] kids=2 texts=([Device name, Pair new device, Use Bluetooth, When Bluetooth is turned on, your device can communicate with other nearby Bluetooth devices., sdk_gphone64_x86_64], [])
      | 09-23 02:51:55.581 16140 16140 I AnytouchRun: S2SMOKE content no-match(宽档/事件拷贝): want=[Bluetooth] 同cls节点=14 roots=1 near=[0] kids=1 texts=([Bluetooth, Use Bluetooth], [Bluetooth, Navigate up]) || [0, 0, 0, 0] kids=1 texts=([Bluetooth], [Bluetooth, Navigate up]) || [0, 0, 0, 1, 0] kids=2 texts=([Device name, Pair new device, Use Bluetooth, When Bluetooth is turned on, your device can communicate with other nearby Bluetooth devices., sdk_gphone64_x86_64], [])
      | 09-23 02:51:55.600 16140 16140 W AnytouchRun: S2SMOKE path unprovable: src=android.widget.LinearLayout(null,null)kids=2pkg=com.android.settingstext=null evt=android.widget.LinearLayout/[Bluetooth]/null walkDepth=10 roots=android.widget.FrameLayout(806,null)kids=1pkg=com.android.settingstext=null
      | 09-23 02:51:55.653 16140 16140 I AnytouchRun: S2SMOKE path=chain-unanchored(仅作去抖/折叠键，回放定位走线索): [0, 0, 0, 1, 0, 0, 0, 0, 0, 0] id=null text=Bluetooth desc=null
      | 09-23 02:51:55.712 16140 16140 I AnytouchRun: S2SMOKE event-meta viewScrolled evt=androidx.recyclerview.widget.RecyclerView/null/null src=androidx.recyclerview.widget.RecyclerView/null/null id=com.android.settings:id/recycler_view
      | 09-23 02:51:55.715 16140 16140 W AnytouchRun: S2SMOKE capture note: viewScrolled 无位移证据 pkg=com.android.settings id=com.android.settings:id/recycler_view delta=0x0 pos=0x0 max=0x0（布局重排，不成步）
      | 09-23 02:51:58.125 16140 16140 I AnytouchRun: S2SMOKE compiled ok actions=3 drops=0 merged=0 events=8 target=com.android.settings
      | 09-23 02:51:58.125 16140 16140 I AnytouchRun: S2SMOKE-STEP index=0 type=click value={"text":"Connected devices"}
      | 09-23 02:51:58.125 16140 16140 I AnytouchRun: S2SMOKE-STEP index=1 type=click value={"path":"*[1]>*[0]>*[0]>*[1]>*[0]>*[0]>*[0]>*[0]>*[0]>*[4]"}
      | 09-23 02:51:58.126 16140 16140 I AnytouchRun: S2SMOKE-STEP index=2 type=click value={"text":"Bluetooth"}
      | 09-23 02:51:58.127 16140 16140 I AnytouchRun: S2SMOKE-TASK [{"action_id":"rec-0002","type":"click","target":null,"value":{"text":"Connected devices"},"source":"node","safety":{"viewport_ok":true,"click_enabled":true,"requires_transition":false}},{"action_id":"rec-0004","type":"click","target":null,"value":{"path":"*[1]>*[0]>*[0]>*[1]>*[0]>*[0]>*[0]>*[0]>*[0]>*[4]"},"source":"node","safety":{"viewport_ok":true,"click_enabled":true,"requires_transition":false}},{"action_id":"rec-0006","type":"click","target":null,"value":{"text":"Bluetooth"},"source":"node","safety":{"viewport_ok":true,"click_enabled":true,"requires_transition":false}}]
[0;32mPASS[0m R3 录→编→放全绿 :: 09-23 02:52:08.928 16140 16140 I AnytouchRun: S1SMOKE ok=3 total=3 stopped=false stop=-
[0;33m··[0m ===== 第 4/8 轮：录 → 编 → 放（3 步） =====
[0;33m··[0m 预走坐标可复用：S2_COORDS='412 1090|343 1120|302 786'
[0;33m··[0m 编译产物：09-23 02:52:51.696 16140 16140 I AnytouchRun: S2SMOKE compiled ok actions=3 drops=0 merged=0 events=9 target=com.android.settings
     09-23 02:52:42.915 16140 16140 W AnytouchRun: S2SMOKE capture note: viewScrolled 无位移证据 pkg=com.android.settings id=com.android.settings:id/recycler_view delta=0x0 pos=0x0 max=0x0（布局重排，不成步）
     09-23 02:52:45.979 16140 16140 W AnytouchRun: S2SMOKE capture note: viewScrolled 无位移证据 pkg=com.android.settings id=com.android.settings:id/recycler_view delta=0x0 pos=0x0 max=0x0（布局重排，不成步）
     09-23 02:52:49.044 16140 16140 W AnytouchRun: S2SMOKE capture note: viewScrolled 无位移证据 pkg=com.android.settings id=com.android.settings:id/recycler_view delta=0x0 pos=0x0 max=0x0（布局重排，不成步）
     09-23 02:52:51.696 16140 16140 I AnytouchRun: S2SMOKE-STEP index=0 type=click value={"path":"*[1]>*[0]>*[0]>*[1]>*[0]>*[1]>*[0]>*[0]>*[0]>*[1]"}
     09-23 02:52:51.696 16140 16140 I AnytouchRun: S2SMOKE-STEP index=1 type=click value={"text":"Connection preferences"}
     09-23 02:52:51.697 16140 16140 I AnytouchRun: S2SMOKE-STEP index=2 type=click value={"text":"Bluetooth"}
      | 09-23 02:52:39.633 16140 16140 I AnytouchRun: S2SMOKE record start target=com.android.settings
      | 09-23 02:52:42.586 16140 16140 I AnytouchRun: S2SMOKE event-meta viewClicked evt=android.widget.LinearLayout/Connected devices|Bluetooth, pairing/null src=android.widget.LinearLayout/null/null id=null
      | 09-23 02:52:42.612 16140 16140 I AnytouchRun: S2SMOKE clue=path source=android.widget.LinearLayout id=null titles=0 texts=0 descs=0
      | 09-23 02:52:42.701 16140 16140 I AnytouchRun: S2SMOKE clue=event-copy 弃用(窗口内 text 命中=0 desc 命中=0，皆需唯一): word=Connected devices
      | 09-23 02:52:42.913 16140 16140 I AnytouchRun: S2SMOKE event-meta viewScrolled evt=androidx.recyclerview.widget.RecyclerView/null/null src=androidx.recyclerview.widget.RecyclerView/null/null id=com.android.settings:id/recycler_view
      | 09-23 02:52:42.915 16140 16140 W AnytouchRun: S2SMOKE capture note: viewScrolled 无位移证据 pkg=com.android.settings id=com.android.settings:id/recycler_view delta=0x0 pos=0x0 max=0x0（布局重排，不成步）
      | 09-23 02:52:45.740 16140 16140 I AnytouchRun: S2SMOKE event-meta viewClicked evt=android.widget.LinearLayout/Connection preferences|Bluetooth, Android Auto/null src=android.widget.LinearLayout/null/null id=null
      | 09-23 02:52:45.828 16140 16140 I AnytouchRun: S2SMOKE path by root-search(父链断裂): [0, 0, 0, 1, 0, 0, 0, 0, 0, 4] roots=1
      | 09-23 02:52:45.940 16140 16140 I AnytouchRun: S2SMOKE event-meta viewScrolled evt=androidx.recyclerview.widget.RecyclerView/null/null src=androidx.recyclerview.widget.RecyclerView/null/null id=com.android.settings:id/recycler_view
      | 09-23 02:52:45.979 16140 16140 W AnytouchRun: S2SMOKE capture note: viewScrolled 无位移证据 pkg=com.android.settings id=com.android.settings:id/recycler_view delta=0x0 pos=0x0 max=0x0（布局重排，不成步）
      | 09-23 02:52:48.813 16140 16140 I AnytouchRun: S2SMOKE event-meta viewClicked evt=android.widget.LinearLayout/Bluetooth/null src=null/null/null id=null
      | 09-23 02:52:48.928 16140 16140 I AnytouchRun: S2SMOKE content no-match(严档 kids=-1/事件拷贝): want=[Bluetooth] 同cls节点=14 roots=1 near=[0] kids=1 texts=([Bluetooth, Use Bluetooth], [Bluetooth, Navigate up]) || [0, 0, 0, 0] kids=1 texts=([Bluetooth], [Bluetooth, Navigate up]) || [0, 0, 0, 1, 0] kids=2 texts=([Device name, Pair new device, Use Bluetooth, When Bluetooth is turned on, your device can communicate with other nearby Bluetooth devices., sdk_gphone64_x86_64], [])
      | 09-23 02:52:48.947 16140 16140 I AnytouchRun: S2SMOKE content no-match(宽档/事件拷贝): want=[Bluetooth] 同cls节点=14 roots=1 near=[0] kids=1 texts=([Bluetooth, Use Bluetooth], [Bluetooth, Navigate up]) || [0, 0, 0, 0] kids=1 texts=([Bluetooth], [Bluetooth, Navigate up]) || [0, 0, 0, 1, 0] kids=2 texts=([Device name, Pair new device, Use Bluetooth, When Bluetooth is turned on, your device can communicate with other nearby Bluetooth devices., sdk_gphone64_x86_64], [])
      | 09-23 02:52:48.953 16140 16140 W AnytouchRun: S2SMOKE path unprovable: src=null evt=android.widget.LinearLayout/[Bluetooth]/null walkDepth=-1 roots=android.widget.FrameLayout(null,null)kids=1pkg=com.android.settingstext=null
      | 09-23 02:52:48.997 16140 16140 I AnytouchRun: S2SMOKE event-meta viewScrolled evt=androidx.recyclerview.widget.RecyclerView/null/null src=androidx.recyclerview.widget.RecyclerView/null/null id=com.android.settings:id/recycler_view
      | 09-23 02:52:49.044 16140 16140 W AnytouchRun: S2SMOKE capture note: viewScrolled 无位移证据 pkg=com.android.settings id=com.android.settings:id/recycler_view delta=0x0 pos=0x0 max=0x0（布局重排，不成步）
      | 09-23 02:52:51.696 16140 16140 I AnytouchRun: S2SMOKE compiled ok actions=3 drops=0 merged=0 events=9 target=com.android.settings
      | 09-23 02:52:51.696 16140 16140 I AnytouchRun: S2SMOKE-STEP index=0 type=click value={"path":"*[1]>*[0]>*[0]>*[1]>*[0]>*[1]>*[0]>*[0]>*[0]>*[1]"}
      | 09-23 02:52:51.696 16140 16140 I AnytouchRun: S2SMOKE-STEP index=1 type=click value={"text":"Connection preferences"}
      | 09-23 02:52:51.697 16140 16140 I AnytouchRun: S2SMOKE-STEP index=2 type=click value={"text":"Bluetooth"}
      | 09-23 02:52:51.698 16140 16140 I AnytouchRun: S2SMOKE-TASK [{"action_id":"rec-0003","type":"click","target":null,"value":{"path":"*[1]>*[0]>*[0]>*[1]>*[0]>*[1]>*[0]>*[0]>*[0]>*[1]"},"source":"node","safety":{"viewport_ok":true,"click_enabled":true,"requires_transition":false}},{"action_id":"rec-0005","type":"click","target":null,"value":{"text":"Connection preferences"},"source":"node","safety":{"viewport_ok":true,"click_enabled":true,"requires_transition":false}},{"action_id":"rec-0007","type":"click","target":null,"value":{"text":"Bluetooth"},"source":"node","safety":{"viewport_ok":true,"click_enabled":true,"requires_transition":false}}]
[0;32mPASS[0m R4 录→编→放全绿 :: 09-23 02:53:02.534 16140 16140 I AnytouchRun: S1SMOKE ok=3 total=3 stopped=false stop=-
[0;33m··[0m ===== 第 5/8 轮：录 → 编 → 放（3 步） =====
[0;33m··[0m 预走坐标可复用：S2_COORDS='412 1090|343 1120|302 786'
[0;33m··[0m 编译产物：09-23 02:53:45.187 16140 16140 I AnytouchRun: S2SMOKE compiled ok actions=3 drops=0 merged=0 events=8 target=com.android.settings
     09-23 02:53:36.325 16140 16140 W AnytouchRun: S2SMOKE capture note: viewScrolled 无位移证据 pkg=com.android.settings id=com.android.settings:id/recycler_view delta=0x0 pos=0x0 max=0x0（布局重排，不成步）
     09-23 02:53:39.450 16140 16140 W AnytouchRun: S2SMOKE capture note: viewScrolled 无位移证据 pkg=com.android.settings id=com.android.settings:id/recycler_view delta=0x0 pos=0x0 max=0x0（布局重排，不成步）
     09-23 02:53:42.630 16140 16140 W AnytouchRun: S2SMOKE capture note: viewScrolled 无位移证据 pkg=com.android.settings id=com.android.settings:id/recycler_view delta=0x0 pos=0x0 max=0x0（布局重排，不成步）
     09-23 02:53:45.188 16140 16140 I AnytouchRun: S2SMOKE-STEP index=0 type=click value={"text":"Connected devices"}
     09-23 02:53:45.201 16140 16140 I AnytouchRun: S2SMOKE-STEP index=1 type=click value={"text":"Connection preferences"}
     09-23 02:53:45.202 16140 16140 I AnytouchRun: S2SMOKE-STEP index=2 type=click value={"text":"Bluetooth"}
      | 09-23 02:53:33.276 16140 16140 I AnytouchRun: S2SMOKE record start target=com.android.settings
      | 09-23 02:53:36.033 16140 16140 I AnytouchRun: S2SMOKE event-meta viewClicked evt=android.widget.LinearLayout/Connected devices|Bluetooth, pairing/null src=android.widget.LinearLayout/null/null id=null
      | 09-23 02:53:36.323 16140 16140 I AnytouchRun: S2SMOKE event-meta viewScrolled evt=androidx.recyclerview.widget.RecyclerView/null/null src=androidx.recyclerview.widget.RecyclerView/null/null id=com.android.settings:id/recycler_view
      | 09-23 02:53:36.325 16140 16140 W AnytouchRun: S2SMOKE capture note: viewScrolled 无位移证据 pkg=com.android.settings id=com.android.settings:id/recycler_view delta=0x0 pos=0x0 max=0x0（布局重排，不成步）
      | 09-23 02:53:39.294 16140 16140 I AnytouchRun: S2SMOKE event-meta viewClicked evt=android.widget.LinearLayout/Connection preferences|Bluetooth, Android Auto/null src=android.widget.LinearLayout/null/null id=null
      | 09-23 02:53:39.376 16140 16140 I AnytouchRun: S2SMOKE content no-match(严档 kids=1/句柄子树): want=[Bluetooth, Android Auto, Connection preferences] 同cls节点=17 roots=1 near=[0] kids=1 texts=([Connection preferences], [Connection preferences, Navigate up]) || [0, 0, 0, 0] kids=1 texts=([Connection preferences], [Connection preferences, Navigate up]) || [0, 0, 0, 1, 0] kids=1 texts=([1 print service on, Bluetooth, Cast, Not connected, Printing], [])
      | 09-23 02:53:39.385 16140 16140 I AnytouchRun: S2SMOKE content no-match(宽档/句柄子树): want=[Bluetooth, Android Auto, Connection preferences] 同cls节点=17 roots=1 near=[0] kids=1 texts=([Connection preferences], [Connection preferences, Navigate up]) || [0, 0, 0, 0] kids=1 texts=([Connection preferences], [Connection preferences, Navigate up]) || [0, 0, 0, 1, 0] kids=1 texts=([1 print service on, Bluetooth, Cast, Not connected, Printing], [])
      | 09-23 02:53:39.393 16140 16140 I AnytouchRun: S2SMOKE content no-match(严档 kids=1/事件拷贝): want=[Bluetooth, Android Auto, Connection preferences] 同cls节点=17 roots=1 near=[0] kids=1 texts=([Connection preferences], [Connection preferences, Navigate up]) || [0, 0, 0, 0] kids=1 texts=([Connection preferences], [Connection preferences, Navigate up]) || [0, 0, 0, 1, 0] kids=1 texts=([1 print service on, Bluetooth, Cast, Not connected, Printing], [])
      | 09-23 02:53:39.398 16140 16140 I AnytouchRun: S2SMOKE content no-match(宽档/事件拷贝): want=[Bluetooth, Android Auto, Connection preferences] 同cls节点=17 roots=1 near=[0] kids=1 texts=([Connection preferences], [Connection preferences, Navigate up]) || [0, 0, 0, 0] kids=1 texts=([Connection preferences], [Connection preferences, Navigate up]) || [0, 0, 0, 1, 0] kids=1 texts=([1 print service on, Bluetooth, Cast, Not connected, Printing], [])
      | 09-23 02:53:39.408 16140 16140 W AnytouchRun: S2SMOKE path unprovable: src=android.widget.LinearLayout(null,null)kids=1pkg=com.android.settingstext=null evt=android.widget.LinearLayout/[Connection preferences, Bluetooth, Android Auto]/null walkDepth=10 roots=android.widget.FrameLayout(null,null)kids=1pkg=com.android.settingstext=null
      | 09-23 02:53:39.422 16140 16140 I AnytouchRun: S2SMOKE path=chain-unanchored(仅作去抖/折叠键，回放定位走线索): [0, 0, 0, 1, 0, 0, 0, 0, 0, 4] id=null text=Connection preferences desc=null
      | 09-23 02:53:39.437 16140 16140 I AnytouchRun: S2SMOKE event-meta viewScrolled evt=androidx.recyclerview.widget.RecyclerView/null/null src=androidx.recyclerview.widget.RecyclerView/null/null id=com.android.settings:id/recycler_view
      | 09-23 02:53:39.450 16140 16140 W AnytouchRun: S2SMOKE capture note: viewScrolled 无位移证据 pkg=com.android.settings id=com.android.settings:id/recycler_view delta=0x0 pos=0x0 max=0x0（布局重排，不成步）
      | 09-23 02:53:42.358 16140 16140 I AnytouchRun: S2SMOKE event-meta viewClicked evt=android.widget.LinearLayout/Bluetooth/null src=android.widget.LinearLayout/null/null id=null
      | 09-23 02:53:42.482 16140 16140 I AnytouchRun: S2SMOKE content no-match(严档 kids=2/句柄子树): want=[Bluetooth] 同cls节点=14 roots=1 near=[0] kids=1 texts=([Bluetooth, Use Bluetooth], [Bluetooth, Navigate up]) || [0, 0, 0, 0] kids=1 texts=([Bluetooth], [Bluetooth, Navigate up]) || [0, 0, 0, 1, 0] kids=2 texts=([Device name, Pair new device, Use Bluetooth, When Bluetooth is turned on, your device can communicate with other nearby Bluetooth devices., sdk_gphone64_x86_64], [])
      | 09-23 02:53:42.539 16140 16140 I AnytouchRun: S2SMOKE content no-match(宽档/句柄子树): want=[Bluetooth] 同cls节点=14 roots=1 near=[0] kids=1 texts=([Bluetooth, Use Bluetooth], [Bluetooth, Navigate up]) || [0, 0, 0, 0] kids=1 texts=([Bluetooth], [Bluetooth, Navigate up]) || [0, 0, 0, 1, 0] kids=2 texts=([Device name, Pair new device, Use Bluetooth, When Bluetooth is turned on, your device can communicate with other nearby Bluetooth devices., sdk_gphone64_x86_64], [])
      | 09-23 02:53:42.559 16140 16140 I AnytouchRun: S2SMOKE content no-match(严档 kids=2/事件拷贝): want=[Bluetooth] 同cls节点=14 roots=1 near=[0] kids=1 texts=([Bluetooth, Use Bluetooth], [Bluetooth, Navigate up]) || [0, 0, 0, 0] kids=1 texts=([Bluetooth], [Bluetooth, Navigate up]) || [0, 0, 0, 1, 0] kids=2 texts=([Device name, Pair new device, Use Bluetooth, When Bluetooth is turned on, your device can communicate with other nearby Bluetooth devices., sdk_gphone64_x86_64], [])
      | 09-23 02:53:42.567 16140 16140 I AnytouchRun: S2SMOKE content no-match(宽档/事件拷贝): want=[Bluetooth] 同cls节点=14 roots=1 near=[0] kids=1 texts=([Bluetooth, Use Bluetooth], [Bluetooth, Navigate up]) || [0, 0, 0, 0] kids=1 texts=([Bluetooth], [Bluetooth, Navigate up]) || [0, 0, 0, 1, 0] kids=2 texts=([Device name, Pair new device, Use Bluetooth, When Bluetooth is turned on, your device can communicate with other nearby Bluetooth devices., sdk_gphone64_x86_64], [])
      | 09-23 02:53:42.573 16140 16140 W AnytouchRun: S2SMOKE path unprovable: src=android.widget.LinearLayout(null,null)kids=2pkg=com.android.settingstext=null evt=android.widget.LinearLayout/[Bluetooth]/null walkDepth=10 roots=android.widget.FrameLayout(848,null)kids=1pkg=com.android.settingstext=null
      | 09-23 02:53:42.594 16140 16140 I AnytouchRun: S2SMOKE path=chain-unanchored(仅作去抖/折叠键，回放定位走线索): [0, 0, 0, 1, 0, 0, 0, 0, 0, 0] id=null text=Bluetooth desc=null
      | 09-23 02:53:42.625 16140 16140 I AnytouchRun: S2SMOKE event-meta viewScrolled evt=androidx.recyclerview.widget.RecyclerView/null/null src=androidx.recyclerview.widget.RecyclerView/null/null id=com.android.settings:id/recycler_view
      | 09-23 02:53:42.630 16140 16140 W AnytouchRun: S2SMOKE capture note: viewScrolled 无位移证据 pkg=com.android.settings id=com.android.settings:id/recycler_view delta=0x0 pos=0x0 max=0x0（布局重排，不成步）
      | 09-23 02:53:45.187 16140 16140 I AnytouchRun: S2SMOKE compiled ok actions=3 drops=0 merged=0 events=8 target=com.android.settings
      | 09-23 02:53:45.188 16140 16140 I AnytouchRun: S2SMOKE-STEP index=0 type=click value={"text":"Connected devices"}
      | 09-23 02:53:45.201 16140 16140 I AnytouchRun: S2SMOKE-STEP index=1 type=click value={"text":"Connection preferences"}
      | 09-23 02:53:45.202 16140 16140 I AnytouchRun: S2SMOKE-STEP index=2 type=click value={"text":"Bluetooth"}
      | 09-23 02:53:45.202 16140 16140 I AnytouchRun: S2SMOKE-TASK [{"action_id":"rec-0002","type":"click","target":null,"value":{"text":"Connected devices"},"source":"node","safety":{"viewport_ok":true,"click_enabled":true,"requires_transition":false}},{"action_id":"rec-0004","type":"click","target":null,"value":{"text":"Connection preferences"},"source":"node","safety":{"viewport_ok":true,"click_enabled":true,"requires_transition":false}},{"action_id":"rec-0006","type":"click","target":null,"value":{"text":"Bluetooth"},"source":"node","safety":{"viewport_ok":true,"click_enabled":true,"requires_transition":false}}]
[0;32mPASS[0m R5 录→编→放全绿 :: 09-23 02:53:55.864 16140 16140 I AnytouchRun: S1SMOKE ok=3 total=3 stopped=false stop=-
[0;33m··[0m ===== 第 6/8 轮：录 → 编 → 放（3 步） =====
[0;33m··[0m 预走坐标可复用：S2_COORDS='412 1090|343 1120|302 786'
[0;33m··[0m 编译产物：09-23 02:54:38.519 16140 16140 I AnytouchRun: S2SMOKE compiled ok actions=3 drops=0 merged=0 events=9 target=com.android.settings
     09-23 02:54:29.766 16140 16140 W AnytouchRun: S2SMOKE capture note: viewScrolled 无位移证据 pkg=com.android.settings id=com.android.settings:id/recycler_view delta=0x0 pos=0x0 max=0x0（布局重排，不成步）
     09-23 02:54:32.776 16140 16140 W AnytouchRun: S2SMOKE capture note: viewScrolled 无位移证据 pkg=com.android.settings id=com.android.settings:id/recycler_view delta=0x0 pos=0x0 max=0x0（布局重排，不成步）
     09-23 02:54:36.051 16140 16140 W AnytouchRun: S2SMOKE capture note: viewScrolled 无位移证据 pkg=com.android.settings id=com.android.settings:id/recycler_view delta=0x0 pos=0x0 max=0x0（布局重排，不成步）
     09-23 02:54:38.519 16140 16140 I AnytouchRun: S2SMOKE-STEP index=0 type=click value={"path":"*[1]>*[0]>*[0]>*[1]>*[0]>*[1]>*[0]>*[0]>*[0]>*[1]"}
     09-23 02:54:38.519 16140 16140 I AnytouchRun: S2SMOKE-STEP index=1 type=click value={"text":"Connection preferences"}
     09-23 02:54:38.519 16140 16140 I AnytouchRun: S2SMOKE-STEP index=2 type=click value={"text":"Bluetooth"}
      | 09-23 02:54:26.629 16140 16140 I AnytouchRun: S2SMOKE record start target=com.android.settings
      | 09-23 02:54:29.473 16140 16140 I AnytouchRun: S2SMOKE event-meta viewClicked evt=android.widget.LinearLayout/Connected devices|Bluetooth, pairing/null src=android.widget.LinearLayout/null/null id=null
      | 09-23 02:54:29.489 16140 16140 I AnytouchRun: S2SMOKE clue=path source=android.widget.LinearLayout id=null titles=0 texts=0 descs=0
      | 09-23 02:54:29.561 16140 16140 I AnytouchRun: S2SMOKE clue=event-copy 弃用(窗口内 text 命中=0 desc 命中=0，皆需唯一): word=Connected devices
      | 09-23 02:54:29.764 16140 16140 I AnytouchRun: S2SMOKE event-meta viewScrolled evt=androidx.recyclerview.widget.RecyclerView/null/null src=androidx.recyclerview.widget.RecyclerView/null/null id=com.android.settings:id/recycler_view
      | 09-23 02:54:29.766 16140 16140 W AnytouchRun: S2SMOKE capture note: viewScrolled 无位移证据 pkg=com.android.settings id=com.android.settings:id/recycler_view delta=0x0 pos=0x0 max=0x0（布局重排，不成步）
      | 09-23 02:54:32.590 16140 16140 I AnytouchRun: S2SMOKE event-meta viewClicked evt=android.widget.LinearLayout/Connection preferences|Bluetooth, Android Auto/null src=android.widget.LinearLayout/null/null id=null
      | 09-23 02:54:32.726 16140 16140 I AnytouchRun: S2SMOKE event-meta viewScrolled evt=androidx.recyclerview.widget.RecyclerView/null/null src=androidx.recyclerview.widget.RecyclerView/null/null id=com.android.settings:id/recycler_view
      | 09-23 02:54:32.776 16140 16140 W AnytouchRun: S2SMOKE capture note: viewScrolled 无位移证据 pkg=com.android.settings id=com.android.settings:id/recycler_view delta=0x0 pos=0x0 max=0x0（布局重排，不成步）
      | 09-23 02:54:35.698 16140 16140 I AnytouchRun: S2SMOKE event-meta viewClicked evt=android.widget.LinearLayout/Bluetooth/null src=android.widget.LinearLayout/null/null id=null
      | 09-23 02:54:35.860 16140 16140 I AnytouchRun: S2SMOKE content no-match(严档 kids=2/句柄子树): want=[Bluetooth] 同cls节点=14 roots=1 near=[0] kids=1 texts=([Bluetooth, Use Bluetooth], [Bluetooth, Navigate up]) || [0, 0, 0, 0] kids=1 texts=([Bluetooth], [Bluetooth, Navigate up]) || [0, 0, 0, 1, 0] kids=2 texts=([Device name, Pair new device, Use Bluetooth, When Bluetooth is turned on, your device can communicate with other nearby Bluetooth devices., sdk_gphone64_x86_64], [])
      | 09-23 02:54:35.876 16140 16140 I AnytouchRun: S2SMOKE content no-match(宽档/句柄子树): want=[Bluetooth] 同cls节点=14 roots=1 near=[0] kids=1 texts=([Bluetooth, Use Bluetooth], [Bluetooth, Navigate up]) || [0, 0, 0, 0] kids=1 texts=([Bluetooth], [Bluetooth, Navigate up]) || [0, 0, 0, 1, 0] kids=2 texts=([Device name, Pair new device, Use Bluetooth, When Bluetooth is turned on, your device can communicate with other nearby Bluetooth devices., sdk_gphone64_x86_64], [])
      | 09-23 02:54:35.900 16140 16140 I AnytouchRun: S2SMOKE content no-match(严档 kids=2/事件拷贝): want=[Bluetooth] 同cls节点=14 roots=1 near=[0] kids=1 texts=([Bluetooth, Use Bluetooth], [Bluetooth, Navigate up]) || [0, 0, 0, 0] kids=1 texts=([Bluetooth], [Bluetooth, Navigate up]) || [0, 0, 0, 1, 0] kids=2 texts=([Device name, Pair new device, Use Bluetooth, When Bluetooth is turned on, your device can communicate with other nearby Bluetooth devices., sdk_gphone64_x86_64], [])
      | 09-23 02:54:35.905 16140 16140 I AnytouchRun: S2SMOKE content no-match(宽档/事件拷贝): want=[Bluetooth] 同cls节点=14 roots=1 near=[0] kids=1 texts=([Bluetooth, Use Bluetooth], [Bluetooth, Navigate up]) || [0, 0, 0, 0] kids=1 texts=([Bluetooth], [Bluetooth, Navigate up]) || [0, 0, 0, 1, 0] kids=2 texts=([Device name, Pair new device, Use Bluetooth, When Bluetooth is turned on, your device can communicate with other nearby Bluetooth devices., sdk_gphone64_x86_64], [])
      | 09-23 02:54:35.909 16140 16140 W AnytouchRun: S2SMOKE path unprovable: src=android.widget.LinearLayout(null,null)kids=2pkg=com.android.settingstext=null evt=android.widget.LinearLayout/[Bluetooth]/null walkDepth=10 roots=android.widget.FrameLayout(869,null)kids=1pkg=com.android.settingstext=null
      | 09-23 02:54:35.967 16140 16140 I AnytouchRun: S2SMOKE path=chain-unanchored(仅作去抖/折叠键，回放定位走线索): [0, 0, 0, 1, 0, 0, 0, 0, 0, 0] id=null text=Bluetooth desc=null
      | 09-23 02:54:36.037 16140 16140 I AnytouchRun: S2SMOKE event-meta viewScrolled evt=androidx.recyclerview.widget.RecyclerView/null/null src=androidx.recyclerview.widget.RecyclerView/null/null id=com.android.settings:id/recycler_view
      | 09-23 02:54:36.051 16140 16140 W AnytouchRun: S2SMOKE capture note: viewScrolled 无位移证据 pkg=com.android.settings id=com.android.settings:id/recycler_view delta=0x0 pos=0x0 max=0x0（布局重排，不成步）
      | 09-23 02:54:38.519 16140 16140 I AnytouchRun: S2SMOKE compiled ok actions=3 drops=0 merged=0 events=9 target=com.android.settings
      | 09-23 02:54:38.519 16140 16140 I AnytouchRun: S2SMOKE-STEP index=0 type=click value={"path":"*[1]>*[0]>*[0]>*[1]>*[0]>*[1]>*[0]>*[0]>*[0]>*[1]"}
      | 09-23 02:54:38.519 16140 16140 I AnytouchRun: S2SMOKE-STEP index=1 type=click value={"text":"Connection preferences"}
      | 09-23 02:54:38.519 16140 16140 I AnytouchRun: S2SMOKE-STEP index=2 type=click value={"text":"Bluetooth"}
      | 09-23 02:54:38.519 16140 16140 I AnytouchRun: S2SMOKE-TASK [{"action_id":"rec-0003","type":"click","target":null,"value":{"path":"*[1]>*[0]>*[0]>*[1]>*[0]>*[1]>*[0]>*[0]>*[0]>*[1]"},"source":"node","safety":{"viewport_ok":true,"click_enabled":true,"requires_transition":false}},{"action_id":"rec-0005","type":"click","target":null,"value":{"text":"Connection preferences"},"source":"node","safety":{"viewport_ok":true,"click_enabled":true,"requires_transition":false}},{"action_id":"rec-0007","type":"click","target":null,"value":{"text":"Bluetooth"},"source":"node","safety":{"viewport_ok":true,"click_enabled":true,"requires_transition":false}}]
[0;32mPASS[0m R6 录→编→放全绿 :: 09-23 02:54:49.269 16140 16140 I AnytouchRun: S1SMOKE ok=3 total=3 stopped=false stop=-
[0;33m··[0m ===== 第 7/8 轮：录 → 编 → 放（3 步） =====
[0;33m··[0m 预走坐标可复用：S2_COORDS='412 1090|343 1120|302 786'
[0;33m··[0m 编译产物：09-23 02:55:31.969 16140 16140 I AnytouchRun: S2SMOKE compiled ok actions=3 drops=0 merged=0 events=9 target=com.android.settings
     09-23 02:55:23.223 16140 16140 W AnytouchRun: S2SMOKE capture note: viewScrolled 无位移证据 pkg=com.android.settings id=com.android.settings:id/recycler_view delta=0x0 pos=0x0 max=0x0（布局重排，不成步）
     09-23 02:55:26.337 16140 16140 W AnytouchRun: S2SMOKE capture note: viewScrolled 无位移证据 pkg=com.android.settings id=com.android.settings:id/recycler_view delta=0x0 pos=0x0 max=0x0（布局重排，不成步）
     09-23 02:55:29.450 16140 16140 W AnytouchRun: S2SMOKE capture note: viewScrolled 无位移证据 pkg=com.android.settings id=com.android.settings:id/recycler_view delta=0x0 pos=0x0 max=0x0（布局重排，不成步）
     09-23 02:55:31.969 16140 16140 I AnytouchRun: S2SMOKE-STEP index=0 type=click value={"text":"Connected devices"}
     09-23 02:55:31.969 16140 16140 I AnytouchRun: S2SMOKE-STEP index=1 type=click value={"text":"Connection preferences"}
     09-23 02:55:31.969 16140 16140 I AnytouchRun: S2SMOKE-STEP index=2 type=click value={"text":"Bluetooth"}
      | 09-23 02:55:20.034 16140 16140 I AnytouchRun: S2SMOKE record start target=com.android.settings
      | 09-23 02:55:22.953 16140 16140 I AnytouchRun: S2SMOKE event-meta viewClicked evt=android.widget.LinearLayout/Connected devices|Bluetooth, pairing/null src=android.widget.LinearLayout/null/null id=null
      | 09-23 02:55:23.219 16140 16140 I AnytouchRun: S2SMOKE event-meta viewScrolled evt=androidx.recyclerview.widget.RecyclerView/null/null src=androidx.recyclerview.widget.RecyclerView/null/null id=com.android.settings:id/recycler_view
      | 09-23 02:55:23.223 16140 16140 W AnytouchRun: S2SMOKE capture note: viewScrolled 无位移证据 pkg=com.android.settings id=com.android.settings:id/recycler_view delta=0x0 pos=0x0 max=0x0（布局重排，不成步）
      | 09-23 02:55:26.192 16140 16140 I AnytouchRun: S2SMOKE event-meta viewClicked evt=android.widget.LinearLayout/Connection preferences|Bluetooth, Android Auto/null src=android.widget.LinearLayout/null/null id=null
      | 09-23 02:55:26.307 16140 16140 I AnytouchRun: S2SMOKE event-meta viewScrolled evt=androidx.recyclerview.widget.RecyclerView/null/null src=androidx.recyclerview.widget.RecyclerView/null/null id=com.android.settings:id/recycler_view
      | 09-23 02:55:26.337 16140 16140 W AnytouchRun: S2SMOKE capture note: viewScrolled 无位移证据 pkg=com.android.settings id=com.android.settings:id/recycler_view delta=0x0 pos=0x0 max=0x0（布局重排，不成步）
      | 09-23 02:55:29.171 16140 16140 I AnytouchRun: S2SMOKE event-meta viewClicked evt=android.widget.LinearLayout/Bluetooth/null src=android.widget.LinearLayout/null/null id=null
      | 09-23 02:55:29.253 16140 16140 I AnytouchRun: S2SMOKE content no-match(严档 kids=2/句柄子树): want=[Bluetooth] 同cls节点=14 roots=1 near=[0] kids=1 texts=([Bluetooth, Use Bluetooth], [Bluetooth, Navigate up]) || [0, 0, 0, 0] kids=1 texts=([Bluetooth], [Bluetooth, Navigate up]) || [0, 0, 0, 1, 0] kids=2 texts=([Device name, Pair new device, Use Bluetooth, When Bluetooth is turned on, your device can communicate with other nearby Bluetooth devices., sdk_gphone64_x86_64], [])
      | 09-23 02:55:29.259 16140 16140 I AnytouchRun: S2SMOKE content no-match(宽档/句柄子树): want=[Bluetooth] 同cls节点=14 roots=1 near=[0] kids=1 texts=([Bluetooth, Use Bluetooth], [Bluetooth, Navigate up]) || [0, 0, 0, 0] kids=1 texts=([Bluetooth], [Bluetooth, Navigate up]) || [0, 0, 0, 1, 0] kids=2 texts=([Device name, Pair new device, Use Bluetooth, When Bluetooth is turned on, your device can communicate with other nearby Bluetooth devices., sdk_gphone64_x86_64], [])
      | 09-23 02:55:29.268 16140 16140 I AnytouchRun: S2SMOKE content no-match(严档 kids=2/事件拷贝): want=[Bluetooth] 同cls节点=14 roots=1 near=[0] kids=1 texts=([Bluetooth, Use Bluetooth], [Bluetooth, Navigate up]) || [0, 0, 0, 0] kids=1 texts=([Bluetooth], [Bluetooth, Navigate up]) || [0, 0, 0, 1, 0] kids=2 texts=([Device name, Pair new device, Use Bluetooth, When Bluetooth is turned on, your device can communicate with other nearby Bluetooth devices., sdk_gphone64_x86_64], [])
      | 09-23 02:55:29.287 16140 16140 I AnytouchRun: S2SMOKE content no-match(宽档/事件拷贝): want=[Bluetooth] 同cls节点=14 roots=1 near=[0] kids=1 texts=([Bluetooth, Use Bluetooth], [Bluetooth, Navigate up]) || [0, 0, 0, 0] kids=1 texts=([Bluetooth], [Bluetooth, Navigate up]) || [0, 0, 0, 1, 0] kids=2 texts=([Device name, Pair new device, Use Bluetooth, When Bluetooth is turned on, your device can communicate with other nearby Bluetooth devices., sdk_gphone64_x86_64], [])
      | 09-23 02:55:29.297 16140 16140 W AnytouchRun: S2SMOKE path unprovable: src=android.widget.LinearLayout(null,null)kids=2pkg=com.android.settingstext=null evt=android.widget.LinearLayout/[Bluetooth]/null walkDepth=10 roots=android.widget.FrameLayout(null,null)kids=1pkg=com.android.settingstext=null
      | 09-23 02:55:29.380 16140 16140 I AnytouchRun: S2SMOKE path=chain-unanchored(仅作去抖/折叠键，回放定位走线索): [0, 0, 0, 1, 0, 0, 0, 0, 0, 0] id=null text=Bluetooth desc=null
      | 09-23 02:55:29.449 16140 16140 I AnytouchRun: S2SMOKE event-meta viewScrolled evt=androidx.recyclerview.widget.RecyclerView/null/null src=androidx.recyclerview.widget.RecyclerView/null/null id=com.android.settings:id/recycler_view
      | 09-23 02:55:29.450 16140 16140 W AnytouchRun: S2SMOKE capture note: viewScrolled 无位移证据 pkg=com.android.settings id=com.android.settings:id/recycler_view delta=0x0 pos=0x0 max=0x0（布局重排，不成步）
      | 09-23 02:55:31.969 16140 16140 I AnytouchRun: S2SMOKE compiled ok actions=3 drops=0 merged=0 events=9 target=com.android.settings
      | 09-23 02:55:31.969 16140 16140 I AnytouchRun: S2SMOKE-STEP index=0 type=click value={"text":"Connected devices"}
      | 09-23 02:55:31.969 16140 16140 I AnytouchRun: S2SMOKE-STEP index=1 type=click value={"text":"Connection preferences"}
      | 09-23 02:55:31.969 16140 16140 I AnytouchRun: S2SMOKE-STEP index=2 type=click value={"text":"Bluetooth"}
      | 09-23 02:55:31.984 16140 16140 I AnytouchRun: S2SMOKE-TASK [{"action_id":"rec-0003","type":"click","target":null,"value":{"text":"Connected devices"},"source":"node","safety":{"viewport_ok":true,"click_enabled":true,"requires_transition":false}},{"action_id":"rec-0005","type":"click","target":null,"value":{"text":"Connection preferences"},"source":"node","safety":{"viewport_ok":true,"click_enabled":true,"requires_transition":false}},{"action_id":"rec-0007","type":"click","target":null,"value":{"text":"Bluetooth"},"source":"node","safety":{"viewport_ok":true,"click_enabled":true,"requires_transition":false}}]
[0;32mPASS[0m R7 录→编→放全绿 :: 09-23 02:55:42.581 16140 16140 I AnytouchRun: S1SMOKE ok=3 total=3 stopped=false stop=-
[0;33m··[0m ===== 第 8/8 轮：录 → 编 → 放（3 步） =====
[0;33m··[0m 预走坐标可复用：S2_COORDS='412 1090|343 1120|302 786'
[0;33m··[0m 编译产物：09-23 02:56:25.164 16140 16140 I AnytouchRun: S2SMOKE compiled ok actions=3 drops=0 merged=0 events=9 target=com.android.settings
     09-23 02:56:16.311 16140 16140 W AnytouchRun: S2SMOKE capture note: viewScrolled 无位移证据 pkg=com.android.settings id=com.android.settings:id/recycler_view delta=0x0 pos=0x0 max=0x0（布局重排，不成步）
     09-23 02:56:19.367 16140 16140 W AnytouchRun: S2SMOKE capture note: viewScrolled 无位移证据 pkg=com.android.settings id=com.android.settings:id/recycler_view delta=0x0 pos=0x0 max=0x0（布局重排，不成步）
     09-23 02:56:22.584 16140 16140 W AnytouchRun: S2SMOKE capture note: viewScrolled 无位移证据 pkg=com.android.settings id=com.android.settings:id/recycler_view delta=0x0 pos=0x0 max=0x0（布局重排，不成步）
     09-23 02:56:25.165 16140 16140 I AnytouchRun: S2SMOKE-STEP index=0 type=click value={"path":"*[1]>*[0]>*[0]>*[1]>*[0]>*[1]>*[0]>*[0]>*[0]>*[1]"}
     09-23 02:56:25.165 16140 16140 I AnytouchRun: S2SMOKE-STEP index=1 type=click value={"text":"Connection preferences"}
     09-23 02:56:25.165 16140 16140 I AnytouchRun: S2SMOKE-STEP index=2 type=click value={"text":"Bluetooth"}
      | 09-23 02:56:13.286 16140 16140 I AnytouchRun: S2SMOKE record start target=com.android.settings
      | 09-23 02:56:16.123 16140 16140 I AnytouchRun: S2SMOKE event-meta viewClicked evt=android.widget.LinearLayout/Connected devices|Bluetooth, pairing/null src=android.widget.LinearLayout/null/null id=null
      | 09-23 02:56:16.135 16140 16140 I AnytouchRun: S2SMOKE clue=path source=android.widget.LinearLayout id=null titles=0 texts=0 descs=0
      | 09-23 02:56:16.177 16140 16140 I AnytouchRun: S2SMOKE clue=event-copy 弃用(窗口内 text 命中=0 desc 命中=0，皆需唯一): word=Connected devices
      | 09-23 02:56:16.302 16140 16140 I AnytouchRun: S2SMOKE event-meta viewScrolled evt=androidx.recyclerview.widget.RecyclerView/null/null src=androidx.recyclerview.widget.RecyclerView/null/null id=com.android.settings:id/recycler_view
      | 09-23 02:56:16.311 16140 16140 W AnytouchRun: S2SMOKE capture note: viewScrolled 无位移证据 pkg=com.android.settings id=com.android.settings:id/recycler_view delta=0x0 pos=0x0 max=0x0（布局重排，不成步）
      | 09-23 02:56:19.180 16140 16140 I AnytouchRun: S2SMOKE event-meta viewClicked evt=android.widget.LinearLayout/Connection preferences|Bluetooth, Android Auto/null src=android.widget.LinearLayout/null/null id=null
      | 09-23 02:56:19.201 16140 16140 I AnytouchRun: S2SMOKE path by unique content(严档/事件拷贝): [0, 0, 0, 1, 0, 0, 0, 0, 0, 4] 窗口节点=36 cls=android.widget.LinearLayout texts=[Bluetooth, Android Auto, Connection preferences]
      | 09-23 02:56:19.333 16140 16140 I AnytouchRun: S2SMOKE event-meta viewScrolled evt=androidx.recyclerview.widget.RecyclerView/null/null src=androidx.recyclerview.widget.RecyclerView/null/null id=com.android.settings:id/recycler_view
      | 09-23 02:56:19.367 16140 16140 W AnytouchRun: S2SMOKE capture note: viewScrolled 无位移证据 pkg=com.android.settings id=com.android.settings:id/recycler_view delta=0x0 pos=0x0 max=0x0（布局重排，不成步）
      | 09-23 02:56:22.317 16140 16140 I AnytouchRun: S2SMOKE event-meta viewClicked evt=android.widget.LinearLayout/Bluetooth/null src=android.widget.LinearLayout/null/null id=null
      | 09-23 02:56:22.479 16140 16140 I AnytouchRun: S2SMOKE content no-match(严档 kids=2/事件拷贝): want=[Bluetooth] 同cls节点=14 roots=1 near=[0] kids=1 texts=([Bluetooth, Use Bluetooth], [Bluetooth, Navigate up]) || [0, 0, 0, 0] kids=1 texts=([Bluetooth], [Bluetooth, Navigate up]) || [0, 0, 0, 1, 0] kids=2 texts=([Device name, Pair new device, Use Bluetooth, When Bluetooth is turned on, your device can communicate with other nearby Bluetooth devices., sdk_gphone64_x86_64], [])
      | 09-23 02:56:22.484 16140 16140 I AnytouchRun: S2SMOKE content no-match(宽档/事件拷贝): want=[Bluetooth] 同cls节点=14 roots=1 near=[0] kids=1 texts=([Bluetooth, Use Bluetooth], [Bluetooth, Navigate up]) || [0, 0, 0, 0] kids=1 texts=([Bluetooth], [Bluetooth, Navigate up]) || [0, 0, 0, 1, 0] kids=2 texts=([Device name, Pair new device, Use Bluetooth, When Bluetooth is turned on, your device can communicate with other nearby Bluetooth devices., sdk_gphone64_x86_64], [])
      | 09-23 02:56:22.499 16140 16140 W AnytouchRun: S2SMOKE path unprovable: src=android.widget.LinearLayout(null,null)kids=2pkg=com.android.settingstext=null evt=android.widget.LinearLayout/[Bluetooth]/null walkDepth=0 roots=android.widget.FrameLayout(911,null)kids=1pkg=com.android.settingstext=null
      | 09-23 02:56:22.513 16140 16140 I AnytouchRun: S2SMOKE clue=path source=android.widget.LinearLayout id=null titles=0 texts=0 descs=0
      | 09-23 02:56:22.519 16140 16140 I AnytouchRun: S2SMOKE path=chain-unanchored(仅作去抖/折叠键，回放定位走线索): [] id=null text=Bluetooth desc=null
      | 09-23 02:56:22.582 16140 16140 I AnytouchRun: S2SMOKE event-meta viewScrolled evt=androidx.recyclerview.widget.RecyclerView/null/null src=androidx.recyclerview.widget.RecyclerView/null/null id=com.android.settings:id/recycler_view
      | 09-23 02:56:22.584 16140 16140 W AnytouchRun: S2SMOKE capture note: viewScrolled 无位移证据 pkg=com.android.settings id=com.android.settings:id/recycler_view delta=0x0 pos=0x0 max=0x0（布局重排，不成步）
      | 09-23 02:56:25.164 16140 16140 I AnytouchRun: S2SMOKE compiled ok actions=3 drops=0 merged=0 events=9 target=com.android.settings
      | 09-23 02:56:25.165 16140 16140 I AnytouchRun: S2SMOKE-STEP index=0 type=click value={"path":"*[1]>*[0]>*[0]>*[1]>*[0]>*[1]>*[0]>*[0]>*[0]>*[1]"}
      | 09-23 02:56:25.165 16140 16140 I AnytouchRun: S2SMOKE-STEP index=1 type=click value={"text":"Connection preferences"}
      | 09-23 02:56:25.165 16140 16140 I AnytouchRun: S2SMOKE-STEP index=2 type=click value={"text":"Bluetooth"}
      | 09-23 02:56:25.165 16140 16140 I AnytouchRun: S2SMOKE-TASK [{"action_id":"rec-0003","type":"click","target":null,"value":{"path":"*[1]>*[0]>*[0]>*[1]>*[0]>*[1]>*[0]>*[0]>*[0]>*[1]"},"source":"node","safety":{"viewport_ok":true,"click_enabled":true,"requires_transition":false}},{"action_id":"rec-0005","type":"click","target":null,"value":{"text":"Connection preferences"},"source":"node","safety":{"viewport_ok":true,"click_enabled":true,"requires_transition":false}},{"action_id":"rec-0007","type":"click","target":null,"value":{"text":"Bluetooth"},"source":"node","safety":{"viewport_ok":true,"click_enabled":true,"requires_transition":false}}]
[0;32mPASS[0m R8 录→编→放全绿 :: 09-23 02:56:35.698 16140 16140 I AnytouchRun: S1SMOKE ok=3 total=3 stopped=false stop=-

[0;32mPASS[0m S2 闭环达标：8/8 轮全绿（ratio=1.00 ≥ 1.0）
