[0;33m··[0m ===== SC 滚动采集：一次慢拖 = 一步 =====
09-23 03:40:11.966 32765 32765 W AnytouchRun: S2SMOKE capture note: viewScrolled 同手势合并（node=com.android.settings:id/main_content_scrollable_container dir=forward gap=91ms）
09-23 03:40:12.085 32765 32765 W AnytouchRun: S2SMOKE capture note: viewScrolled 同手势合并（node=com.android.settings:id/main_content_scrollable_container dir=forward gap=119ms）
09-23 03:40:14.894 32765 32765 I AnytouchRun: S2SMOKE-STEP index=0 type=scroll value={"resource_id":"com.android.settings:id/main_content_scrollable_container","direction":"forward"}
[0;32mPASS[0m SC 一次慢拖只成一步 :: 09-23 03:40:14.894 32765 32765 I AnytouchRun: S2SMOKE compiled ok actions=1 drops=0 merged=0 events=4 target=com.android.settings
[0;33m··[0m ===== 第 1/10 轮：录 → 编 → 放（3 步） =====
[0;33m··[0m 预走坐标可复用：S2_COORDS='412 1090|343 1120|302 786'
[0;33m··[0m 编译产物：09-23 03:40:56.306 32765 32765 I AnytouchRun: S2SMOKE compiled ok actions=3 drops=0 merged=0 events=9 target=com.android.settings
     09-23 03:40:47.578 32765 32765 W AnytouchRun: S2SMOKE capture note: viewScrolled 无位移证据 pkg=com.android.settings id=com.android.settings:id/recycler_view delta=0x0 pos=0x0 max=0x0（布局重排，不成步）
     09-23 03:40:50.574 32765 32765 W AnytouchRun: S2SMOKE capture note: viewScrolled 无位移证据 pkg=com.android.settings id=com.android.settings:id/recycler_view delta=0x0 pos=0x0 max=0x0（布局重排，不成步）
     09-23 03:40:53.750 32765 32765 W AnytouchRun: S2SMOKE capture note: viewScrolled 无位移证据 pkg=com.android.settings id=com.android.settings:id/recycler_view delta=0x0 pos=0x0 max=0x0（布局重排，不成步）
     09-23 03:40:56.307 32765 32765 I AnytouchRun: S2SMOKE-STEP index=0 type=click value={"text":"Connected devices"}
     09-23 03:40:56.307 32765 32765 I AnytouchRun: S2SMOKE-STEP index=1 type=click value={"text":"Connection preferences"}
     09-23 03:40:56.307 32765 32765 I AnytouchRun: S2SMOKE-STEP index=2 type=click value={"text":"Bluetooth"}
      | 09-23 03:40:45.588 32765 32765 I AnytouchRun: S2SMOKE record start target=com.android.settings
      | 09-23 03:40:47.267 32765 32765 I AnytouchRun: S2SMOKE event-meta viewClicked evt=android.widget.LinearLayout/Connected devices|Bluetooth, pairing/null src=android.widget.LinearLayout/null/null id=null
      | 09-23 03:40:47.309 32765 32765 I AnytouchRun: S2SMOKE clue=path source=android.widget.LinearLayout id=null titles=0 texts=0 descs=0
      | 09-23 03:40:47.506 32765 32765 I AnytouchRun: S2SMOKE clue=event-copy 转场重扫第 1 次落定: word=Connected devices 字段=text
      | 09-23 03:40:47.512 32765 32765 I AnytouchRun: S2SMOKE clue=event-copy(窗口唯一，替代脆 path=[0, 0, 0, 1, 0, 1, 0, 0, 0, 1]): text=Connected devices desc=null
      | 09-23 03:40:47.530 32765 32765 I AnytouchRun: S2SMOKE event-meta viewScrolled evt=androidx.recyclerview.widget.RecyclerView/null/null src=androidx.recyclerview.widget.RecyclerView/null/null id=com.android.settings:id/recycler_view
      | 09-23 03:40:47.578 32765 32765 W AnytouchRun: S2SMOKE capture note: viewScrolled 无位移证据 pkg=com.android.settings id=com.android.settings:id/recycler_view delta=0x0 pos=0x0 max=0x0（布局重排，不成步）
      | 09-23 03:40:50.418 32765 32765 I AnytouchRun: S2SMOKE event-meta viewClicked evt=android.widget.LinearLayout/Connection preferences|Bluetooth, Android Auto/null src=android.widget.LinearLayout/null/null id=null
      | 09-23 03:40:50.547 32765 32765 I AnytouchRun: S2SMOKE event-meta viewScrolled evt=androidx.recyclerview.widget.RecyclerView/null/null src=androidx.recyclerview.widget.RecyclerView/null/null id=com.android.settings:id/recycler_view
      | 09-23 03:40:50.574 32765 32765 W AnytouchRun: S2SMOKE capture note: viewScrolled 无位移证据 pkg=com.android.settings id=com.android.settings:id/recycler_view delta=0x0 pos=0x0 max=0x0（布局重排，不成步）
      | 09-23 03:40:53.480 32765 32765 I AnytouchRun: S2SMOKE event-meta viewClicked evt=android.widget.LinearLayout/Bluetooth/null src=android.widget.LinearLayout/null/null id=null
      | 09-23 03:40:53.558 32765 32765 I AnytouchRun: S2SMOKE content no-match(严档 kids=2/句柄子树): want=[Bluetooth] 同cls节点=14 roots=1 near=[0] kids=1 texts=([Bluetooth, Use Bluetooth], [Bluetooth, Navigate up]) || [0, 0, 0, 0] kids=1 texts=([Bluetooth], [Bluetooth, Navigate up]) || [0, 0, 0, 1, 0] kids=2 texts=([Device name, Pair new device, Use Bluetooth, When Bluetooth is turned on, your device can communicate with other nearby Bluetooth devices., sdk_gphone64_x86_64], [])
      | 09-23 03:40:53.570 32765 32765 I AnytouchRun: S2SMOKE content no-match(宽档/句柄子树): want=[Bluetooth] 同cls节点=14 roots=1 near=[0] kids=1 texts=([Bluetooth, Use Bluetooth], [Bluetooth, Navigate up]) || [0, 0, 0, 0] kids=1 texts=([Bluetooth], [Bluetooth, Navigate up]) || [0, 0, 0, 1, 0] kids=2 texts=([Device name, Pair new device, Use Bluetooth, When Bluetooth is turned on, your device can communicate with other nearby Bluetooth devices., sdk_gphone64_x86_64], [])
      | 09-23 03:40:53.578 32765 32765 I AnytouchRun: S2SMOKE content no-match(严档 kids=2/事件拷贝): want=[Bluetooth] 同cls节点=14 roots=1 near=[0] kids=1 texts=([Bluetooth, Use Bluetooth], [Bluetooth, Navigate up]) || [0, 0, 0, 0] kids=1 texts=([Bluetooth], [Bluetooth, Navigate up]) || [0, 0, 0, 1, 0] kids=2 texts=([Device name, Pair new device, Use Bluetooth, When Bluetooth is turned on, your device can communicate with other nearby Bluetooth devices., sdk_gphone64_x86_64], [])
      | 09-23 03:40:53.604 32765 32765 I AnytouchRun: S2SMOKE content no-match(宽档/事件拷贝): want=[Bluetooth] 同cls节点=14 roots=1 near=[0] kids=1 texts=([Bluetooth, Use Bluetooth], [Bluetooth, Navigate up]) || [0, 0, 0, 0] kids=1 texts=([Bluetooth], [Bluetooth, Navigate up]) || [0, 0, 0, 1, 0] kids=2 texts=([Device name, Pair new device, Use Bluetooth, When Bluetooth is turned on, your device can communicate with other nearby Bluetooth devices., sdk_gphone64_x86_64], [])
      | 09-23 03:40:53.614 32765 32765 W AnytouchRun: S2SMOKE path unprovable: src=android.widget.LinearLayout(null,null)kids=2pkg=com.android.settingstext=null evt=android.widget.LinearLayout/[Bluetooth]/null walkDepth=10 roots=android.widget.FrameLayout(1488,null)kids=1pkg=com.android.settingstext=null
      | 09-23 03:40:53.652 32765 32765 I AnytouchRun: S2SMOKE path=chain-unanchored(仅作去抖/折叠键，回放定位走线索): [0, 0, 0, 1, 0, 0, 0, 0, 0, 0] id=null text=Bluetooth desc=null
      | 09-23 03:40:53.748 32765 32765 I AnytouchRun: S2SMOKE event-meta viewScrolled evt=androidx.recyclerview.widget.RecyclerView/null/null src=androidx.recyclerview.widget.RecyclerView/null/null id=com.android.settings:id/recycler_view
      | 09-23 03:40:53.750 32765 32765 W AnytouchRun: S2SMOKE capture note: viewScrolled 无位移证据 pkg=com.android.settings id=com.android.settings:id/recycler_view delta=0x0 pos=0x0 max=0x0（布局重排，不成步）
      | 09-23 03:40:56.306 32765 32765 I AnytouchRun: S2SMOKE compiled ok actions=3 drops=0 merged=0 events=9 target=com.android.settings
      | 09-23 03:40:56.307 32765 32765 I AnytouchRun: S2SMOKE-STEP index=0 type=click value={"text":"Connected devices"}
      | 09-23 03:40:56.307 32765 32765 I AnytouchRun: S2SMOKE-STEP index=1 type=click value={"text":"Connection preferences"}
      | 09-23 03:40:56.307 32765 32765 I AnytouchRun: S2SMOKE-STEP index=2 type=click value={"text":"Bluetooth"}
      | 09-23 03:40:56.307 32765 32765 I AnytouchRun: S2SMOKE-TASK [{"action_id":"rec-0003","type":"click","target":null,"value":{"text":"Connected devices"},"source":"node","safety":{"viewport_ok":true,"click_enabled":true,"requires_transition":false}},{"action_id":"rec-0005","type":"click","target":null,"value":{"text":"Connection preferences"},"source":"node","safety":{"viewport_ok":true,"click_enabled":true,"requires_transition":false}},{"action_id":"rec-0007","type":"click","target":null,"value":{"text":"Bluetooth"},"source":"node","safety":{"viewport_ok":true,"click_enabled":true,"requires_transition":false}}]
[0;32mPASS[0m R1 录→编→放全绿 :: 09-23 03:41:07.318 32765 32765 I AnytouchRun: S1SMOKE ok=3 total=3 stopped=false stop=-
[0;33m··[0m ===== 第 2/10 轮：录 → 编 → 放（3 步） =====
[0;33m··[0m 预走坐标可复用：S2_COORDS='412 1090|343 1120|302 786'
[0;33m··[0m 编译产物：09-23 03:41:50.003 32765 32765 I AnytouchRun: S2SMOKE compiled ok actions=3 drops=0 merged=0 events=8 target=com.android.settings
     09-23 03:41:41.266 32765 32765 W AnytouchRun: S2SMOKE capture note: viewScrolled 无位移证据 pkg=com.android.settings id=com.android.settings:id/recycler_view delta=0x0 pos=0x0 max=0x0（布局重排，不成步）
     09-23 03:41:44.163 32765 32765 W AnytouchRun: S2SMOKE capture note: viewScrolled 无位移证据 pkg=com.android.settings id=com.android.settings:id/recycler_view delta=0x0 pos=0x0 max=0x0（布局重排，不成步）
     09-23 03:41:47.370 32765 32765 W AnytouchRun: S2SMOKE capture note: viewScrolled 无位移证据 pkg=com.android.settings id=com.android.settings:id/recycler_view delta=0x0 pos=0x0 max=0x0（布局重排，不成步）
     09-23 03:41:50.003 32765 32765 I AnytouchRun: S2SMOKE-STEP index=0 type=click value={"text":"Connected devices"}
     09-23 03:41:50.003 32765 32765 I AnytouchRun: S2SMOKE-STEP index=1 type=click value={"text":"Connection preferences"}
     09-23 03:41:50.018 32765 32765 I AnytouchRun: S2SMOKE-STEP index=2 type=click value={"text":"Bluetooth"}
      | 09-23 03:41:37.961 32765 32765 I AnytouchRun: S2SMOKE record start target=com.android.settings
      | 09-23 03:41:40.882 32765 32765 I AnytouchRun: S2SMOKE event-meta viewClicked evt=android.widget.LinearLayout/Connected devices|Bluetooth, pairing/null src=android.widget.LinearLayout/null/null id=null
      | 09-23 03:41:40.945 32765 32765 I AnytouchRun: S2SMOKE clue=path source=android.widget.LinearLayout id=null titles=0 texts=0 descs=0
      | 09-23 03:41:41.231 32765 32765 I AnytouchRun: S2SMOKE clue=event-copy 转场重扫第 1 次落定: word=Connected devices 字段=text
      | 09-23 03:41:41.233 32765 32765 I AnytouchRun: S2SMOKE clue=event-copy(窗口唯一，替代脆 path=[0, 0, 0, 1, 0, 1, 0, 0, 0, 1]): text=Connected devices desc=null
      | 09-23 03:41:41.264 32765 32765 I AnytouchRun: S2SMOKE event-meta viewScrolled evt=androidx.recyclerview.widget.RecyclerView/null/null src=androidx.recyclerview.widget.RecyclerView/null/null id=com.android.settings:id/recycler_view
      | 09-23 03:41:41.266 32765 32765 W AnytouchRun: S2SMOKE capture note: viewScrolled 无位移证据 pkg=com.android.settings id=com.android.settings:id/recycler_view delta=0x0 pos=0x0 max=0x0（布局重排，不成步）
      | 09-23 03:41:44.008 32765 32765 I AnytouchRun: S2SMOKE event-meta viewClicked evt=android.widget.LinearLayout/Connection preferences|Bluetooth, Android Auto/null src=android.widget.LinearLayout/null/null id=null
      | 09-23 03:41:44.131 32765 32765 I AnytouchRun: S2SMOKE event-meta viewScrolled evt=androidx.recyclerview.widget.RecyclerView/null/null src=androidx.recyclerview.widget.RecyclerView/null/null id=com.android.settings:id/recycler_view
      | 09-23 03:41:44.163 32765 32765 W AnytouchRun: S2SMOKE capture note: viewScrolled 无位移证据 pkg=com.android.settings id=com.android.settings:id/recycler_view delta=0x0 pos=0x0 max=0x0（布局重排，不成步）
      | 09-23 03:41:47.222 32765 32765 I AnytouchRun: S2SMOKE event-meta viewClicked evt=android.widget.LinearLayout/Bluetooth/null src=android.widget.LinearLayout/null/null id=null
      | 09-23 03:41:47.295 32765 32765 I AnytouchRun: S2SMOKE content no-match(严档 kids=2/事件拷贝): want=[Bluetooth] 同cls节点=14 roots=1 near=[0] kids=1 texts=([Bluetooth, Use Bluetooth], [Bluetooth, Navigate up]) || [0, 0, 0, 0] kids=1 texts=([Bluetooth], [Bluetooth, Navigate up]) || [0, 0, 0, 1, 0] kids=2 texts=([Device name, Pair new device, Use Bluetooth, When Bluetooth is turned on, your device can communicate with other nearby Bluetooth devices., sdk_gphone64_x86_64], [])
      | 09-23 03:41:47.309 32765 32765 I AnytouchRun: S2SMOKE content no-match(宽档/事件拷贝): want=[Bluetooth] 同cls节点=14 roots=1 near=[0] kids=1 texts=([Bluetooth, Use Bluetooth], [Bluetooth, Navigate up]) || [0, 0, 0, 0] kids=1 texts=([Bluetooth], [Bluetooth, Navigate up]) || [0, 0, 0, 1, 0] kids=2 texts=([Device name, Pair new device, Use Bluetooth, When Bluetooth is turned on, your device can communicate with other nearby Bluetooth devices., sdk_gphone64_x86_64], [])
      | 09-23 03:41:47.311 32765 32765 W AnytouchRun: S2SMOKE path unprovable: src=android.widget.LinearLayout(null,null)kids=2pkg=com.android.settingstext=null evt=android.widget.LinearLayout/[Bluetooth]/null walkDepth=0 roots=android.widget.FrameLayout(null,null)kids=1pkg=com.android.settingstext=null
      | 09-23 03:41:47.312 32765 32765 I AnytouchRun: S2SMOKE clue=path source=android.widget.LinearLayout id=null titles=0 texts=0 descs=0
      | 09-23 03:41:47.313 32765 32765 I AnytouchRun: S2SMOKE path=chain-unanchored(仅作去抖/折叠键，回放定位走线索): [] id=null text=Bluetooth desc=null
      | 09-23 03:41:47.354 32765 32765 I AnytouchRun: S2SMOKE event-meta viewScrolled evt=androidx.recyclerview.widget.RecyclerView/null/null src=androidx.recyclerview.widget.RecyclerView/null/null id=com.android.settings:id/recycler_view
      | 09-23 03:41:47.370 32765 32765 W AnytouchRun: S2SMOKE capture note: viewScrolled 无位移证据 pkg=com.android.settings id=com.android.settings:id/recycler_view delta=0x0 pos=0x0 max=0x0（布局重排，不成步）
      | 09-23 03:41:50.003 32765 32765 I AnytouchRun: S2SMOKE compiled ok actions=3 drops=0 merged=0 events=8 target=com.android.settings
      | 09-23 03:41:50.003 32765 32765 I AnytouchRun: S2SMOKE-STEP index=0 type=click value={"text":"Connected devices"}
      | 09-23 03:41:50.003 32765 32765 I AnytouchRun: S2SMOKE-STEP index=1 type=click value={"text":"Connection preferences"}
      | 09-23 03:41:50.018 32765 32765 I AnytouchRun: S2SMOKE-STEP index=2 type=click value={"text":"Bluetooth"}
      | 09-23 03:41:50.019 32765 32765 I AnytouchRun: S2SMOKE-TASK [{"action_id":"rec-0002","type":"click","target":null,"value":{"text":"Connected devices"},"source":"node","safety":{"viewport_ok":true,"click_enabled":true,"requires_transition":false}},{"action_id":"rec-0004","type":"click","target":null,"value":{"text":"Connection preferences"},"source":"node","safety":{"viewport_ok":true,"click_enabled":true,"requires_transition":false}},{"action_id":"rec-0006","type":"click","target":null,"value":{"text":"Bluetooth"},"source":"node","safety":{"viewport_ok":true,"click_enabled":true,"requires_transition":false}}]
[0;32mPASS[0m R2 录→编→放全绿 :: 09-23 03:42:00.675 32765 32765 I AnytouchRun: S1SMOKE ok=3 total=3 stopped=false stop=-
[0;33m··[0m ===== 第 3/10 轮：录 → 编 → 放（3 步） =====
[0;33m··[0m 预走坐标可复用：S2_COORDS='412 1090|343 1120|302 786'
[0;33m··[0m 编译产物：09-23 03:42:45.766 32765 32765 I AnytouchRun: S2SMOKE compiled ok actions=3 drops=0 merged=0 events=8 target=com.android.settings
     09-23 03:42:34.660 32765 32765 W AnytouchRun: S2SMOKE capture note: viewScrolled 无位移证据 pkg=com.android.settings id=com.android.settings:id/recycler_view delta=0x0 pos=0x0 max=0x0（布局重排，不成步）
     09-23 03:42:36.581 32765 32765 W AnytouchRun: S2SMOKE capture note: viewScrolled 无位移证据 pkg=com.android.settings id=com.android.settings:id/recycler_view delta=0x0 pos=0x0 max=0x0（布局重排，不成步）
     09-23 03:42:43.245 32765 32765 W AnytouchRun: S2SMOKE capture note: viewScrolled 无位移证据 pkg=com.android.settings id=com.android.settings:id/recycler_view delta=0x0 pos=0x0 max=0x0（布局重排，不成步）
     09-23 03:42:45.766 32765 32765 I AnytouchRun: S2SMOKE-STEP index=0 type=click value={"text":"Connected devices"}
     09-23 03:42:45.768 32765 32765 I AnytouchRun: S2SMOKE-STEP index=1 type=click value={"text":"Connection preferences"}
     09-23 03:42:45.771 32765 32765 I AnytouchRun: S2SMOKE-STEP index=2 type=click value={"text":"Bluetooth"}
      | 09-23 03:42:33.204 32765 32765 I AnytouchRun: S2SMOKE record start target=com.android.settings
      | 09-23 03:42:34.644 32765 32765 I AnytouchRun: S2SMOKE event-meta viewScrolled evt=androidx.recyclerview.widget.RecyclerView/null/null src=androidx.recyclerview.widget.RecyclerView/null/null id=com.android.settings:id/recycler_view
      | 09-23 03:42:34.660 32765 32765 W AnytouchRun: S2SMOKE capture note: viewScrolled 无位移证据 pkg=com.android.settings id=com.android.settings:id/recycler_view delta=0x0 pos=0x0 max=0x0（布局重排，不成步）
      | 09-23 03:42:36.223 32765 32765 I AnytouchRun: S2SMOKE event-meta viewClicked evt=android.widget.LinearLayout/Connected devices|Bluetooth, pairing/null src=android.widget.LinearLayout/null/null id=null
      | 09-23 03:42:36.554 32765 32765 I AnytouchRun: S2SMOKE event-meta viewScrolled evt=androidx.recyclerview.widget.RecyclerView/null/null src=androidx.recyclerview.widget.RecyclerView/null/null id=com.android.settings:id/recycler_view
      | 09-23 03:42:36.581 32765 32765 W AnytouchRun: S2SMOKE capture note: viewScrolled 无位移证据 pkg=com.android.settings id=com.android.settings:id/recycler_view delta=0x0 pos=0x0 max=0x0（布局重排，不成步）
      | 09-23 03:42:39.548 32765 32765 I AnytouchRun: S2SMOKE event-meta viewClicked evt=android.widget.LinearLayout/Connection preferences|Bluetooth, Android Auto/null src=android.widget.LinearLayout/null/null id=null
      | 09-23 03:42:39.840 32765 32765 W AnytouchRun: S2SMOKE record abandoned by service lifecycle, 已录事件保留可编译（不静默蒸发）
      | 09-23 03:42:40.827 32765 32765 W AnytouchRun: S2SMOKE record rebound: 服务重连后续采（掉线窗口内的事件已漏，见服务生命周期日志）
      | 09-23 03:42:42.916 32765 32765 I AnytouchRun: S2SMOKE event-meta viewClicked evt=android.widget.LinearLayout/Bluetooth/null src=android.widget.LinearLayout/null/null id=null
      | 09-23 03:42:43.072 32765 32765 I AnytouchRun: S2SMOKE content no-match(严档 kids=2/句柄子树): want=[Bluetooth] 同cls节点=14 roots=1 near=[0] kids=1 texts=([Bluetooth, Use Bluetooth], [Bluetooth, Navigate up]) || [0, 0, 0, 0] kids=1 texts=([Bluetooth], [Bluetooth, Navigate up]) || [0, 0, 0, 1, 0] kids=2 texts=([Device name, Pair new device, Use Bluetooth, When Bluetooth is turned on, your device can communicate with other nearby Bluetooth devices., sdk_gphone64_x86_64], [])
      | 09-23 03:42:43.092 32765 32765 I AnytouchRun: S2SMOKE content no-match(宽档/句柄子树): want=[Bluetooth] 同cls节点=14 roots=1 near=[0] kids=1 texts=([Bluetooth, Use Bluetooth], [Bluetooth, Navigate up]) || [0, 0, 0, 0] kids=1 texts=([Bluetooth], [Bluetooth, Navigate up]) || [0, 0, 0, 1, 0] kids=2 texts=([Device name, Pair new device, Use Bluetooth, When Bluetooth is turned on, your device can communicate with other nearby Bluetooth devices., sdk_gphone64_x86_64], [])
      | 09-23 03:42:43.099 32765 32765 I AnytouchRun: S2SMOKE content no-match(严档 kids=2/事件拷贝): want=[Bluetooth] 同cls节点=14 roots=1 near=[0] kids=1 texts=([Bluetooth, Use Bluetooth], [Bluetooth, Navigate up]) || [0, 0, 0, 0] kids=1 texts=([Bluetooth], [Bluetooth, Navigate up]) || [0, 0, 0, 1, 0] kids=2 texts=([Device name, Pair new device, Use Bluetooth, When Bluetooth is turned on, your device can communicate with other nearby Bluetooth devices., sdk_gphone64_x86_64], [])
      | 09-23 03:42:43.105 32765 32765 I AnytouchRun: S2SMOKE content no-match(宽档/事件拷贝): want=[Bluetooth] 同cls节点=14 roots=1 near=[0] kids=1 texts=([Bluetooth, Use Bluetooth], [Bluetooth, Navigate up]) || [0, 0, 0, 0] kids=1 texts=([Bluetooth], [Bluetooth, Navigate up]) || [0, 0, 0, 1, 0] kids=2 texts=([Device name, Pair new device, Use Bluetooth, When Bluetooth is turned on, your device can communicate with other nearby Bluetooth devices., sdk_gphone64_x86_64], [])
      | 09-23 03:42:43.111 32765 32765 W AnytouchRun: S2SMOKE path unprovable: src=android.widget.LinearLayout(null,null)kids=2pkg=com.android.settingstext=null evt=android.widget.LinearLayout/[Bluetooth]/null walkDepth=10 roots=android.widget.FrameLayout(1533,null)kids=1pkg=com.android.settingstext=null
      | 09-23 03:42:43.179 32765 32765 I AnytouchRun: S2SMOKE path=chain-unanchored(仅作去抖/折叠键，回放定位走线索): [0, 0, 0, 1, 0, 0, 0, 0, 0, 0] id=null text=Bluetooth desc=null
      | 09-23 03:42:43.235 32765 32765 I AnytouchRun: S2SMOKE event-meta viewScrolled evt=androidx.recyclerview.widget.RecyclerView/null/null src=androidx.recyclerview.widget.RecyclerView/null/null id=com.android.settings:id/recycler_view
      | 09-23 03:42:43.245 32765 32765 W AnytouchRun: S2SMOKE capture note: viewScrolled 无位移证据 pkg=com.android.settings id=com.android.settings:id/recycler_view delta=0x0 pos=0x0 max=0x0（布局重排，不成步）
      | 09-23 03:42:45.766 32765 32765 I AnytouchRun: S2SMOKE compiled ok actions=3 drops=0 merged=0 events=8 target=com.android.settings
      | 09-23 03:42:45.766 32765 32765 I AnytouchRun: S2SMOKE-STEP index=0 type=click value={"text":"Connected devices"}
      | 09-23 03:42:45.768 32765 32765 I AnytouchRun: S2SMOKE-STEP index=1 type=click value={"text":"Connection preferences"}
      | 09-23 03:42:45.771 32765 32765 I AnytouchRun: S2SMOKE-STEP index=2 type=click value={"text":"Bluetooth"}
      | 09-23 03:42:45.771 32765 32765 I AnytouchRun: S2SMOKE-TASK [{"action_id":"rec-0003","type":"click","target":null,"value":{"text":"Connected devices"},"source":"node","safety":{"viewport_ok":true,"click_enabled":true,"requires_transition":false}},{"action_id":"rec-0005","type":"click","target":null,"value":{"text":"Connection preferences"},"source":"node","safety":{"viewport_ok":true,"click_enabled":true,"requires_transition":false}},{"action_id":"rec-0006","type":"click","target":null,"value":{"text":"Bluetooth"},"source":"node","safety":{"viewport_ok":true,"click_enabled":true,"requires_transition":false}}]
[0;31mFAIL[0m R3 回放未达 [ok=3 total=3 stopped=false] :: []
[0;33m··[0m ===== 第 4/10 轮：录 → 编 → 放（3 步） =====
[0;33m··[0m 预走坐标可复用：S2_COORDS='412 1090|343 1120|302 786'
[0;33m··[0m 编译产物：09-23 03:45:32.264 32765 32765 I AnytouchRun: S2SMOKE compiled ok actions=3 drops=0 merged=0 events=9 target=com.android.settings
     09-23 03:45:23.282 32765 32765 W AnytouchRun: S2SMOKE capture note: viewScrolled 无位移证据 pkg=com.android.settings id=com.android.settings:id/recycler_view delta=0x0 pos=0x0 max=0x0（布局重排，不成步）
     09-23 03:45:26.296 32765 32765 W AnytouchRun: S2SMOKE capture note: viewScrolled 无位移证据 pkg=com.android.settings id=com.android.settings:id/recycler_view delta=0x0 pos=0x0 max=0x0（布局重排，不成步）
     09-23 03:45:29.730 32765 32765 W AnytouchRun: S2SMOKE capture note: viewScrolled 无位移证据 pkg=com.android.settings id=com.android.settings:id/recycler_view delta=0x0 pos=0x0 max=0x0（布局重排，不成步）
     09-23 03:45:32.265 32765 32765 I AnytouchRun: S2SMOKE-STEP index=0 type=click value={"text":"Connected devices"}
     09-23 03:45:32.266 32765 32765 I AnytouchRun: S2SMOKE-STEP index=1 type=click value={"text":"Connection preferences"}
     09-23 03:45:32.273 32765 32765 I AnytouchRun: S2SMOKE-STEP index=2 type=click value={"text":"Bluetooth"}
      | 09-23 03:45:20.667 32765 32765 I AnytouchRun: S2SMOKE record start target=com.android.settings
      | 09-23 03:45:22.832 32765 32765 I AnytouchRun: S2SMOKE event-meta viewClicked evt=android.widget.LinearLayout/Connected devices|Bluetooth, pairing/null src=android.widget.LinearLayout/null/null id=null
      | 09-23 03:45:22.852 32765 32765 I AnytouchRun: S2SMOKE clue=path source=android.widget.LinearLayout id=null titles=0 texts=0 descs=0
      | 09-23 03:45:23.125 32765 32765 I AnytouchRun: S2SMOKE clue=event-copy 转场重扫第 1 次落定: word=Connected devices 字段=text
      | 09-23 03:45:23.125 32765 32765 I AnytouchRun: S2SMOKE clue=event-copy(窗口唯一，替代脆 path=[0, 0, 0, 1, 0, 1, 0, 0, 0, 1]): text=Connected devices desc=null
      | 09-23 03:45:23.274 32765 32765 I AnytouchRun: S2SMOKE event-meta viewScrolled evt=androidx.recyclerview.widget.RecyclerView/null/null src=androidx.recyclerview.widget.RecyclerView/null/null id=com.android.settings:id/recycler_view
      | 09-23 03:45:23.282 32765 32765 W AnytouchRun: S2SMOKE capture note: viewScrolled 无位移证据 pkg=com.android.settings id=com.android.settings:id/recycler_view delta=0x0 pos=0x0 max=0x0（布局重排，不成步）
      | 09-23 03:45:26.100 32765 32765 I AnytouchRun: S2SMOKE event-meta viewClicked evt=android.widget.LinearLayout/Connection preferences|Bluetooth, Android Auto/null src=android.widget.LinearLayout/null/null id=null
      | 09-23 03:45:26.207 32765 32765 I AnytouchRun: S2SMOKE path by root-search(父链断裂): [0, 0, 0, 1, 0, 0, 0, 0, 0, 4] roots=1
      | 09-23 03:45:26.279 32765 32765 I AnytouchRun: S2SMOKE event-meta viewScrolled evt=androidx.recyclerview.widget.RecyclerView/null/null src=androidx.recyclerview.widget.RecyclerView/null/null id=com.android.settings:id/recycler_view
      | 09-23 03:45:26.296 32765 32765 W AnytouchRun: S2SMOKE capture note: viewScrolled 无位移证据 pkg=com.android.settings id=com.android.settings:id/recycler_view delta=0x0 pos=0x0 max=0x0（布局重排，不成步）
      | 09-23 03:45:29.418 32765 32765 I AnytouchRun: S2SMOKE event-meta viewClicked evt=android.widget.LinearLayout/Bluetooth/null src=android.widget.LinearLayout/null/null id=null
      | 09-23 03:45:29.561 32765 32765 I AnytouchRun: S2SMOKE content no-match(严档 kids=2/句柄子树): want=[Bluetooth] 同cls节点=14 roots=1 near=[0] kids=1 texts=([Bluetooth, Use Bluetooth], [Bluetooth, Navigate up]) || [0, 0, 0, 0] kids=1 texts=([Bluetooth], [Bluetooth, Navigate up]) || [0, 0, 0, 1, 0] kids=2 texts=([Device name, Pair new device, Use Bluetooth, When Bluetooth is turned on, your device can communicate with other nearby Bluetooth devices., sdk_gphone64_x86_64], [])
      | 09-23 03:45:29.588 32765 32765 I AnytouchRun: S2SMOKE content no-match(宽档/句柄子树): want=[Bluetooth] 同cls节点=14 roots=1 near=[0] kids=1 texts=([Bluetooth, Use Bluetooth], [Bluetooth, Navigate up]) || [0, 0, 0, 0] kids=1 texts=([Bluetooth], [Bluetooth, Navigate up]) || [0, 0, 0, 1, 0] kids=2 texts=([Device name, Pair new device, Use Bluetooth, When Bluetooth is turned on, your device can communicate with other nearby Bluetooth devices., sdk_gphone64_x86_64], [])
      | 09-23 03:45:29.606 32765 32765 I AnytouchRun: S2SMOKE content no-match(严档 kids=2/事件拷贝): want=[Bluetooth] 同cls节点=14 roots=1 near=[0] kids=1 texts=([Bluetooth, Use Bluetooth], [Bluetooth, Navigate up]) || [0, 0, 0, 0] kids=1 texts=([Bluetooth], [Bluetooth, Navigate up]) || [0, 0, 0, 1, 0] kids=2 texts=([Device name, Pair new device, Use Bluetooth, When Bluetooth is turned on, your device can communicate with other nearby Bluetooth devices., sdk_gphone64_x86_64], [])
      | 09-23 03:45:29.618 32765 32765 I AnytouchRun: S2SMOKE content no-match(宽档/事件拷贝): want=[Bluetooth] 同cls节点=14 roots=1 near=[0] kids=1 texts=([Bluetooth, Use Bluetooth], [Bluetooth, Navigate up]) || [0, 0, 0, 0] kids=1 texts=([Bluetooth], [Bluetooth, Navigate up]) || [0, 0, 0, 1, 0] kids=2 texts=([Device name, Pair new device, Use Bluetooth, When Bluetooth is turned on, your device can communicate with other nearby Bluetooth devices., sdk_gphone64_x86_64], [])
      | 09-23 03:45:29.622 32765 32765 W AnytouchRun: S2SMOKE path unprovable: src=android.widget.LinearLayout(null,null)kids=2pkg=com.android.settingstext=null evt=android.widget.LinearLayout/[Bluetooth]/null walkDepth=10 roots=android.widget.FrameLayout(1555,null)kids=1pkg=com.android.settingstext=null
      | 09-23 03:45:29.651 32765 32765 I AnytouchRun: S2SMOKE path=chain-unanchored(仅作去抖/折叠键，回放定位走线索): [0, 0, 0, 1, 0, 0, 0, 0, 0, 0] id=null text=Bluetooth desc=null
      | 09-23 03:45:29.728 32765 32765 I AnytouchRun: S2SMOKE event-meta viewScrolled evt=androidx.recyclerview.widget.RecyclerView/null/null src=androidx.recyclerview.widget.RecyclerView/null/null id=com.android.settings:id/recycler_view
      | 09-23 03:45:29.730 32765 32765 W AnytouchRun: S2SMOKE capture note: viewScrolled 无位移证据 pkg=com.android.settings id=com.android.settings:id/recycler_view delta=0x0 pos=0x0 max=0x0（布局重排，不成步）
      | 09-23 03:45:32.264 32765 32765 I AnytouchRun: S2SMOKE compiled ok actions=3 drops=0 merged=0 events=9 target=com.android.settings
      | 09-23 03:45:32.265 32765 32765 I AnytouchRun: S2SMOKE-STEP index=0 type=click value={"text":"Connected devices"}
      | 09-23 03:45:32.266 32765 32765 I AnytouchRun: S2SMOKE-STEP index=1 type=click value={"text":"Connection preferences"}
      | 09-23 03:45:32.273 32765 32765 I AnytouchRun: S2SMOKE-STEP index=2 type=click value={"text":"Bluetooth"}
      | 09-23 03:45:32.273 32765 32765 I AnytouchRun: S2SMOKE-TASK [{"action_id":"rec-0003","type":"click","target":null,"value":{"text":"Connected devices"},"source":"node","safety":{"viewport_ok":true,"click_enabled":true,"requires_transition":false}},{"action_id":"rec-0005","type":"click","target":null,"value":{"text":"Connection preferences"},"source":"node","safety":{"viewport_ok":true,"click_enabled":true,"requires_transition":false}},{"action_id":"rec-0007","type":"click","target":null,"value":{"text":"Bluetooth"},"source":"node","safety":{"viewport_ok":true,"click_enabled":true,"requires_transition":false}}]
[0;32mPASS[0m R4 录→编→放全绿 :: 09-23 03:45:43.742 32765 32765 I AnytouchRun: S1SMOKE ok=3 total=3 stopped=false stop=-
[0;33m··[0m ===== 第 5/10 轮：录 → 编 → 放（3 步） =====
[0;33m··[0m 预走坐标可复用：S2_COORDS='412 1090|343 1120|302 786'
[0;33m··[0m 编译产物：09-23 03:46:28.095 32765 32765 I AnytouchRun: S2SMOKE compiled ok actions=3 drops=0 merged=0 events=9 target=com.android.settings
     09-23 03:46:19.078 32765 32765 W AnytouchRun: S2SMOKE capture note: viewScrolled 无位移证据 pkg=com.android.settings id=com.android.settings:id/recycler_view delta=0x0 pos=0x0 max=0x0（布局重排，不成步）
     09-23 03:46:22.183 32765 32765 W AnytouchRun: S2SMOKE capture note: viewScrolled 无位移证据 pkg=com.android.settings id=com.android.settings:id/recycler_view delta=0x0 pos=0x0 max=0x0（布局重排，不成步）
     09-23 03:46:25.602 32765 32765 W AnytouchRun: S2SMOKE capture note: viewScrolled 无位移证据 pkg=com.android.settings id=com.android.settings:id/recycler_view delta=0x0 pos=0x0 max=0x0（布局重排，不成步）
     09-23 03:46:28.095 32765 32765 I AnytouchRun: S2SMOKE-STEP index=0 type=click value={"text":"Connected devices"}
     09-23 03:46:28.095 32765 32765 I AnytouchRun: S2SMOKE-STEP index=1 type=click value={"text":"Connection preferences"}
     09-23 03:46:28.095 32765 32765 I AnytouchRun: S2SMOKE-STEP index=2 type=click value={"text":"Bluetooth"}
      | 09-23 03:46:16.500 32765 32765 I AnytouchRun: S2SMOKE record start target=com.android.settings
      | 09-23 03:46:18.592 32765 32765 I AnytouchRun: S2SMOKE event-meta viewClicked evt=android.widget.LinearLayout/Connected devices|Bluetooth, pairing/null src=android.widget.LinearLayout/null/null id=null
      | 09-23 03:46:18.628 32765 32765 I AnytouchRun: S2SMOKE clue=path source=android.widget.LinearLayout id=null titles=0 texts=0 descs=0
      | 09-23 03:46:18.967 32765 32765 I AnytouchRun: S2SMOKE clue=event-copy 转场重扫第 1 次落定: word=Connected devices 字段=text
      | 09-23 03:46:18.968 32765 32765 I AnytouchRun: S2SMOKE clue=event-copy(窗口唯一，替代脆 path=[0, 0, 0, 1, 0, 1, 0, 0, 0, 1]): text=Connected devices desc=null
      | 09-23 03:46:19.068 32765 32765 I AnytouchRun: S2SMOKE event-meta viewScrolled evt=androidx.recyclerview.widget.RecyclerView/null/null src=androidx.recyclerview.widget.RecyclerView/null/null id=com.android.settings:id/recycler_view
      | 09-23 03:46:19.078 32765 32765 W AnytouchRun: S2SMOKE capture note: viewScrolled 无位移证据 pkg=com.android.settings id=com.android.settings:id/recycler_view delta=0x0 pos=0x0 max=0x0（布局重排，不成步）
      | 09-23 03:46:21.913 32765 32765 I AnytouchRun: S2SMOKE event-meta viewClicked evt=android.widget.LinearLayout/Connection preferences|Bluetooth, Android Auto/null src=android.widget.LinearLayout/null/null id=null
      | 09-23 03:46:21.955 32765 32765 I AnytouchRun: S2SMOKE clue=path source=android.widget.LinearLayout id=null titles=0 texts=0 descs=0
      | 09-23 03:46:22.116 32765 32765 I AnytouchRun: S2SMOKE clue=event-copy 转场重扫第 1 次落定: word=Connection preferences 字段=text
      | 09-23 03:46:22.117 32765 32765 I AnytouchRun: S2SMOKE clue=event-copy(窗口唯一，替代脆 path=[0, 0, 0, 1, 0, 0, 0, 0, 0, 4]): text=Connection preferences desc=null
      | 09-23 03:46:22.135 32765 32765 I AnytouchRun: S2SMOKE event-meta viewScrolled evt=androidx.recyclerview.widget.RecyclerView/null/null src=androidx.recyclerview.widget.RecyclerView/null/null id=com.android.settings:id/recycler_view
      | 09-23 03:46:22.183 32765 32765 W AnytouchRun: S2SMOKE capture note: viewScrolled 无位移证据 pkg=com.android.settings id=com.android.settings:id/recycler_view delta=0x0 pos=0x0 max=0x0（布局重排，不成步）
      | 09-23 03:46:25.265 32765 32765 I AnytouchRun: S2SMOKE event-meta viewClicked evt=android.widget.LinearLayout/Bluetooth/null src=android.widget.LinearLayout/null/null id=null
      | 09-23 03:46:25.401 32765 32765 I AnytouchRun: S2SMOKE content no-match(严档 kids=2/句柄子树): want=[Bluetooth] 同cls节点=14 roots=1 near=[0] kids=1 texts=([Bluetooth, Use Bluetooth], [Bluetooth, Navigate up]) || [0, 0, 0, 0] kids=1 texts=([Bluetooth], [Bluetooth, Navigate up]) || [0, 0, 0, 1, 0] kids=2 texts=([Device name, Pair new device, Use Bluetooth, When Bluetooth is turned on, your device can communicate with other nearby Bluetooth devices., sdk_gphone64_x86_64], [])
      | 09-23 03:46:25.450 32765 32765 I AnytouchRun: S2SMOKE content no-match(宽档/句柄子树): want=[Bluetooth] 同cls节点=14 roots=1 near=[0] kids=1 texts=([Bluetooth, Use Bluetooth], [Bluetooth, Navigate up]) || [0, 0, 0, 0] kids=1 texts=([Bluetooth], [Bluetooth, Navigate up]) || [0, 0, 0, 1, 0] kids=2 texts=([Device name, Pair new device, Use Bluetooth, When Bluetooth is turned on, your device can communicate with other nearby Bluetooth devices., sdk_gphone64_x86_64], [])
      | 09-23 03:46:25.458 32765 32765 I AnytouchRun: S2SMOKE content no-match(严档 kids=2/事件拷贝): want=[Bluetooth] 同cls节点=14 roots=1 near=[0] kids=1 texts=([Bluetooth, Use Bluetooth], [Bluetooth, Navigate up]) || [0, 0, 0, 0] kids=1 texts=([Bluetooth], [Bluetooth, Navigate up]) || [0, 0, 0, 1, 0] kids=2 texts=([Device name, Pair new device, Use Bluetooth, When Bluetooth is turned on, your device can communicate with other nearby Bluetooth devices., sdk_gphone64_x86_64], [])
      | 09-23 03:46:25.474 32765 32765 I AnytouchRun: S2SMOKE content no-match(宽档/事件拷贝): want=[Bluetooth] 同cls节点=14 roots=1 near=[0] kids=1 texts=([Bluetooth, Use Bluetooth], [Bluetooth, Navigate up]) || [0, 0, 0, 0] kids=1 texts=([Bluetooth], [Bluetooth, Navigate up]) || [0, 0, 0, 1, 0] kids=2 texts=([Device name, Pair new device, Use Bluetooth, When Bluetooth is turned on, your device can communicate with other nearby Bluetooth devices., sdk_gphone64_x86_64], [])
      | 09-23 03:46:25.477 32765 32765 W AnytouchRun: S2SMOKE path unprovable: src=android.widget.LinearLayout(null,null)kids=2pkg=com.android.settingstext=null evt=android.widget.LinearLayout/[Bluetooth]/null walkDepth=10 roots=android.widget.FrameLayout(1576,null)kids=1pkg=com.android.settingstext=null
      | 09-23 03:46:25.495 32765 32765 I AnytouchRun: S2SMOKE path=chain-unanchored(仅作去抖/折叠键，回放定位走线索): [0, 0, 0, 1, 0, 0, 0, 0, 0, 0] id=null text=Bluetooth desc=null
      | 09-23 03:46:25.599 32765 32765 I AnytouchRun: S2SMOKE event-meta viewScrolled evt=androidx.recyclerview.widget.RecyclerView/null/null src=androidx.recyclerview.widget.RecyclerView/null/null id=com.android.settings:id/recycler_view
      | 09-23 03:46:25.602 32765 32765 W AnytouchRun: S2SMOKE capture note: viewScrolled 无位移证据 pkg=com.android.settings id=com.android.settings:id/recycler_view delta=0x0 pos=0x0 max=0x0（布局重排，不成步）
      | 09-23 03:46:28.095 32765 32765 I AnytouchRun: S2SMOKE compiled ok actions=3 drops=0 merged=0 events=9 target=com.android.settings
      | 09-23 03:46:28.095 32765 32765 I AnytouchRun: S2SMOKE-STEP index=0 type=click value={"text":"Connected devices"}
      | 09-23 03:46:28.095 32765 32765 I AnytouchRun: S2SMOKE-STEP index=1 type=click value={"text":"Connection preferences"}
      | 09-23 03:46:28.095 32765 32765 I AnytouchRun: S2SMOKE-STEP index=2 type=click value={"text":"Bluetooth"}
      | 09-23 03:46:28.096 32765 32765 I AnytouchRun: S2SMOKE-TASK [{"action_id":"rec-0003","type":"click","target":null,"value":{"text":"Connected devices"},"source":"node","safety":{"viewport_ok":true,"click_enabled":true,"requires_transition":false}},{"action_id":"rec-0005","type":"click","target":null,"value":{"text":"Connection preferences"},"source":"node","safety":{"viewport_ok":true,"click_enabled":true,"requires_transition":false}},{"action_id":"rec-0007","type":"click","target":null,"value":{"text":"Bluetooth"},"source":"node","safety":{"viewport_ok":true,"click_enabled":true,"requires_transition":false}}]
[0;32mPASS[0m R5 录→编→放全绿 :: 09-23 03:46:39.928 32765 32765 I AnytouchRun: S1SMOKE ok=3 total=3 stopped=false stop=-
[0;33m··[0m ===== 第 6/10 轮：录 → 编 → 放（3 步） =====
[0;33m··[0m 预走坐标可复用：S2_COORDS='412 1090|343 1120|302 786'
[0;33m··[0m 编译产物：09-23 03:47:24.098 32765 32765 I AnytouchRun: S2SMOKE compiled ok actions=3 drops=0 merged=0 events=9 target=com.android.settings
     09-23 03:47:15.024 32765 32765 W AnytouchRun: S2SMOKE capture note: viewScrolled 无位移证据 pkg=com.android.settings id=com.android.settings:id/recycler_view delta=0x0 pos=0x0 max=0x0（布局重排，不成步）
     09-23 03:47:18.129 32765 32765 W AnytouchRun: S2SMOKE capture note: viewScrolled 无位移证据 pkg=com.android.settings id=com.android.settings:id/recycler_view delta=0x0 pos=0x0 max=0x0（布局重排，不成步）
     09-23 03:47:21.520 32765 32765 W AnytouchRun: S2SMOKE capture note: viewScrolled 无位移证据 pkg=com.android.settings id=com.android.settings:id/recycler_view delta=0x0 pos=0x0 max=0x0（布局重排，不成步）
     09-23 03:47:24.098 32765 32765 I AnytouchRun: S2SMOKE-STEP index=0 type=click value={"text":"Connected devices"}
     09-23 03:47:24.099 32765 32765 I AnytouchRun: S2SMOKE-STEP index=1 type=click value={"text":"Connection preferences"}
     09-23 03:47:24.099 32765 32765 I AnytouchRun: S2SMOKE-STEP index=2 type=click value={"text":"Bluetooth"}
      | 09-23 03:47:12.503 32765 32765 I AnytouchRun: S2SMOKE record start target=com.android.settings
      | 09-23 03:47:14.672 32765 32765 I AnytouchRun: S2SMOKE event-meta viewClicked evt=android.widget.LinearLayout/Connected devices|Bluetooth, pairing/null src=android.widget.LinearLayout/null/null id=null
      | 09-23 03:47:14.962 32765 32765 I AnytouchRun: S2SMOKE event-meta viewScrolled evt=androidx.recyclerview.widget.RecyclerView/null/null src=androidx.recyclerview.widget.RecyclerView/null/null id=com.android.settings:id/recycler_view
      | 09-23 03:47:15.024 32765 32765 W AnytouchRun: S2SMOKE capture note: viewScrolled 无位移证据 pkg=com.android.settings id=com.android.settings:id/recycler_view delta=0x0 pos=0x0 max=0x0（布局重排，不成步）
      | 09-23 03:47:17.879 32765 32765 I AnytouchRun: S2SMOKE event-meta viewClicked evt=android.widget.LinearLayout/Connection preferences|Bluetooth, Android Auto/null src=android.widget.LinearLayout/null/null id=null
      | 09-23 03:47:17.980 32765 32765 I AnytouchRun: S2SMOKE path by root-search(父链断裂): [0, 0, 0, 1, 0, 0, 0, 0, 0, 4] roots=1
      | 09-23 03:47:18.060 32765 32765 I AnytouchRun: S2SMOKE event-meta viewScrolled evt=androidx.recyclerview.widget.RecyclerView/null/null src=androidx.recyclerview.widget.RecyclerView/null/null id=com.android.settings:id/recycler_view
      | 09-23 03:47:18.129 32765 32765 W AnytouchRun: S2SMOKE capture note: viewScrolled 无位移证据 pkg=com.android.settings id=com.android.settings:id/recycler_view delta=0x0 pos=0x0 max=0x0（布局重排，不成步）
      | 09-23 03:47:21.227 32765 32765 I AnytouchRun: S2SMOKE event-meta viewClicked evt=android.widget.LinearLayout/Bluetooth/null src=android.widget.LinearLayout/null/null id=null
      | 09-23 03:47:21.335 32765 32765 I AnytouchRun: S2SMOKE content no-match(严档 kids=2/句柄子树): want=[Bluetooth] 同cls节点=14 roots=1 near=[0] kids=1 texts=([Bluetooth, Use Bluetooth], [Bluetooth, Navigate up]) || [0, 0, 0, 0] kids=1 texts=([Bluetooth], [Bluetooth, Navigate up]) || [0, 0, 0, 1, 0] kids=2 texts=([Device name, Pair new device, Use Bluetooth, When Bluetooth is turned on, your device can communicate with other nearby Bluetooth devices., sdk_gphone64_x86_64], [])
      | 09-23 03:47:21.353 32765 32765 I AnytouchRun: S2SMOKE content no-match(宽档/句柄子树): want=[Bluetooth] 同cls节点=14 roots=1 near=[0] kids=1 texts=([Bluetooth, Use Bluetooth], [Bluetooth, Navigate up]) || [0, 0, 0, 0] kids=1 texts=([Bluetooth], [Bluetooth, Navigate up]) || [0, 0, 0, 1, 0] kids=2 texts=([Device name, Pair new device, Use Bluetooth, When Bluetooth is turned on, your device can communicate with other nearby Bluetooth devices., sdk_gphone64_x86_64], [])
      | 09-23 03:47:21.377 32765 32765 I AnytouchRun: S2SMOKE content no-match(严档 kids=2/事件拷贝): want=[Bluetooth] 同cls节点=14 roots=1 near=[0] kids=1 texts=([Bluetooth, Use Bluetooth], [Bluetooth, Navigate up]) || [0, 0, 0, 0] kids=1 texts=([Bluetooth], [Bluetooth, Navigate up]) || [0, 0, 0, 1, 0] kids=2 texts=([Device name, Pair new device, Use Bluetooth, When Bluetooth is turned on, your device can communicate with other nearby Bluetooth devices., sdk_gphone64_x86_64], [])
      | 09-23 03:47:21.386 32765 32765 I AnytouchRun: S2SMOKE content no-match(宽档/事件拷贝): want=[Bluetooth] 同cls节点=14 roots=1 near=[0] kids=1 texts=([Bluetooth, Use Bluetooth], [Bluetooth, Navigate up]) || [0, 0, 0, 0] kids=1 texts=([Bluetooth], [Bluetooth, Navigate up]) || [0, 0, 0, 1, 0] kids=2 texts=([Device name, Pair new device, Use Bluetooth, When Bluetooth is turned on, your device can communicate with other nearby Bluetooth devices., sdk_gphone64_x86_64], [])
      | 09-23 03:47:21.396 32765 32765 W AnytouchRun: S2SMOKE path unprovable: src=android.widget.LinearLayout(null,null)kids=2pkg=com.android.settingstext=null evt=android.widget.LinearLayout/[Bluetooth]/null walkDepth=10 roots=android.widget.FrameLayout(1597,null)kids=1pkg=com.android.settingstext=null
      | 09-23 03:47:21.478 32765 32765 I AnytouchRun: S2SMOKE path=chain-unanchored(仅作去抖/折叠键，回放定位走线索): [0, 0, 0, 1, 0, 0, 0, 0, 0, 0] id=null text=Bluetooth desc=null
      | 09-23 03:47:21.518 32765 32765 I AnytouchRun: S2SMOKE event-meta viewScrolled evt=androidx.recyclerview.widget.RecyclerView/null/null src=androidx.recyclerview.widget.RecyclerView/null/null id=com.android.settings:id/recycler_view
      | 09-23 03:47:21.520 32765 32765 W AnytouchRun: S2SMOKE capture note: viewScrolled 无位移证据 pkg=com.android.settings id=com.android.settings:id/recycler_view delta=0x0 pos=0x0 max=0x0（布局重排，不成步）
      | 09-23 03:47:24.098 32765 32765 I AnytouchRun: S2SMOKE compiled ok actions=3 drops=0 merged=0 events=9 target=com.android.settings
      | 09-23 03:47:24.098 32765 32765 I AnytouchRun: S2SMOKE-STEP index=0 type=click value={"text":"Connected devices"}
      | 09-23 03:47:24.099 32765 32765 I AnytouchRun: S2SMOKE-STEP index=1 type=click value={"text":"Connection preferences"}
      | 09-23 03:47:24.099 32765 32765 I AnytouchRun: S2SMOKE-STEP index=2 type=click value={"text":"Bluetooth"}
      | 09-23 03:47:24.099 32765 32765 I AnytouchRun: S2SMOKE-TASK [{"action_id":"rec-0003","type":"click","target":null,"value":{"text":"Connected devices"},"source":"node","safety":{"viewport_ok":true,"click_enabled":true,"requires_transition":false}},{"action_id":"rec-0005","type":"click","target":null,"value":{"text":"Connection preferences"},"source":"node","safety":{"viewport_ok":true,"click_enabled":true,"requires_transition":false}},{"action_id":"rec-0007","type":"click","target":null,"value":{"text":"Bluetooth"},"source":"node","safety":{"viewport_ok":true,"click_enabled":true,"requires_transition":false}}]
[0;32mPASS[0m R6 录→编→放全绿 :: 09-23 03:47:35.799 32765 32765 I AnytouchRun: S1SMOKE ok=3 total=3 stopped=false stop=-
[0;33m··[0m ===== 第 7/10 轮：录 → 编 → 放（3 步） =====
[0;33m··[0m 预走坐标可复用：S2_COORDS='412 1090|343 1120|302 786'
[0;33m··[0m 编译产物：09-23 03:48:20.622 32765 32765 I AnytouchRun: S2SMOKE compiled ok actions=3 drops=0 merged=0 events=14 target=com.android.settings
     09-23 03:48:10.759 32765 32765 W AnytouchRun: S2SMOKE capture note: viewScrolled 无位移证据 pkg=com.android.settings id=com.android.settings:id/recycler_view delta=0x0 pos=0x0 max=0x0（布局重排，不成步）
     09-23 03:48:13.940 32765 32765 W AnytouchRun: S2SMOKE capture note: viewScrolled 无位移证据 pkg=com.android.settings id=com.android.settings:id/recycler_view delta=0x0 pos=0x0 max=0x0（布局重排，不成步）
     09-23 03:48:18.300 32765 32765 W AnytouchRun: S2SMOKE capture note: viewScrolled 无位移证据 pkg=com.android.settings id=com.android.settings:id/recycler_view delta=0x0 pos=0x0 max=0x0（布局重排，不成步）
     09-23 03:48:18.917 32765 32765 W AnytouchRun: S2SMOKE capture note: viewScrolled 无位移证据 pkg=com.android.settings id=com.android.settings:id/recycler_view delta=0x0 pos=0x0 max=0x0（布局重排，不成步）
     09-23 03:48:20.622 32765 32765 I AnytouchRun: S2SMOKE-STEP index=0 type=click value={"text":"Connected devices"}
     09-23 03:48:20.622 32765 32765 I AnytouchRun: S2SMOKE-STEP index=1 type=click value={"text":"Connection preferences"}
     09-23 03:48:20.622 32765 32765 I AnytouchRun: S2SMOKE-STEP index=2 type=click value={"text":"Network & internet"}
      | 09-23 03:48:08.304 32765 32765 I AnytouchRun: S2SMOKE record start target=com.android.settings
      | 09-23 03:48:10.287 32765 32765 I AnytouchRun: S2SMOKE event-meta viewClicked evt=android.widget.LinearLayout/Connected devices|Bluetooth, pairing/null src=android.widget.LinearLayout/null/null id=null
      | 09-23 03:48:10.634 32765 32765 I AnytouchRun: S2SMOKE event-meta viewScrolled evt=androidx.recyclerview.widget.RecyclerView/null/null src=androidx.recyclerview.widget.RecyclerView/null/null id=com.android.settings:id/recycler_view
      | 09-23 03:48:10.759 32765 32765 W AnytouchRun: S2SMOKE capture note: viewScrolled 无位移证据 pkg=com.android.settings id=com.android.settings:id/recycler_view delta=0x0 pos=0x0 max=0x0（布局重排，不成步）
      | 09-23 03:48:13.644 32765 32765 I AnytouchRun: S2SMOKE event-meta viewClicked evt=android.widget.LinearLayout/Connection preferences|Bluetooth, Android Auto/null src=android.widget.LinearLayout/null/null id=null
      | 09-23 03:48:13.839 32765 32765 I AnytouchRun: S2SMOKE event-meta viewScrolled evt=androidx.recyclerview.widget.RecyclerView/null/null src=androidx.recyclerview.widget.RecyclerView/null/null id=com.android.settings:id/recycler_view
      | 09-23 03:48:13.940 32765 32765 W AnytouchRun: S2SMOKE capture note: viewScrolled 无位移证据 pkg=com.android.settings id=com.android.settings:id/recycler_view delta=0x0 pos=0x0 max=0x0（布局重排，不成步）
      | 09-23 03:48:18.224 32765 32765 I AnytouchRun: S2SMOKE event-meta viewScrolled evt=androidx.recyclerview.widget.RecyclerView/null/null src=androidx.recyclerview.widget.RecyclerView/null/null id=com.android.settings:id/recycler_view
      | 09-23 03:48:18.296 32765 32765 I AnytouchRun: S2SMOKE path by root-search(父链断裂): [0, 0, 0, 1, 0, 1, 0, 0, 0] roots=1
      | 09-23 03:48:18.300 32765 32765 W AnytouchRun: S2SMOKE capture note: viewScrolled 无位移证据 pkg=com.android.settings id=com.android.settings:id/recycler_view delta=0x0 pos=0x0 max=0x0（布局重排，不成步）
      | 09-23 03:48:18.445 32765 32765 I AnytouchRun: S2SMOKE event-meta viewClicked evt=android.widget.LinearLayout/Network & internet|Mobile, Wi‑Fi, hotspot/null src=null/null/null id=null
      | 09-23 03:48:18.819 32765 32765 I AnytouchRun: S2SMOKE content no-match(严档 kids=-1/事件拷贝): want=[Mobile, Wi‑Fi, hotspot, Network & internet] 同cls节点=21 roots=1 near=[0] kids=1 texts=([Network & internet], [Navigate up, Network & internet]) || [0, 0, 0, 0] kids=1 texts=([Network & internet], [Navigate up, Network & internet]) || [0, 0, 0, 1, 0] kids=1 texts=([Internet], [])
      | 09-23 03:48:18.830 32765 32765 I AnytouchRun: S2SMOKE content no-match(宽档/事件拷贝): want=[Mobile, Wi‑Fi, hotspot, Network & internet] 同cls节点=21 roots=1 near=[0] kids=1 texts=([Network & internet], [Navigate up, Network & internet]) || [0, 0, 0, 0] kids=1 texts=([Network & internet], [Navigate up, Network & internet]) || [0, 0, 0, 1, 0] kids=1 texts=([Internet], [])
      | 09-23 03:48:18.834 32765 32765 W AnytouchRun: S2SMOKE path unprovable: src=null evt=android.widget.LinearLayout/[Network & internet, Mobile, Wi‑Fi, hotspot]/null walkDepth=-1 roots=android.widget.FrameLayout(1620,null)kids=1pkg=com.android.settingstext=null
      | 09-23 03:48:18.914 32765 32765 I AnytouchRun: S2SMOKE event-meta viewScrolled evt=androidx.recyclerview.widget.RecyclerView/null/null src=androidx.recyclerview.widget.RecyclerView/null/null id=com.android.settings:id/recycler_view
      | 09-23 03:48:18.917 32765 32765 W AnytouchRun: S2SMOKE capture note: viewScrolled 无位移证据 pkg=com.android.settings id=com.android.settings:id/recycler_view delta=0x0 pos=0x0 max=0x0（布局重排，不成步）
      | 09-23 03:48:20.622 32765 32765 I AnytouchRun: S2SMOKE compiled ok actions=3 drops=0 merged=0 events=14 target=com.android.settings
      | 09-23 03:48:20.622 32765 32765 I AnytouchRun: S2SMOKE-STEP index=0 type=click value={"text":"Connected devices"}
      | 09-23 03:48:20.622 32765 32765 I AnytouchRun: S2SMOKE-STEP index=1 type=click value={"text":"Connection preferences"}
      | 09-23 03:48:20.622 32765 32765 I AnytouchRun: S2SMOKE-STEP index=2 type=click value={"text":"Network & internet"}
      | 09-23 03:48:20.623 32765 32765 I AnytouchRun: S2SMOKE-TASK [{"action_id":"rec-0003","type":"click","target":null,"value":{"text":"Connected devices"},"source":"node","safety":{"viewport_ok":true,"click_enabled":true,"requires_transition":false}},{"action_id":"rec-0005","type":"click","target":null,"value":{"text":"Connection preferences"},"source":"node","safety":{"viewport_ok":true,"click_enabled":true,"requires_transition":false}},{"action_id":"rec-0011","type":"click","target":null,"value":{"text":"Network & internet"},"source":"node","safety":{"viewport_ok":true,"click_enabled":true,"requires_transition":false}}]
[0;31mFAIL[0m R7 回放未达 [ok=3 total=3 stopped=false] :: []
[0;33m··[0m ===== 第 8/10 轮：录 → 编 → 放（3 步） =====
[0;33m··[0m 预走坐标可复用：S2_COORDS='540 299|343 1120|302 786'
[0;33m··[0m 编译产物：09-23 03:51:10.762 32765 32765 I AnytouchRun: S2SMOKE compiled ok actions=1 drops=0 merged=0 events=5 target=com.android.settings
     09-23 03:51:05.052 32765 32765 W AnytouchRun: S2SMOKE capture note: viewScrolled 无位移证据 pkg=com.android.settings id=com.android.settings:id/recycler_view delta=0x0 pos=0x0 max=0x0（布局重排，不成步）
     09-23 03:51:10.762 32765 32765 I AnytouchRun: S2SMOKE-STEP index=0 type=click value={"text":"Connected devices"}
      | 09-23 03:50:59.333 32765 32765 I AnytouchRun: S2SMOKE record start target=com.android.settings
      | 09-23 03:51:04.771 32765 32765 I AnytouchRun: S2SMOKE event-meta viewClicked evt=android.widget.LinearLayout/Connected devices|Bluetooth, pairing/null src=android.widget.LinearLayout/null/null id=null
      | 09-23 03:51:04.938 32765 32765 I AnytouchRun: S2SMOKE path by unique content(严档/句柄子树): [0, 0, 0, 1, 0, 1, 0, 0, 0, 1] 窗口节点=51 cls=android.widget.LinearLayout texts=[Bluetooth, pairing, Connected devices]
      | 09-23 03:51:05.050 32765 32765 I AnytouchRun: S2SMOKE event-meta viewScrolled evt=androidx.recyclerview.widget.RecyclerView/null/null src=androidx.recyclerview.widget.RecyclerView/null/null id=com.android.settings:id/recycler_view
      | 09-23 03:51:05.052 32765 32765 W AnytouchRun: S2SMOKE capture note: viewScrolled 无位移证据 pkg=com.android.settings id=com.android.settings:id/recycler_view delta=0x0 pos=0x0 max=0x0（布局重排，不成步）
      | 09-23 03:51:10.762 32765 32765 I AnytouchRun: S2SMOKE compiled ok actions=1 drops=0 merged=0 events=5 target=com.android.settings
      | 09-23 03:51:10.762 32765 32765 I AnytouchRun: S2SMOKE-STEP index=0 type=click value={"text":"Connected devices"}
      | 09-23 03:51:10.763 32765 32765 I AnytouchRun: S2SMOKE-TASK [{"action_id":"rec-0003","type":"click","target":null,"value":{"text":"Connected devices"},"source":"node","safety":{"viewport_ok":true,"click_enabled":true,"requires_transition":false}}]
[0;31mFAIL[0m R8 录到 1 步 ≠ 人工 3 步
     09-23 03:51:05.052 32765 32765 W AnytouchRun: S2SMOKE capture note: viewScrolled 无位移证据 pkg=com.android.settings id=com.android.settings:id/recycler_view delta=0x0 pos=0x0 max=0x0（布局重排，不成步）
     09-23 03:51:10.762 32765 32765 I AnytouchRun: S2SMOKE-STEP index=0 type=click value={"text":"Connected devices"}
[0;32mPASS[0m R8 录→编→放全绿 :: 09-23 03:51:21.107 32765 32765 I AnytouchRun: S1SMOKE ok=1 total=1 stopped=false stop=-
[0;33m··[0m ===== 第 9/10 轮：录 → 编 → 放（3 步） =====
[0;33m··[0m 预走坐标可复用：S2_COORDS='412 1090|343 1120|302 786'
[0;33m··[0m 编译产物：09-23 03:52:10.496 32765 32765 I AnytouchRun: S2SMOKE compiled ok actions=4 drops=0 merged=0 events=16 target=com.android.settings
     09-23 03:51:58.823 32765 32765 W AnytouchRun: S2SMOKE capture note: viewScrolled 无位移证据 pkg=com.android.settings id=com.android.settings:id/recycler_view delta=0x0 pos=0x0 max=0x0（布局重排，不成步）
     09-23 03:52:02.247 32765 32765 W AnytouchRun: S2SMOKE capture note: viewScrolled 无位移证据 pkg=com.android.settings id=com.android.settings:id/recycler_view delta=0x0 pos=0x0 max=0x0（布局重排，不成步）
     09-23 03:52:08.170 32765 32765 W AnytouchRun: S2SMOKE capture note: viewScrolled 无位移证据 pkg=com.android.settings id=com.android.settings:id/recycler_view delta=0x0 pos=0x0 max=0x0（布局重排，不成步）
     09-23 03:52:08.675 32765 32765 W AnytouchRun: S2SMOKE capture note: viewScrolled 无位移证据 pkg=com.android.settings id=com.android.settings:id/recycler_view delta=0x0 pos=0x0 max=0x0（布局重排，不成步）
     09-23 03:52:10.496 32765 32765 I AnytouchRun: S2SMOKE-STEP index=0 type=click value={"text":"Connection preferences"}
     09-23 03:52:10.496 32765 32765 I AnytouchRun: S2SMOKE-STEP index=1 type=click value={"text":"Printing"}
     09-23 03:52:10.497 32765 32765 I AnytouchRun: S2SMOKE-STEP index=2 type=click value={"text":"Default Print Service"}
     09-23 03:52:10.497 32765 32765 I AnytouchRun: S2SMOKE-STEP index=3 type=click value={"text":"Network & internet"}
      | 09-23 03:51:56.542 32765 32765 I AnytouchRun: S2SMOKE record start target=com.android.settings
      | 09-23 03:51:58.607 32765 32765 I AnytouchRun: S2SMOKE event-meta viewClicked evt=android.widget.LinearLayout/Connection preferences|Bluetooth, Android Auto/null src=android.widget.LinearLayout/null/null id=null
      | 09-23 03:51:58.802 32765 32765 I AnytouchRun: S2SMOKE event-meta viewScrolled evt=androidx.recyclerview.widget.RecyclerView/null/null src=androidx.recyclerview.widget.RecyclerView/null/null id=com.android.settings:id/recycler_view
      | 09-23 03:51:58.823 32765 32765 W AnytouchRun: S2SMOKE capture note: viewScrolled 无位移证据 pkg=com.android.settings id=com.android.settings:id/recycler_view delta=0x0 pos=0x0 max=0x0（布局重排，不成步）
      | 09-23 03:51:59.592 32765 32765 W AnytouchRun: S2SMOKE record abandoned by service lifecycle, 已录事件保留可编译（不静默蒸发）
      | 09-23 03:52:00.634 32765 32765 W AnytouchRun: S2SMOKE record rebound: 服务重连后续采（掉线窗口内的事件已漏，见服务生命周期日志）
      | 09-23 03:52:01.948 32765 32765 I AnytouchRun: S2SMOKE event-meta viewClicked evt=android.widget.LinearLayout/Printing|1 print service on/null src=android.widget.LinearLayout/null/null id=null
      | 09-23 03:52:02.054 32765 32765 I AnytouchRun: S2SMOKE content no-match(严档 kids=2/句柄子树): want=[1 print service on, Printing] 同cls节点=11 roots=1 near=[0] kids=1 texts=([Printing], [Navigate up, Printing]) || [0, 0, 0, 0] kids=1 texts=([Printing], [Navigate up, Printing]) || [0, 0, 0, 1, 0] kids=1 texts=([Add service, Default Print Service, On, Print services], [])
      | 09-23 03:52:02.085 32765 32765 I AnytouchRun: S2SMOKE content no-match(宽档/句柄子树): want=[1 print service on, Printing] 同cls节点=11 roots=1 near=[0] kids=1 texts=([Printing], [Navigate up, Printing]) || [0, 0, 0, 0] kids=1 texts=([Printing], [Navigate up, Printing]) || [0, 0, 0, 1, 0] kids=1 texts=([Add service, Default Print Service, On, Print services], [])
      | 09-23 03:52:02.099 32765 32765 I AnytouchRun: S2SMOKE content no-match(严档 kids=2/事件拷贝): want=[1 print service on, Printing] 同cls节点=11 roots=1 near=[0] kids=1 texts=([Printing], [Navigate up, Printing]) || [0, 0, 0, 0] kids=1 texts=([Printing], [Navigate up, Printing]) || [0, 0, 0, 1, 0] kids=1 texts=([Add service, Default Print Service, On, Print services], [])
      | 09-23 03:52:02.103 32765 32765 I AnytouchRun: S2SMOKE content no-match(宽档/事件拷贝): want=[1 print service on, Printing] 同cls节点=11 roots=1 near=[0] kids=1 texts=([Printing], [Navigate up, Printing]) || [0, 0, 0, 0] kids=1 texts=([Printing], [Navigate up, Printing]) || [0, 0, 0, 1, 0] kids=1 texts=([Add service, Default Print Service, On, Print services], [])
      | 09-23 03:52:02.120 32765 32765 W AnytouchRun: S2SMOKE path unprovable: src=android.widget.LinearLayout(null,null)kids=2pkg=com.android.settingstext=null evt=android.widget.LinearLayout/[Printing, 1 print service on]/null walkDepth=10 roots=android.widget.FrameLayout(1697,null)kids=1pkg=com.android.settingstext=null
      | 09-23 03:52:02.154 32765 32765 I AnytouchRun: S2SMOKE path=chain-unanchored(仅作去抖/折叠键，回放定位走线索): [0, 0, 0, 1, 0, 0, 0, 0, 0, 2] id=null text=Printing desc=null
      | 09-23 03:52:02.235 32765 32765 I AnytouchRun: S2SMOKE event-meta viewScrolled evt=androidx.recyclerview.widget.RecyclerView/null/null src=androidx.recyclerview.widget.RecyclerView/null/null id=com.android.settings:id/recycler_view
      | 09-23 03:52:02.247 32765 32765 W AnytouchRun: S2SMOKE capture note: viewScrolled 无位移证据 pkg=com.android.settings id=com.android.settings:id/recycler_view delta=0x0 pos=0x0 max=0x0（布局重排，不成步）
      | 09-23 03:52:02.956 32765 32765 I AnytouchRun: S2SMOKE event-meta viewClicked evt=android.widget.LinearLayout/Default Print Service|On/null src=android.widget.LinearLayout/null/null id=null
      | 09-23 03:52:03.141 32765 32765 I AnytouchRun: S2SMOKE content no-match(严档 kids=2/句柄子树): want=[Default Print Service, On] 同cls节点=9 roots=1 near=[0] kids=1 texts=([Default Print Service, Use print service], [Default Print Service, More options, Navigate up]) || [0, 0, 0, 0] kids=1 texts=([Default Print Service], [Default Print Service, More options, Navigate up]) || [0, 0, 0, 1, 0] kids=2 texts=([Searching for printers, Use print service], [])
      | 09-23 03:52:03.147 32765 32765 I AnytouchRun: S2SMOKE content no-match(宽档/句柄子树): want=[Default Print Service, On] 同cls节点=9 roots=1 near=[0] kids=1 texts=([Default Print Service, Use print service], [Default Print Service, More options, Navigate up]) || [0, 0, 0, 0] kids=1 texts=([Default Print Service], [Default Print Service, More options, Navigate up]) || [0, 0, 0, 1, 0] kids=2 texts=([Searching for printers, Use print service], [])
      | 09-23 03:52:03.151 32765 32765 I AnytouchRun: S2SMOKE content no-match(严档 kids=2/事件拷贝): want=[Default Print Service, On] 同cls节点=9 roots=1 near=[0] kids=1 texts=([Default Print Service, Use print service], [Default Print Service, More options, Navigate up]) || [0, 0, 0, 0] kids=1 texts=([Default Print Service], [Default Print Service, More options, Navigate up]) || [0, 0, 0, 1, 0] kids=2 texts=([Searching for printers, Use print service], [])
      | 09-23 03:52:03.156 32765 32765 I AnytouchRun: S2SMOKE content no-match(宽档/事件拷贝): want=[Default Print Service, On] 同cls节点=9 roots=1 near=[0] kids=1 texts=([Default Print Service, Use print service], [Default Print Service, More options, Navigate up]) || [0, 0, 0, 0] kids=1 texts=([Default Print Service], [Default Print Service, More options, Navigate up]) || [0, 0, 0, 1, 0] kids=2 texts=([Searching for printers, Use print service], [])
      | 09-23 03:52:03.157 32765 32765 W AnytouchRun: S2SMOKE path unprovable: src=android.widget.LinearLayout(null,null)kids=2pkg=com.android.settingstext=null evt=android.widget.LinearLayout/[Default Print Service, On]/null walkDepth=10 roots=android.widget.FrameLayout(1698,null)kids=1pkg=com.android.settingstext=null
      | 09-23 03:52:03.224 32765 32765 I AnytouchRun: S2SMOKE path=chain-unanchored(仅作去抖/折叠键，回放定位走线索): [0, 0, 0, 1, 0, 0, 0, 0, 0, 1] id=null text=Default Print Service desc=null
      | 09-23 03:52:08.038 32765 32765 I AnytouchRun: S2SMOKE event-meta viewScrolled evt=androidx.recyclerview.widget.RecyclerView/null/null src=androidx.recyclerview.widget.RecyclerView/null/null id=com.android.settings:id/recycler_view
      | 09-23 03:52:08.166 32765 32765 I AnytouchRun: S2SMOKE path by root-search(父链断裂): [0, 0, 0, 1, 0, 1, 0, 0, 0] roots=1
      | 09-23 03:52:08.170 32765 32765 W AnytouchRun: S2SMOKE capture note: viewScrolled 无位移证据 pkg=com.android.settings id=com.android.settings:id/recycler_view delta=0x0 pos=0x0 max=0x0（布局重排，不成步）
      | 09-23 03:52:08.252 32765 32765 I AnytouchRun: S2SMOKE event-meta viewClicked evt=android.widget.LinearLayout/Network & internet|Mobile, Wi‑Fi, hotspot/null src=null/null/null id=null
      | 09-23 03:52:08.593 32765 32765 I AnytouchRun: S2SMOKE content no-match(严档 kids=-1/事件拷贝): want=[Mobile, Wi‑Fi, hotspot, Network & internet] 同cls节点=21 roots=1 near=[0] kids=1 texts=([Network & internet], [Navigate up, Network & internet]) || [0, 0, 0, 0] kids=1 texts=([Network & internet], [Navigate up, Network & internet]) || [0, 0, 0, 1, 0] kids=1 texts=([Internet], [])
      | 09-23 03:52:08.605 32765 32765 I AnytouchRun: S2SMOKE content no-match(宽档/事件拷贝): want=[Mobile, Wi‑Fi, hotspot, Network & internet] 同cls节点=21 roots=1 near=[0] kids=1 texts=([Network & internet], [Navigate up, Network & internet]) || [0, 0, 0, 0] kids=1 texts=([Network & internet], [Navigate up, Network & internet]) || [0, 0, 0, 1, 0] kids=1 texts=([Internet], [])
      | 09-23 03:52:08.620 32765 32765 W AnytouchRun: S2SMOKE path unprovable: src=null evt=android.widget.LinearLayout/[Network & internet, Mobile, Wi‑Fi, hotspot]/null walkDepth=-1 roots=android.widget.FrameLayout(1701,null)kids=1pkg=com.android.settingstext=null
      | 09-23 03:52:08.670 32765 32765 I AnytouchRun: S2SMOKE event-meta viewScrolled evt=androidx.recyclerview.widget.RecyclerView/null/null src=androidx.recyclerview.widget.RecyclerView/null/null id=com.android.settings:id/recycler_view
      | 09-23 03:52:08.675 32765 32765 W AnytouchRun: S2SMOKE capture note: viewScrolled 无位移证据 pkg=com.android.settings id=com.android.settings:id/recycler_view delta=0x0 pos=0x0 max=0x0（布局重排，不成步）
      | 09-23 03:52:10.496 32765 32765 I AnytouchRun: S2SMOKE compiled ok actions=4 drops=0 merged=0 events=16 target=com.android.settings
      | 09-23 03:52:10.496 32765 32765 I AnytouchRun: S2SMOKE-STEP index=0 type=click value={"text":"Connection preferences"}
      | 09-23 03:52:10.496 32765 32765 I AnytouchRun: S2SMOKE-STEP index=1 type=click value={"text":"Printing"}
      | 09-23 03:52:10.497 32765 32765 I AnytouchRun: S2SMOKE-STEP index=2 type=click value={"text":"Default Print Service"}
      | 09-23 03:52:10.497 32765 32765 I AnytouchRun: S2SMOKE-STEP index=3 type=click value={"text":"Network & internet"}
      | 09-23 03:52:10.497 32765 32765 I AnytouchRun: S2SMOKE-TASK [{"action_id":"rec-0003","type":"click","target":null,"value":{"text":"Connection preferences"},"source":"node","safety":{"viewport_ok":true,"click_enabled":true,"requires_transition":false}},{"action_id":"rec-0005","type":"click","target":null,"value":{"text":"Printing"},"source":"node","safety":{"viewport_ok":true,"click_enabled":true,"requires_transition":false}},{"action_id":"rec-0007","type":"click","target":null,"value":{"text":"Default Print Service"},"source":"node","safety":{"viewport_ok":true,"click_enabled":true,"requires_transition":false}},{"action_id":"rec-0014","type":"click","target":null,"value":{"text":"Network & internet"},"source":"node","safety":{"viewport_ok":true,"click_enabled":true,"requires_transition":false}}]
[0;31mFAIL[0m R9 录到 4 步 ≠ 人工 3 步
     09-23 03:52:03.157 32765 32765 W AnytouchRun: S2SMOKE path unprovable: src=android.widget.LinearLayout(null,null)kids=2pkg=com.android.settingstext=null evt=android.widget.LinearLayout/[Default Print Service, On]/null walkDepth=10 roots=android.widget.FrameLayout(1698,null)kids=1pkg=com.android.settingstext=null
     09-23 03:52:08.170 32765 32765 W AnytouchRun: S2SMOKE capture note: viewScrolled 无位移证据 pkg=com.android.settings id=com.android.settings:id/recycler_view delta=0x0 pos=0x0 max=0x0（布局重排，不成步）
     09-23 03:52:08.620 32765 32765 W AnytouchRun: S2SMOKE path unprovable: src=null evt=android.widget.LinearLayout/[Network & internet, Mobile, Wi‑Fi, hotspot]/null walkDepth=-1 roots=android.widget.FrameLayout(1701,null)kids=1pkg=com.android.settingstext=null
     09-23 03:52:08.675 32765 32765 W AnytouchRun: S2SMOKE capture note: viewScrolled 无位移证据 pkg=com.android.settings id=com.android.settings:id/recycler_view delta=0x0 pos=0x0 max=0x0（布局重排，不成步）
     09-23 03:52:10.496 32765 32765 I AnytouchRun: S2SMOKE-STEP index=0 type=click value={"text":"Connection preferences"}
     09-23 03:52:10.496 32765 32765 I AnytouchRun: S2SMOKE-STEP index=1 type=click value={"text":"Printing"}
     09-23 03:52:10.497 32765 32765 I AnytouchRun: S2SMOKE-STEP index=2 type=click value={"text":"Default Print Service"}
     09-23 03:52:10.497 32765 32765 I AnytouchRun: S2SMOKE-STEP index=3 type=click value={"text":"Network & internet"}
[0;32mPASS[0m R9 录→编→放全绿 :: 09-23 03:52:37.839 32765 32765 I AnytouchRun: S1SMOKE ok=4 total=4 stopped=false stop=-
[0;33m··[0m ===== 第 10/10 轮：录 → 编 → 放（3 步） =====
[0;31mFAIL[0m 预走阶段没找到 [Connection preferences]（第 2 步）——测试通道未就位，本轮不计产品失败面
scripts/s2-smoke.sh: line 314: syntax error near unexpected token `('
scripts/s2-smoke.sh: line 314: `if awk -v r="$ratio" -v p="$PASS_RATIO" 'BEGIN{exit !(r>=p)}'; then'
