[0;33m··[0m ===== SC 滚动采集：一次慢拖 = 一步 =====
09-23 04:15:38.868 32765 32765 W AnytouchRun: S2SMOKE capture note: viewScrolled 同手势合并（node=com.android.settings:id/main_content_scrollable_container dir=forward gap=83ms）
09-23 04:15:38.973 32765 32765 W AnytouchRun: S2SMOKE capture note: viewScrolled 同手势合并（node=com.android.settings:id/main_content_scrollable_container dir=forward gap=105ms）
09-23 04:15:41.802 32765 32765 I AnytouchRun: S2SMOKE-STEP index=0 type=scroll value={"resource_id":"com.android.settings:id/main_content_scrollable_container","direction":"forward"}
[0;32mPASS[0m SC 一次慢拖只成一步 :: 09-23 04:15:41.799 32765 32765 I AnytouchRun: S2SMOKE compiled ok actions=1 drops=0 merged=0 events=3 target=com.android.settings
[0;33m··[0m ===== 第 1/10 轮：录 → 编 → 放（3 步） =====
[0;33m··[0m 预走坐标可复用：S2_COORDS='412 1090|343 1120|302 786'
[0;33m··[0m 编译产物：09-23 04:16:28.563 32765 32765 I AnytouchRun: S2SMOKE compiled ok actions=3 drops=0 merged=0 events=8 target=com.android.settings
     09-23 04:16:19.782 32765 32765 W AnytouchRun: S2SMOKE capture note: viewScrolled 无位移证据 pkg=com.android.settings id=com.android.settings:id/recycler_view delta=0x0 pos=0x0 max=0x0（布局重排，不成步）
     09-23 04:16:22.887 32765 32765 W AnytouchRun: S2SMOKE capture note: viewScrolled 无位移证据 pkg=com.android.settings id=com.android.settings:id/recycler_view delta=0x0 pos=0x0 max=0x0（布局重排，不成步）
     09-23 04:16:25.961 32765 32765 W AnytouchRun: S2SMOKE capture note: viewScrolled 无位移证据 pkg=com.android.settings id=com.android.settings:id/recycler_view delta=0x0 pos=0x0 max=0x0（布局重排，不成步）
     09-23 04:16:28.564 32765 32765 I AnytouchRun: S2SMOKE-STEP index=0 type=click value={"text":"Connected devices"}
     09-23 04:16:28.565 32765 32765 I AnytouchRun: S2SMOKE-STEP index=1 type=click value={"text":"Connection preferences"}
     09-23 04:16:28.566 32765 32765 I AnytouchRun: S2SMOKE-STEP index=2 type=click value={"text":"Bluetooth"}
[0;32mPASS[0m R1 录→编→放全绿 :: 09-23 04:16:41.758 32765 32765 I AnytouchRun: S1SMOKE ok=3 total=3 stopped=false stop=-
[0;33m··[0m ===== 第 2/10 轮：录 → 编 → 放（3 步） =====
[0;33m··[0m 预走坐标可复用：S2_COORDS='412 1090|343 1120|302 786'
[0;33m··[0m 编译产物：09-23 04:17:30.332 32765 32765 I AnytouchRun: S2SMOKE compiled ok actions=3 drops=0 merged=0 events=9 target=com.android.settings
     09-23 04:17:21.551 32765 32765 W AnytouchRun: S2SMOKE capture note: viewScrolled 无位移证据 pkg=com.android.settings id=com.android.settings:id/recycler_view delta=0x0 pos=0x0 max=0x0（布局重排，不成步）
     09-23 04:17:24.512 32765 32765 W AnytouchRun: S2SMOKE capture note: viewScrolled 无位移证据 pkg=com.android.settings id=com.android.settings:id/recycler_view delta=0x0 pos=0x0 max=0x0（布局重排，不成步）
     09-23 04:17:27.664 32765 32765 W AnytouchRun: S2SMOKE capture note: viewScrolled 无位移证据 pkg=com.android.settings id=com.android.settings:id/recycler_view delta=0x0 pos=0x0 max=0x0（布局重排，不成步）
     09-23 04:17:30.333 32765 32765 I AnytouchRun: S2SMOKE-STEP index=0 type=click value={"text":"Connected devices"}
     09-23 04:17:30.335 32765 32765 I AnytouchRun: S2SMOKE-STEP index=1 type=click value={"text":"Connection preferences"}
     09-23 04:17:30.341 32765 32765 I AnytouchRun: S2SMOKE-STEP index=2 type=click value={"text":"Bluetooth"}
[0;32mPASS[0m R2 录→编→放全绿 :: 09-23 04:17:43.383 32765 32765 I AnytouchRun: S1SMOKE ok=3 total=3 stopped=false stop=-
[0;33m··[0m ===== 第 3/10 轮：录 → 编 → 放（3 步） =====
[0;33m··[0m 预走坐标可复用：S2_COORDS='412 1090|343 1120|302 786'
[0;33m··[0m 编译产物：09-23 04:18:31.426 32765 32765 I AnytouchRun: S2SMOKE compiled ok actions=3 drops=0 merged=0 events=9 target=com.android.settings
     09-23 04:18:22.669 32765 32765 W AnytouchRun: S2SMOKE capture note: viewScrolled 无位移证据 pkg=com.android.settings id=com.android.settings:id/recycler_view delta=0x0 pos=0x0 max=0x0（布局重排，不成步）
     09-23 04:18:25.579 32765 32765 W AnytouchRun: S2SMOKE capture note: viewScrolled 无位移证据 pkg=com.android.settings id=com.android.settings:id/recycler_view delta=0x0 pos=0x0 max=0x0（布局重排，不成步）
     09-23 04:18:28.766 32765 32765 W AnytouchRun: S2SMOKE capture note: viewScrolled 无位移证据 pkg=com.android.settings id=com.android.settings:id/recycler_view delta=0x0 pos=0x0 max=0x0（布局重排，不成步）
     09-23 04:18:31.426 32765 32765 I AnytouchRun: S2SMOKE-STEP index=0 type=click value={"text":"Connected devices"}
     09-23 04:18:31.426 32765 32765 I AnytouchRun: S2SMOKE-STEP index=1 type=click value={"text":"Connection preferences"}
     09-23 04:18:31.426 32765 32765 I AnytouchRun: S2SMOKE-STEP index=2 type=click value={"text":"Bluetooth"}
[0;32mPASS[0m R3 录→编→放全绿 :: 09-23 04:18:44.598 32765 32765 I AnytouchRun: S1SMOKE ok=3 total=3 stopped=false stop=-
[0;33m··[0m ===== 第 4/10 轮：录 → 编 → 放（3 步） =====
[0;33m··[0m 预走坐标可复用：S2_COORDS='412 1090|343 1120|302 786'
[0;33m··[0m 编译产物：09-23 04:19:32.449 32765 32765 I AnytouchRun: S2SMOKE compiled ok actions=3 drops=0 merged=0 events=8 target=com.android.settings
     09-23 04:19:23.609 32765 32765 W AnytouchRun: S2SMOKE capture note: viewScrolled 无位移证据 pkg=com.android.settings id=com.android.settings:id/recycler_view delta=0x0 pos=0x0 max=0x0（布局重排，不成步）
     09-23 04:19:26.689 32765 32765 W AnytouchRun: S2SMOKE capture note: viewScrolled 无位移证据 pkg=com.android.settings id=com.android.settings:id/recycler_view delta=0x0 pos=0x0 max=0x0（布局重排，不成步）
     09-23 04:19:29.904 32765 32765 W AnytouchRun: S2SMOKE capture note: viewScrolled 无位移证据 pkg=com.android.settings id=com.android.settings:id/recycler_view delta=0x0 pos=0x0 max=0x0（布局重排，不成步）
     09-23 04:19:32.449 32765 32765 I AnytouchRun: S2SMOKE-STEP index=0 type=click value={"text":"Connected devices"}
     09-23 04:19:32.450 32765 32765 I AnytouchRun: S2SMOKE-STEP index=1 type=click value={"text":"Connection preferences"}
     09-23 04:19:32.450 32765 32765 I AnytouchRun: S2SMOKE-STEP index=2 type=click value={"text":"Bluetooth"}
[0;32mPASS[0m R4 录→编→放全绿 :: 09-23 04:19:45.672 32765 32765 I AnytouchRun: S1SMOKE ok=3 total=3 stopped=false stop=-
[0;33m··[0m ===== 第 5/10 轮：录 → 编 → 放（3 步） =====
[0;33m··[0m 预走坐标可复用：S2_COORDS='412 1090|343 1120|302 786'
[0;33m··[0m 编译产物：09-23 04:20:32.999 32765 32765 I AnytouchRun: S2SMOKE compiled ok actions=3 drops=0 merged=0 events=9 target=com.android.settings
     09-23 04:20:24.278 32765 32765 W AnytouchRun: S2SMOKE capture note: viewScrolled 无位移证据 pkg=com.android.settings id=com.android.settings:id/recycler_view delta=0x0 pos=0x0 max=0x0（布局重排，不成步）
     09-23 04:20:27.303 32765 32765 W AnytouchRun: S2SMOKE capture note: viewScrolled 无位移证据 pkg=com.android.settings id=com.android.settings:id/recycler_view delta=0x0 pos=0x0 max=0x0（布局重排，不成步）
     09-23 04:20:30.500 32765 32765 W AnytouchRun: S2SMOKE capture note: viewScrolled 无位移证据 pkg=com.android.settings id=com.android.settings:id/recycler_view delta=0x0 pos=0x0 max=0x0（布局重排，不成步）
     09-23 04:20:32.999 32765 32765 I AnytouchRun: S2SMOKE-STEP index=0 type=click value={"text":"Connected devices"}
     09-23 04:20:33.005 32765 32765 I AnytouchRun: S2SMOKE-STEP index=1 type=click value={"text":"Connection preferences"}
     09-23 04:20:33.006 32765 32765 I AnytouchRun: S2SMOKE-STEP index=2 type=click value={"text":"Bluetooth"}
[0;32mPASS[0m R5 录→编→放全绿 :: 09-23 04:20:46.889 32765 32765 I AnytouchRun: S1SMOKE ok=3 total=3 stopped=false stop=-
[0;33m··[0m ===== 第 6/10 轮：录 → 编 → 放（3 步） =====
[0;33m··[0m 预走坐标可复用：S2_COORDS='412 1090|343 1120|302 786'
[0;33m··[0m 编译产物：09-23 04:21:36.624 32765 32765 I AnytouchRun: S2SMOKE compiled ok actions=3 drops=0 merged=0 events=9 target=com.android.settings
     09-23 04:21:28.007 32765 32765 W AnytouchRun: S2SMOKE capture note: viewScrolled 无位移证据 pkg=com.android.settings id=com.android.settings:id/recycler_view delta=0x0 pos=0x0 max=0x0（布局重排，不成步）
     09-23 04:21:31.114 32765 32765 W AnytouchRun: S2SMOKE capture note: viewScrolled 无位移证据 pkg=com.android.settings id=com.android.settings:id/recycler_view delta=0x0 pos=0x0 max=0x0（布局重排，不成步）
     09-23 04:21:34.196 32765 32765 W AnytouchRun: S2SMOKE capture note: viewScrolled 无位移证据 pkg=com.android.settings id=com.android.settings:id/recycler_view delta=0x0 pos=0x0 max=0x0（布局重排，不成步）
     09-23 04:21:36.624 32765 32765 I AnytouchRun: S2SMOKE-STEP index=0 type=click value={"text":"Connected devices"}
     09-23 04:21:36.624 32765 32765 I AnytouchRun: S2SMOKE-STEP index=1 type=click value={"text":"Connection preferences"}
     09-23 04:21:36.625 32765 32765 I AnytouchRun: S2SMOKE-STEP index=2 type=click value={"text":"Bluetooth"}
[0;32mPASS[0m R6 录→编→放全绿 :: 09-23 04:21:50.343 32765 32765 I AnytouchRun: S1SMOKE ok=3 total=3 stopped=false stop=-
[0;33m··[0m ===== 第 7/10 轮：录 → 编 → 放（3 步） =====
[0;33m··[0m 预走坐标可复用：S2_COORDS='412 1090|343 1120|302 786'
[0;33m··[0m 编译产物：09-23 04:22:38.858 32765 32765 I AnytouchRun: S2SMOKE compiled ok actions=3 drops=0 merged=0 events=9 target=com.android.settings
     09-23 04:22:30.159 32765 32765 W AnytouchRun: S2SMOKE capture note: viewScrolled 无位移证据 pkg=com.android.settings id=com.android.settings:id/recycler_view delta=0x0 pos=0x0 max=0x0（布局重排，不成步）
     09-23 04:22:33.254 32765 32765 W AnytouchRun: S2SMOKE capture note: viewScrolled 无位移证据 pkg=com.android.settings id=com.android.settings:id/recycler_view delta=0x0 pos=0x0 max=0x0（布局重排，不成步）
     09-23 04:22:36.374 32765 32765 W AnytouchRun: S2SMOKE capture note: viewScrolled 无位移证据 pkg=com.android.settings id=com.android.settings:id/recycler_view delta=0x0 pos=0x0 max=0x0（布局重排，不成步）
     09-23 04:22:38.861 32765 32765 I AnytouchRun: S2SMOKE-STEP index=0 type=click value={"text":"Connected devices"}
     09-23 04:22:38.861 32765 32765 I AnytouchRun: S2SMOKE-STEP index=1 type=click value={"text":"Connection preferences"}
     09-23 04:22:38.862 32765 32765 I AnytouchRun: S2SMOKE-STEP index=2 type=click value={"text":"Bluetooth"}
[0;32mPASS[0m R7 录→编→放全绿 :: 09-23 04:22:52.453 32765 32765 I AnytouchRun: S1SMOKE ok=3 total=3 stopped=false stop=-
[0;33m··[0m ===== 第 8/10 轮：录 → 编 → 放（3 步） =====
[0;33m··[0m 预走坐标可复用：S2_COORDS='412 1090|343 1120|302 786'
[0;33m··[0m 编译产物：09-23 04:23:40.798 32765 32765 I AnytouchRun: S2SMOKE compiled ok actions=3 drops=0 merged=0 events=9 target=com.android.settings
     09-23 04:23:32.097 32765 32765 W AnytouchRun: S2SMOKE capture note: viewScrolled 无位移证据 pkg=com.android.settings id=com.android.settings:id/recycler_view delta=0x0 pos=0x0 max=0x0（布局重排，不成步）
     09-23 04:23:35.333 32765 32765 W AnytouchRun: S2SMOKE capture note: viewScrolled 无位移证据 pkg=com.android.settings id=com.android.settings:id/recycler_view delta=0x0 pos=0x0 max=0x0（布局重排，不成步）
     09-23 04:23:38.347 32765 32765 W AnytouchRun: S2SMOKE capture note: viewScrolled 无位移证据 pkg=com.android.settings id=com.android.settings:id/recycler_view delta=0x0 pos=0x0 max=0x0（布局重排，不成步）
     09-23 04:23:40.801 32765 32765 I AnytouchRun: S2SMOKE-STEP index=0 type=click value={"text":"Connected devices"}
     09-23 04:23:40.801 32765 32765 I AnytouchRun: S2SMOKE-STEP index=1 type=click value={"text":"Connection preferences"}
     09-23 04:23:40.804 32765 32765 I AnytouchRun: S2SMOKE-STEP index=2 type=click value={"text":"Bluetooth"}
[0;32mPASS[0m R8 录→编→放全绿 :: 09-23 04:23:54.522 32765 32765 I AnytouchRun: S1SMOKE ok=3 total=3 stopped=false stop=-
[0;33m··[0m ===== 第 9/10 轮：录 → 编 → 放（3 步） =====
[0;33m··[0m 预走坐标可复用：S2_COORDS='412 1090|343 1120|302 786'
[0;33m··[0m 编译产物：09-23 04:24:43.017 32765 32765 I AnytouchRun: S2SMOKE compiled ok actions=3 drops=0 merged=0 events=9 target=com.android.settings
     09-23 04:24:34.195 32765 32765 W AnytouchRun: S2SMOKE capture note: viewScrolled 无位移证据 pkg=com.android.settings id=com.android.settings:id/recycler_view delta=0x0 pos=0x0 max=0x0（布局重排，不成步）
     09-23 04:24:37.208 32765 32765 W AnytouchRun: S2SMOKE capture note: viewScrolled 无位移证据 pkg=com.android.settings id=com.android.settings:id/recycler_view delta=0x0 pos=0x0 max=0x0（布局重排，不成步）
     09-23 04:24:40.556 32765 32765 W AnytouchRun: S2SMOKE capture note: viewScrolled 无位移证据 pkg=com.android.settings id=com.android.settings:id/recycler_view delta=0x0 pos=0x0 max=0x0（布局重排，不成步）
     09-23 04:24:43.017 32765 32765 I AnytouchRun: S2SMOKE-STEP index=0 type=click value={"text":"Connected devices"}
     09-23 04:24:43.018 32765 32765 I AnytouchRun: S2SMOKE-STEP index=1 type=click value={"text":"Connection preferences"}
     09-23 04:24:43.022 32765 32765 I AnytouchRun: S2SMOKE-STEP index=2 type=click value={"text":"Bluetooth"}
[0;32mPASS[0m R9 录→编→放全绿 :: 09-23 04:24:56.751 32765 32765 I AnytouchRun: S1SMOKE ok=3 total=3 stopped=false stop=-
[0;33m··[0m ===== 第 10/10 轮：录 → 编 → 放（3 步） =====
[0;33m··[0m 预走坐标可复用：S2_COORDS='412 1090|343 1120|302 786'
[0;33m··[0m 编译产物：09-23 04:25:44.733 32765 32765 I AnytouchRun: S2SMOKE compiled ok actions=3 drops=0 merged=0 events=8 target=com.android.settings
     09-23 04:25:35.919 32765 32765 W AnytouchRun: S2SMOKE capture note: viewScrolled 无位移证据 pkg=com.android.settings id=com.android.settings:id/recycler_view delta=0x0 pos=0x0 max=0x0（布局重排，不成步）
     09-23 04:25:38.904 32765 32765 W AnytouchRun: S2SMOKE capture note: viewScrolled 无位移证据 pkg=com.android.settings id=com.android.settings:id/recycler_view delta=0x0 pos=0x0 max=0x0（布局重排，不成步）
     09-23 04:25:42.115 32765 32765 W AnytouchRun: S2SMOKE capture note: viewScrolled 无位移证据 pkg=com.android.settings id=com.android.settings:id/recycler_view delta=0x0 pos=0x0 max=0x0（布局重排，不成步）
     09-23 04:25:44.733 32765 32765 I AnytouchRun: S2SMOKE-STEP index=0 type=click value={"text":"Connected devices"}
     09-23 04:25:44.734 32765 32765 I AnytouchRun: S2SMOKE-STEP index=1 type=click value={"text":"Connection preferences"}
     09-23 04:25:44.734 32765 32765 I AnytouchRun: S2SMOKE-STEP index=2 type=click value={"text":"Bluetooth"}
[0;32mPASS[0m R10 录→编→放全绿 :: 09-23 04:25:58.148 32765 32765 I AnytouchRun: S1SMOKE ok=3 total=3 stopped=false stop=-

[0;32mPASS[0m S2 闭环达标：10/10 轮全绿（ratio=1.00 ≥ 0.9）
